#-----------------------------------------------------------
# Vivado v2021.1 (64-bit)
# SW Build 3247384 on Thu Jun 10 19:36:07 MDT 2021
# IP Build 3246043 on Fri Jun 11 00:30:35 MDT 2021
# Start of session at: Sun Nov 10 09:54:43 2024
# Process ID: 979985
# Current directory: /home/bharathwaj/Research/fpgaStuff/xilinx/openWifiPacketFilter/WhiteShark/openwifi-hw/boards/zed_fmcs2
# Command line: vivado -source ./ip_repo_gen.tcl
# Log file: /home/bharathwaj/Research/fpgaStuff/xilinx/openWifiPacketFilter/WhiteShark/openwifi-hw/boards/zed_fmcs2/vivado.log
# Journal file: /home/bharathwaj/Research/fpgaStuff/xilinx/openWifiPacketFilter/WhiteShark/openwifi-hw/boards/zed_fmcs2/vivado.jou
#-----------------------------------------------------------
start_gui
source ./ip_repo_gen.tcl
pwd
source ./openwifi.tcl
update_compile_order -fileset sources_1
close_bd_design [get_bd_designs system]
launch_runs impl_1 -to_step write_bitstream -jobs 4
wait_on_run impl_1
open_bd_design {/home/bharathwaj/Research/fpgaStuff/xilinx/openWifiPacketFilter/WhiteShark/openwifi-hw/boards/zed_fmcs2/src/system.bd}
write_bd_layout -format pdf -orientation landscape /home/bharathwaj/Downloads/system.pdf
close_bd_design [get_bd_designs system]
close_project
