#-----------------------------------------------------------
# Vivado v2021.1 (64-bit)
# SW Build 3247384 on Thu Jun 10 19:36:07 MDT 2021
# IP Build 3246043 on Fri Jun 11 00:30:35 MDT 2021
# Start of session at: Fri Nov 15 19:18:48 2024
# Process ID: 1466004
# Current directory: /home/bharathwaj/Research/fpgaStuff/xilinx/openWifiPacketFilter/WhiteShark/zed_fmcs2
# Command line: vivado
# Log file: /home/bharathwaj/Research/fpgaStuff/xilinx/openWifiPacketFilter/WhiteShark/zed_fmcs2/vivado.log
# Journal file: /home/bharathwaj/Research/fpgaStuff/xilinx/openWifiPacketFilter/WhiteShark/zed_fmcs2/vivado.jou
#-----------------------------------------------------------
start_gui
open_project /home/bharathwaj/Research/fpgaStuff/xilinx/openWifiPacketFilter/WhiteShark/zed_fmcs2/openwifi_zed_fmcs2/openwifi_zed_fmcs2.xpr
update_compile_order -fileset sources_1
reset_run synth_1
launch_runs impl_1 -to_step write_bitstream -jobs 4
wait_on_run impl_1
open_bd_design {/home/bharathwaj/Research/fpgaStuff/xilinx/openWifiPacketFilter/WhiteShark/zed_fmcs2/src/system.bd}
open_bd_design {/home/bharathwaj/Research/fpgaStuff/xilinx/openWifiPacketFilter/WhiteShark/zed_fmcs2/src/system.bd}
close_bd_design [get_bd_designs system]
close_project
open_project /home/bharathwaj/Research/fpgaStuff/xilinx/openWifiPacketFilter/WhiteShark/zed_fmcs2/openwifi_zed_fmcs2/openwifi_zed_fmcs2.xpr
update_compile_order -fileset sources_1
open_bd_design {/home/bharathwaj/Research/fpgaStuff/xilinx/openWifiPacketFilter/WhiteShark/zed_fmcs2/src/system.bd}
close_project
