07:26:35 **** Build of configuration Debug for project app ****
make all 
make --no-print-directory pre-build
a9-linaro-pre-build-step
 
make --no-print-directory main-build
Building file: ../noos/util/no_os_alloc.c
Invoking: ARM v7 gcc compiler
arm-none-eabi-gcc -DDISABLE_SECURE_SOCKET -DNO_OS_PROJECT=ad9361 -DNO_OS_VERSION=tags/last_commit-7eda53e3d -DXILINX_PLATFORM -Wall -O0 -g3 -I/home/bharathwaj/Research/fpgaStuff/xilinx/softwareDefinedRadio/WhiteShark/zedBaremetalSoftware/app/ad9361/src/ -I/home/bharathwaj/Research/fpgaStuff/xilinx/softwareDefinedRadio/WhiteShark/zedBaremetalSoftware/app/noos/drivers/axi_core/axi_adc_core/ -I/home/bharathwaj/Research/fpgaStuff/xilinx/softwareDefinedRadio/WhiteShark/zedBaremetalSoftware/app/noos/drivers/axi_core/axi_dac_core/ -I/home/bharathwaj/Research/fpgaStuff/xilinx/softwareDefinedRadio/WhiteShark/zedBaremetalSoftware/app/noos/drivers/axi_core/axi_dmac/ -I/home/bharathwaj/Research/fpgaStuff/xilinx/softwareDefinedRadio/WhiteShark/zedBaremetalSoftware/app/noos/drivers/axi_core/axi_sysid/ -I/home/bharathwaj/Research/fpgaStuff/xilinx/softwareDefinedRadio/WhiteShark/zedBaremetalSoftware/app/noos/drivers/platform/xilinx/ -I/home/bharathwaj/Research/fpgaStuff/xilinx/softwareDefinedRadio/WhiteShark/zedBaremetalSoftware/app/noos/drivers/rf-transceiver/ad9361/ -I/home/bharathwaj/Research/fpgaStuff/xilinx/softwareDefinedRadio/WhiteShark/zedBaremetalSoftware/app/noos/include -c -fmessage-length=0 -MT"noos/util/no_os_alloc.o" -mcpu=cortex-a9 -mfpu=vfpv3 -mfloat-abi=hard -I/home/bharathwaj/Research/fpgaStuff/xilinx/softwareDefinedRadio/WhiteShark/zedBaremetalSoftware/system_top/export/system_top/sw/system_top/standalone_domain/bspinclude/include -MMD -MP -MF"noos/util/no_os_alloc.d" -MT"noos/util/no_os_alloc.o" -o "noos/util/no_os_alloc.o" "../noos/util/no_os_alloc.c"
Finished building: ../noos/util/no_os_alloc.c
 
Building file: ../noos/util/no_os_mutex.c
Invoking: ARM v7 gcc compiler
arm-none-eabi-gcc -DDISABLE_SECURE_SOCKET -DNO_OS_PROJECT=ad9361 -DNO_OS_VERSION=tags/last_commit-7eda53e3d -DXILINX_PLATFORM -Wall -O0 -g3 -I/home/bharathwaj/Research/fpgaStuff/xilinx/softwareDefinedRadio/WhiteShark/zedBaremetalSoftware/app/ad9361/src/ -I/home/bharathwaj/Research/fpgaStuff/xilinx/softwareDefinedRadio/WhiteShark/zedBaremetalSoftware/app/noos/drivers/axi_core/axi_adc_core/ -I/home/bharathwaj/Research/fpgaStuff/xilinx/softwareDefinedRadio/WhiteShark/zedBaremetalSoftware/app/noos/drivers/axi_core/axi_dac_core/ -I/home/bharathwaj/Research/fpgaStuff/xilinx/softwareDefinedRadio/WhiteShark/zedBaremetalSoftware/app/noos/drivers/axi_core/axi_dmac/ -I/home/bharathwaj/Research/fpgaStuff/xilinx/softwareDefinedRadio/WhiteShark/zedBaremetalSoftware/app/noos/drivers/axi_core/axi_sysid/ -I/home/bharathwaj/Research/fpgaStuff/xilinx/softwareDefinedRadio/WhiteShark/zedBaremetalSoftware/app/noos/drivers/platform/xilinx/ -I/home/bharathwaj/Research/fpgaStuff/xilinx/softwareDefinedRadio/WhiteShark/zedBaremetalSoftware/app/noos/drivers/rf-transceiver/ad9361/ -I/home/bharathwaj/Research/fpgaStuff/xilinx/softwareDefinedRadio/WhiteShark/zedBaremetalSoftware/app/noos/include -c -fmessage-length=0 -MT"noos/util/no_os_mutex.o" -mcpu=cortex-a9 -mfpu=vfpv3 -mfloat-abi=hard -I/home/bharathwaj/Research/fpgaStuff/xilinx/softwareDefinedRadio/WhiteShark/zedBaremetalSoftware/system_top/export/system_top/sw/system_top/standalone_domain/bspinclude/include -MMD -MP -MF"noos/util/no_os_mutex.d" -MT"noos/util/no_os_mutex.o" -o "noos/util/no_os_mutex.o" "../noos/util/no_os_mutex.c"
../noos/util/no_os_mutex.c:41:35: warning: inline function 'no_os_mutex_init' declared weak [-Wattributes]
   41 | __attribute__((weak)) inline void no_os_mutex_init(void **mutex) {}
      |                                   ^~~~~~~~~~~~~~~~
../noos/util/no_os_mutex.c:48:35: warning: inline function 'no_os_mutex_lock' declared weak [-Wattributes]
   48 | __attribute__((weak)) inline void no_os_mutex_lock(void *mutex) {}
      |                                   ^~~~~~~~~~~~~~~~
../noos/util/no_os_mutex.c:55:33: warning: inline function 'no_os_mutex_unlock' declared weak [-Wattributes]
   55 | __attribute((weak)) inline void no_os_mutex_unlock(void *mutex) {}
      |                                 ^~~~~~~~~~~~~~~~~~
../noos/util/no_os_mutex.c:62:35: warning: inline function 'no_os_mutex_remove' declared weak [-Wattributes]
   62 | __attribute__((weak)) inline void no_os_mutex_remove(void *mutex) {}
      |                                   ^~~~~~~~~~~~~~~~~~
Finished building: ../noos/util/no_os_mutex.c
 
Building file: ../noos/util/no_os_util.c
Invoking: ARM v7 gcc compiler
arm-none-eabi-gcc -DDISABLE_SECURE_SOCKET -DNO_OS_PROJECT=ad9361 -DNO_OS_VERSION=tags/last_commit-7eda53e3d -DXILINX_PLATFORM -Wall -O0 -g3 -I/home/bharathwaj/Research/fpgaStuff/xilinx/softwareDefinedRadio/WhiteShark/zedBaremetalSoftware/app/ad9361/src/ -I/home/bharathwaj/Research/fpgaStuff/xilinx/softwareDefinedRadio/WhiteShark/zedBaremetalSoftware/app/noos/drivers/axi_core/axi_adc_core/ -I/home/bharathwaj/Research/fpgaStuff/xilinx/softwareDefinedRadio/WhiteShark/zedBaremetalSoftware/app/noos/drivers/axi_core/axi_dac_core/ -I/home/bharathwaj/Research/fpgaStuff/xilinx/softwareDefinedRadio/WhiteShark/zedBaremetalSoftware/app/noos/drivers/axi_core/axi_dmac/ -I/home/bharathwaj/Research/fpgaStuff/xilinx/softwareDefinedRadio/WhiteShark/zedBaremetalSoftware/app/noos/drivers/axi_core/axi_sysid/ -I/home/bharathwaj/Research/fpgaStuff/xilinx/softwareDefinedRadio/WhiteShark/zedBaremetalSoftware/app/noos/drivers/platform/xilinx/ -I/home/bharathwaj/Research/fpgaStuff/xilinx/softwareDefinedRadio/WhiteShark/zedBaremetalSoftware/app/noos/drivers/rf-transceiver/ad9361/ -I/home/bharathwaj/Research/fpgaStuff/xilinx/softwareDefinedRadio/WhiteShark/zedBaremetalSoftware/app/noos/include -c -fmessage-length=0 -MT"noos/util/no_os_util.o" -mcpu=cortex-a9 -mfpu=vfpv3 -mfloat-abi=hard -I/home/bharathwaj/Research/fpgaStuff/xilinx/softwareDefinedRadio/WhiteShark/zedBaremetalSoftware/system_top/export/system_top/sw/system_top/standalone_domain/bspinclude/include -MMD -MP -MF"noos/util/no_os_util.d" -MT"noos/util/no_os_util.o" -o "noos/util/no_os_util.o" "../noos/util/no_os_util.c"
Finished building: ../noos/util/no_os_util.c
 
Building file: ../noos/drivers/rf-transceiver/ad9361/ad9361.c
Invoking: ARM v7 gcc compiler
arm-none-eabi-gcc -DDISABLE_SECURE_SOCKET -DNO_OS_PROJECT=ad9361 -DNO_OS_VERSION=tags/last_commit-7eda53e3d -DXILINX_PLATFORM -Wall -O0 -g3 -I/home/bharathwaj/Research/fpgaStuff/xilinx/softwareDefinedRadio/WhiteShark/zedBaremetalSoftware/app/ad9361/src/ -I/home/bharathwaj/Research/fpgaStuff/xilinx/softwareDefinedRadio/WhiteShark/zedBaremetalSoftware/app/noos/drivers/axi_core/axi_adc_core/ -I/home/bharathwaj/Research/fpgaStuff/xilinx/softwareDefinedRadio/WhiteShark/zedBaremetalSoftware/app/noos/drivers/axi_core/axi_dac_core/ -I/home/bharathwaj/Research/fpgaStuff/xilinx/softwareDefinedRadio/WhiteShark/zedBaremetalSoftware/app/noos/drivers/axi_core/axi_dmac/ -I/home/bharathwaj/Research/fpgaStuff/xilinx/softwareDefinedRadio/WhiteShark/zedBaremetalSoftware/app/noos/drivers/axi_core/axi_sysid/ -I/home/bharathwaj/Research/fpgaStuff/xilinx/softwareDefinedRadio/WhiteShark/zedBaremetalSoftware/app/noos/drivers/platform/xilinx/ -I/home/bharathwaj/Research/fpgaStuff/xilinx/softwareDefinedRadio/WhiteShark/zedBaremetalSoftware/app/noos/drivers/rf-transceiver/ad9361/ -I/home/bharathwaj/Research/fpgaStuff/xilinx/softwareDefinedRadio/WhiteShark/zedBaremetalSoftware/app/noos/include -c -fmessage-length=0 -MT"noos/drivers/rf-transceiver/ad9361/ad9361.o" -mcpu=cortex-a9 -mfpu=vfpv3 -mfloat-abi=hard -I/home/bharathwaj/Research/fpgaStuff/xilinx/softwareDefinedRadio/WhiteShark/zedBaremetalSoftware/system_top/export/system_top/sw/system_top/standalone_domain/bspinclude/include -MMD -MP -MF"noos/drivers/rf-transceiver/ad9361/ad9361.d" -MT"noos/drivers/rf-transceiver/ad9361/ad9361.o" -o "noos/drivers/rf-transceiver/ad9361/ad9361.o" "../noos/drivers/rf-transceiver/ad9361/ad9361.c"
Finished building: ../noos/drivers/rf-transceiver/ad9361/ad9361.c
 
Building file: ../noos/drivers/rf-transceiver/ad9361/ad9361_api.c
Invoking: ARM v7 gcc compiler
arm-none-eabi-gcc -DDISABLE_SECURE_SOCKET -DNO_OS_PROJECT=ad9361 -DNO_OS_VERSION=tags/last_commit-7eda53e3d -DXILINX_PLATFORM -Wall -O0 -g3 -I/home/bharathwaj/Research/fpgaStuff/xilinx/softwareDefinedRadio/WhiteShark/zedBaremetalSoftware/app/ad9361/src/ -I/home/bharathwaj/Research/fpgaStuff/xilinx/softwareDefinedRadio/WhiteShark/zedBaremetalSoftware/app/noos/drivers/axi_core/axi_adc_core/ -I/home/bharathwaj/Research/fpgaStuff/xilinx/softwareDefinedRadio/WhiteShark/zedBaremetalSoftware/app/noos/drivers/axi_core/axi_dac_core/ -I/home/bharathwaj/Research/fpgaStuff/xilinx/softwareDefinedRadio/WhiteShark/zedBaremetalSoftware/app/noos/drivers/axi_core/axi_dmac/ -I/home/bharathwaj/Research/fpgaStuff/xilinx/softwareDefinedRadio/WhiteShark/zedBaremetalSoftware/app/noos/drivers/axi_core/axi_sysid/ -I/home/bharathwaj/Research/fpgaStuff/xilinx/softwareDefinedRadio/WhiteShark/zedBaremetalSoftware/app/noos/drivers/platform/xilinx/ -I/home/bharathwaj/Research/fpgaStuff/xilinx/softwareDefinedRadio/WhiteShark/zedBaremetalSoftware/app/noos/drivers/rf-transceiver/ad9361/ -I/home/bharathwaj/Research/fpgaStuff/xilinx/softwareDefinedRadio/WhiteShark/zedBaremetalSoftware/app/noos/include -c -fmessage-length=0 -MT"noos/drivers/rf-transceiver/ad9361/ad9361_api.o" -mcpu=cortex-a9 -mfpu=vfpv3 -mfloat-abi=hard -I/home/bharathwaj/Research/fpgaStuff/xilinx/softwareDefinedRadio/WhiteShark/zedBaremetalSoftware/system_top/export/system_top/sw/system_top/standalone_domain/bspinclude/include -MMD -MP -MF"noos/drivers/rf-transceiver/ad9361/ad9361_api.d" -MT"noos/drivers/rf-transceiver/ad9361/ad9361_api.o" -o "noos/drivers/rf-transceiver/ad9361/ad9361_api.o" "../noos/drivers/rf-transceiver/ad9361/ad9361_api.c"
Finished building: ../noos/drivers/rf-transceiver/ad9361/ad9361_api.c
 
Building file: ../noos/drivers/rf-transceiver/ad9361/ad9361_conv.c
Invoking: ARM v7 gcc compiler
arm-none-eabi-gcc -DDISABLE_SECURE_SOCKET -DNO_OS_PROJECT=ad9361 -DNO_OS_VERSION=tags/last_commit-7eda53e3d -DXILINX_PLATFORM -Wall -O0 -g3 -I/home/bharathwaj/Research/fpgaStuff/xilinx/softwareDefinedRadio/WhiteShark/zedBaremetalSoftware/app/ad9361/src/ -I/home/bharathwaj/Research/fpgaStuff/xilinx/softwareDefinedRadio/WhiteShark/zedBaremetalSoftware/app/noos/drivers/axi_core/axi_adc_core/ -I/home/bharathwaj/Research/fpgaStuff/xilinx/softwareDefinedRadio/WhiteShark/zedBaremetalSoftware/app/noos/drivers/axi_core/axi_dac_core/ -I/home/bharathwaj/Research/fpgaStuff/xilinx/softwareDefinedRadio/WhiteShark/zedBaremetalSoftware/app/noos/drivers/axi_core/axi_dmac/ -I/home/bharathwaj/Research/fpgaStuff/xilinx/softwareDefinedRadio/WhiteShark/zedBaremetalSoftware/app/noos/drivers/axi_core/axi_sysid/ -I/home/bharathwaj/Research/fpgaStuff/xilinx/softwareDefinedRadio/WhiteShark/zedBaremetalSoftware/app/noos/drivers/platform/xilinx/ -I/home/bharathwaj/Research/fpgaStuff/xilinx/softwareDefinedRadio/WhiteShark/zedBaremetalSoftware/app/noos/drivers/rf-transceiver/ad9361/ -I/home/bharathwaj/Research/fpgaStuff/xilinx/softwareDefinedRadio/WhiteShark/zedBaremetalSoftware/app/noos/include -c -fmessage-length=0 -MT"noos/drivers/rf-transceiver/ad9361/ad9361_conv.o" -mcpu=cortex-a9 -mfpu=vfpv3 -mfloat-abi=hard -I/home/bharathwaj/Research/fpgaStuff/xilinx/softwareDefinedRadio/WhiteShark/zedBaremetalSoftware/system_top/export/system_top/sw/system_top/standalone_domain/bspinclude/include -MMD -MP -MF"noos/drivers/rf-transceiver/ad9361/ad9361_conv.d" -MT"noos/drivers/rf-transceiver/ad9361/ad9361_conv.o" -o "noos/drivers/rf-transceiver/ad9361/ad9361_conv.o" "../noos/drivers/rf-transceiver/ad9361/ad9361_conv.c"
Finished building: ../noos/drivers/rf-transceiver/ad9361/ad9361_conv.c
 
Building file: ../noos/drivers/rf-transceiver/ad9361/ad9361_util.c
Invoking: ARM v7 gcc compiler
arm-none-eabi-gcc -DDISABLE_SECURE_SOCKET -DNO_OS_PROJECT=ad9361 -DNO_OS_VERSION=tags/last_commit-7eda53e3d -DXILINX_PLATFORM -Wall -O0 -g3 -I/home/bharathwaj/Research/fpgaStuff/xilinx/softwareDefinedRadio/WhiteShark/zedBaremetalSoftware/app/ad9361/src/ -I/home/bharathwaj/Research/fpgaStuff/xilinx/softwareDefinedRadio/WhiteShark/zedBaremetalSoftware/app/noos/drivers/axi_core/axi_adc_core/ -I/home/bharathwaj/Research/fpgaStuff/xilinx/softwareDefinedRadio/WhiteShark/zedBaremetalSoftware/app/noos/drivers/axi_core/axi_dac_core/ -I/home/bharathwaj/Research/fpgaStuff/xilinx/softwareDefinedRadio/WhiteShark/zedBaremetalSoftware/app/noos/drivers/axi_core/axi_dmac/ -I/home/bharathwaj/Research/fpgaStuff/xilinx/softwareDefinedRadio/WhiteShark/zedBaremetalSoftware/app/noos/drivers/axi_core/axi_sysid/ -I/home/bharathwaj/Research/fpgaStuff/xilinx/softwareDefinedRadio/WhiteShark/zedBaremetalSoftware/app/noos/drivers/platform/xilinx/ -I/home/bharathwaj/Research/fpgaStuff/xilinx/softwareDefinedRadio/WhiteShark/zedBaremetalSoftware/app/noos/drivers/rf-transceiver/ad9361/ -I/home/bharathwaj/Research/fpgaStuff/xilinx/softwareDefinedRadio/WhiteShark/zedBaremetalSoftware/app/noos/include -c -fmessage-length=0 -MT"noos/drivers/rf-transceiver/ad9361/ad9361_util.o" -mcpu=cortex-a9 -mfpu=vfpv3 -mfloat-abi=hard -I/home/bharathwaj/Research/fpgaStuff/xilinx/softwareDefinedRadio/WhiteShark/zedBaremetalSoftware/system_top/export/system_top/sw/system_top/standalone_domain/bspinclude/include -MMD -MP -MF"noos/drivers/rf-transceiver/ad9361/ad9361_util.d" -MT"noos/drivers/rf-transceiver/ad9361/ad9361_util.o" -o "noos/drivers/rf-transceiver/ad9361/ad9361_util.o" "../noos/drivers/rf-transceiver/ad9361/ad9361_util.c"
Finished building: ../noos/drivers/rf-transceiver/ad9361/ad9361_util.c
 
Building file: ../noos/drivers/platform/xilinx/xilinx_axi_io.c
Invoking: ARM v7 gcc compiler
arm-none-eabi-gcc -DDISABLE_SECURE_SOCKET -DNO_OS_PROJECT=ad9361 -DNO_OS_VERSION=tags/last_commit-7eda53e3d -DXILINX_PLATFORM -Wall -O0 -g3 -I/home/bharathwaj/Research/fpgaStuff/xilinx/softwareDefinedRadio/WhiteShark/zedBaremetalSoftware/app/ad9361/src/ -I/home/bharathwaj/Research/fpgaStuff/xilinx/softwareDefinedRadio/WhiteShark/zedBaremetalSoftware/app/noos/drivers/axi_core/axi_adc_core/ -I/home/bharathwaj/Research/fpgaStuff/xilinx/softwareDefinedRadio/WhiteShark/zedBaremetalSoftware/app/noos/drivers/axi_core/axi_dac_core/ -I/home/bharathwaj/Research/fpgaStuff/xilinx/softwareDefinedRadio/WhiteShark/zedBaremetalSoftware/app/noos/drivers/axi_core/axi_dmac/ -I/home/bharathwaj/Research/fpgaStuff/xilinx/softwareDefinedRadio/WhiteShark/zedBaremetalSoftware/app/noos/drivers/axi_core/axi_sysid/ -I/home/bharathwaj/Research/fpgaStuff/xilinx/softwareDefinedRadio/WhiteShark/zedBaremetalSoftware/app/noos/drivers/platform/xilinx/ -I/home/bharathwaj/Research/fpgaStuff/xilinx/softwareDefinedRadio/WhiteShark/zedBaremetalSoftware/app/noos/drivers/rf-transceiver/ad9361/ -I/home/bharathwaj/Research/fpgaStuff/xilinx/softwareDefinedRadio/WhiteShark/zedBaremetalSoftware/app/noos/include -c -fmessage-length=0 -MT"noos/drivers/platform/xilinx/xilinx_axi_io.o" -mcpu=cortex-a9 -mfpu=vfpv3 -mfloat-abi=hard -I/home/bharathwaj/Research/fpgaStuff/xilinx/softwareDefinedRadio/WhiteShark/zedBaremetalSoftware/system_top/export/system_top/sw/system_top/standalone_domain/bspinclude/include -MMD -MP -MF"noos/drivers/platform/xilinx/xilinx_axi_io.d" -MT"noos/drivers/platform/xilinx/xilinx_axi_io.o" -o "noos/drivers/platform/xilinx/xilinx_axi_io.o" "../noos/drivers/platform/xilinx/xilinx_axi_io.c"
Finished building: ../noos/drivers/platform/xilinx/xilinx_axi_io.c
 
Building file: ../noos/drivers/platform/xilinx/xilinx_delay.c
Invoking: ARM v7 gcc compiler
arm-none-eabi-gcc -DDISABLE_SECURE_SOCKET -DNO_OS_PROJECT=ad9361 -DNO_OS_VERSION=tags/last_commit-7eda53e3d -DXILINX_PLATFORM -Wall -O0 -g3 -I/home/bharathwaj/Research/fpgaStuff/xilinx/softwareDefinedRadio/WhiteShark/zedBaremetalSoftware/app/ad9361/src/ -I/home/bharathwaj/Research/fpgaStuff/xilinx/softwareDefinedRadio/WhiteShark/zedBaremetalSoftware/app/noos/drivers/axi_core/axi_adc_core/ -I/home/bharathwaj/Research/fpgaStuff/xilinx/softwareDefinedRadio/WhiteShark/zedBaremetalSoftware/app/noos/drivers/axi_core/axi_dac_core/ -I/home/bharathwaj/Research/fpgaStuff/xilinx/softwareDefinedRadio/WhiteShark/zedBaremetalSoftware/app/noos/drivers/axi_core/axi_dmac/ -I/home/bharathwaj/Research/fpgaStuff/xilinx/softwareDefinedRadio/WhiteShark/zedBaremetalSoftware/app/noos/drivers/axi_core/axi_sysid/ -I/home/bharathwaj/Research/fpgaStuff/xilinx/softwareDefinedRadio/WhiteShark/zedBaremetalSoftware/app/noos/drivers/platform/xilinx/ -I/home/bharathwaj/Research/fpgaStuff/xilinx/softwareDefinedRadio/WhiteShark/zedBaremetalSoftware/app/noos/drivers/rf-transceiver/ad9361/ -I/home/bharathwaj/Research/fpgaStuff/xilinx/softwareDefinedRadio/WhiteShark/zedBaremetalSoftware/app/noos/include -c -fmessage-length=0 -MT"noos/drivers/platform/xilinx/xilinx_delay.o" -mcpu=cortex-a9 -mfpu=vfpv3 -mfloat-abi=hard -I/home/bharathwaj/Research/fpgaStuff/xilinx/softwareDefinedRadio/WhiteShark/zedBaremetalSoftware/system_top/export/system_top/sw/system_top/standalone_domain/bspinclude/include -MMD -MP -MF"noos/drivers/platform/xilinx/xilinx_delay.d" -MT"noos/drivers/platform/xilinx/xilinx_delay.o" -o "noos/drivers/platform/xilinx/xilinx_delay.o" "../noos/drivers/platform/xilinx/xilinx_delay.c"
Finished building: ../noos/drivers/platform/xilinx/xilinx_delay.c
 
Building file: ../noos/drivers/platform/xilinx/xilinx_gpio.c
Invoking: ARM v7 gcc compiler
arm-none-eabi-gcc -DDISABLE_SECURE_SOCKET -DNO_OS_PROJECT=ad9361 -DNO_OS_VERSION=tags/last_commit-7eda53e3d -DXILINX_PLATFORM -Wall -O0 -g3 -I/home/bharathwaj/Research/fpgaStuff/xilinx/softwareDefinedRadio/WhiteShark/zedBaremetalSoftware/app/ad9361/src/ -I/home/bharathwaj/Research/fpgaStuff/xilinx/softwareDefinedRadio/WhiteShark/zedBaremetalSoftware/app/noos/drivers/axi_core/axi_adc_core/ -I/home/bharathwaj/Research/fpgaStuff/xilinx/softwareDefinedRadio/WhiteShark/zedBaremetalSoftware/app/noos/drivers/axi_core/axi_dac_core/ -I/home/bharathwaj/Research/fpgaStuff/xilinx/softwareDefinedRadio/WhiteShark/zedBaremetalSoftware/app/noos/drivers/axi_core/axi_dmac/ -I/home/bharathwaj/Research/fpgaStuff/xilinx/softwareDefinedRadio/WhiteShark/zedBaremetalSoftware/app/noos/drivers/axi_core/axi_sysid/ -I/home/bharathwaj/Research/fpgaStuff/xilinx/softwareDefinedRadio/WhiteShark/zedBaremetalSoftware/app/noos/drivers/platform/xilinx/ -I/home/bharathwaj/Research/fpgaStuff/xilinx/softwareDefinedRadio/WhiteShark/zedBaremetalSoftware/app/noos/drivers/rf-transceiver/ad9361/ -I/home/bharathwaj/Research/fpgaStuff/xilinx/softwareDefinedRadio/WhiteShark/zedBaremetalSoftware/app/noos/include -c -fmessage-length=0 -MT"noos/drivers/platform/xilinx/xilinx_gpio.o" -mcpu=cortex-a9 -mfpu=vfpv3 -mfloat-abi=hard -I/home/bharathwaj/Research/fpgaStuff/xilinx/softwareDefinedRadio/WhiteShark/zedBaremetalSoftware/system_top/export/system_top/sw/system_top/standalone_domain/bspinclude/include -MMD -MP -MF"noos/drivers/platform/xilinx/xilinx_gpio.d" -MT"noos/drivers/platform/xilinx/xilinx_gpio.o" -o "noos/drivers/platform/xilinx/xilinx_gpio.o" "../noos/drivers/platform/xilinx/xilinx_gpio.c"
Finished building: ../noos/drivers/platform/xilinx/xilinx_gpio.c
 
Building file: ../noos/drivers/platform/xilinx/xilinx_irq.c
Invoking: ARM v7 gcc compiler
arm-none-eabi-gcc -DDISABLE_SECURE_SOCKET -DNO_OS_PROJECT=ad9361 -DNO_OS_VERSION=tags/last_commit-7eda53e3d -DXILINX_PLATFORM -Wall -O0 -g3 -I/home/bharathwaj/Research/fpgaStuff/xilinx/softwareDefinedRadio/WhiteShark/zedBaremetalSoftware/app/ad9361/src/ -I/home/bharathwaj/Research/fpgaStuff/xilinx/softwareDefinedRadio/WhiteShark/zedBaremetalSoftware/app/noos/drivers/axi_core/axi_adc_core/ -I/home/bharathwaj/Research/fpgaStuff/xilinx/softwareDefinedRadio/WhiteShark/zedBaremetalSoftware/app/noos/drivers/axi_core/axi_dac_core/ -I/home/bharathwaj/Research/fpgaStuff/xilinx/softwareDefinedRadio/WhiteShark/zedBaremetalSoftware/app/noos/drivers/axi_core/axi_dmac/ -I/home/bharathwaj/Research/fpgaStuff/xilinx/softwareDefinedRadio/WhiteShark/zedBaremetalSoftware/app/noos/drivers/axi_core/axi_sysid/ -I/home/bharathwaj/Research/fpgaStuff/xilinx/softwareDefinedRadio/WhiteShark/zedBaremetalSoftware/app/noos/drivers/platform/xilinx/ -I/home/bharathwaj/Research/fpgaStuff/xilinx/softwareDefinedRadio/WhiteShark/zedBaremetalSoftware/app/noos/drivers/rf-transceiver/ad9361/ -I/home/bharathwaj/Research/fpgaStuff/xilinx/softwareDefinedRadio/WhiteShark/zedBaremetalSoftware/app/noos/include -c -fmessage-length=0 -MT"noos/drivers/platform/xilinx/xilinx_irq.o" -mcpu=cortex-a9 -mfpu=vfpv3 -mfloat-abi=hard -I/home/bharathwaj/Research/fpgaStuff/xilinx/softwareDefinedRadio/WhiteShark/zedBaremetalSoftware/system_top/export/system_top/sw/system_top/standalone_domain/bspinclude/include -MMD -MP -MF"noos/drivers/platform/xilinx/xilinx_irq.d" -MT"noos/drivers/platform/xilinx/xilinx_irq.o" -o "noos/drivers/platform/xilinx/xilinx_irq.o" "../noos/drivers/platform/xilinx/xilinx_irq.c"
Finished building: ../noos/drivers/platform/xilinx/xilinx_irq.c
 
Building file: ../noos/drivers/platform/xilinx/xilinx_spi.c
Invoking: ARM v7 gcc compiler
arm-none-eabi-gcc -DDISABLE_SECURE_SOCKET -DNO_OS_PROJECT=ad9361 -DNO_OS_VERSION=tags/last_commit-7eda53e3d -DXILINX_PLATFORM -Wall -O0 -g3 -I/home/bharathwaj/Research/fpgaStuff/xilinx/softwareDefinedRadio/WhiteShark/zedBaremetalSoftware/app/ad9361/src/ -I/home/bharathwaj/Research/fpgaStuff/xilinx/softwareDefinedRadio/WhiteShark/zedBaremetalSoftware/app/noos/drivers/axi_core/axi_adc_core/ -I/home/bharathwaj/Research/fpgaStuff/xilinx/softwareDefinedRadio/WhiteShark/zedBaremetalSoftware/app/noos/drivers/axi_core/axi_dac_core/ -I/home/bharathwaj/Research/fpgaStuff/xilinx/softwareDefinedRadio/WhiteShark/zedBaremetalSoftware/app/noos/drivers/axi_core/axi_dmac/ -I/home/bharathwaj/Research/fpgaStuff/xilinx/softwareDefinedRadio/WhiteShark/zedBaremetalSoftware/app/noos/drivers/axi_core/axi_sysid/ -I/home/bharathwaj/Research/fpgaStuff/xilinx/softwareDefinedRadio/WhiteShark/zedBaremetalSoftware/app/noos/drivers/platform/xilinx/ -I/home/bharathwaj/Research/fpgaStuff/xilinx/softwareDefinedRadio/WhiteShark/zedBaremetalSoftware/app/noos/drivers/rf-transceiver/ad9361/ -I/home/bharathwaj/Research/fpgaStuff/xilinx/softwareDefinedRadio/WhiteShark/zedBaremetalSoftware/app/noos/include -c -fmessage-length=0 -MT"noos/drivers/platform/xilinx/xilinx_spi.o" -mcpu=cortex-a9 -mfpu=vfpv3 -mfloat-abi=hard -I/home/bharathwaj/Research/fpgaStuff/xilinx/softwareDefinedRadio/WhiteShark/zedBaremetalSoftware/system_top/export/system_top/sw/system_top/standalone_domain/bspinclude/include -MMD -MP -MF"noos/drivers/platform/xilinx/xilinx_spi.d" -MT"noos/drivers/platform/xilinx/xilinx_spi.o" -o "noos/drivers/platform/xilinx/xilinx_spi.o" "../noos/drivers/platform/xilinx/xilinx_spi.c"
../noos/drivers/platform/xilinx/xilinx_spi.c:63:2: warning: #warning SPI delays are not supported on the xilinx platform [-Wcpp]
   63 | #warning SPI delays are not supported on the xilinx platform
      |  ^~~~~~~
Finished building: ../noos/drivers/platform/xilinx/xilinx_spi.c
 
Building file: ../noos/drivers/axi_core/axi_sysid/axi_sysid.c
Invoking: ARM v7 gcc compiler
arm-none-eabi-gcc -DDISABLE_SECURE_SOCKET -DNO_OS_PROJECT=ad9361 -DNO_OS_VERSION=tags/last_commit-7eda53e3d -DXILINX_PLATFORM -Wall -O0 -g3 -I/home/bharathwaj/Research/fpgaStuff/xilinx/softwareDefinedRadio/WhiteShark/zedBaremetalSoftware/app/ad9361/src/ -I/home/bharathwaj/Research/fpgaStuff/xilinx/softwareDefinedRadio/WhiteShark/zedBaremetalSoftware/app/noos/drivers/axi_core/axi_adc_core/ -I/home/bharathwaj/Research/fpgaStuff/xilinx/softwareDefinedRadio/WhiteShark/zedBaremetalSoftware/app/noos/drivers/axi_core/axi_dac_core/ -I/home/bharathwaj/Research/fpgaStuff/xilinx/softwareDefinedRadio/WhiteShark/zedBaremetalSoftware/app/noos/drivers/axi_core/axi_dmac/ -I/home/bharathwaj/Research/fpgaStuff/xilinx/softwareDefinedRadio/WhiteShark/zedBaremetalSoftware/app/noos/drivers/axi_core/axi_sysid/ -I/home/bharathwaj/Research/fpgaStuff/xilinx/softwareDefinedRadio/WhiteShark/zedBaremetalSoftware/app/noos/drivers/platform/xilinx/ -I/home/bharathwaj/Research/fpgaStuff/xilinx/softwareDefinedRadio/WhiteShark/zedBaremetalSoftware/app/noos/drivers/rf-transceiver/ad9361/ -I/home/bharathwaj/Research/fpgaStuff/xilinx/softwareDefinedRadio/WhiteShark/zedBaremetalSoftware/app/noos/include -c -fmessage-length=0 -MT"noos/drivers/axi_core/axi_sysid/axi_sysid.o" -mcpu=cortex-a9 -mfpu=vfpv3 -mfloat-abi=hard -I/home/bharathwaj/Research/fpgaStuff/xilinx/softwareDefinedRadio/WhiteShark/zedBaremetalSoftware/system_top/export/system_top/sw/system_top/standalone_domain/bspinclude/include -MMD -MP -MF"noos/drivers/axi_core/axi_sysid/axi_sysid.d" -MT"noos/drivers/axi_core/axi_sysid/axi_sysid.o" -o "noos/drivers/axi_core/axi_sysid/axi_sysid.o" "../noos/drivers/axi_core/axi_sysid/axi_sysid.c"
In file included from ../noos/drivers/axi_core/axi_sysid/axi_sysid.c:41:
../noos/drivers/axi_core/axi_sysid/axi_sysid.c: In function 'axi_sysid_validate':
/home/bharathwaj/Research/fpgaStuff/xilinx/softwareDefinedRadio/WhiteShark/zedBaremetalSoftware/app/noos/include/no_os_print_log.h:90:9: warning: format '%d' expects argument of type 'int', but argument 5 has type 'uint32_t' {aka 'long unsigned int'} [-Wformat=]
   90 |  printf("ERR: %s:%d:%s(): " fmt, __FILE__, __LINE__, __func__, ##args); \
      |         ^~~~~~~~~~~~~~~~~~~
../noos/drivers/axi_core/axi_sysid/axi_sysid.c:185:3: note: in expansion of macro 'pr_err'
  185 |   pr_err("system ID header version mismatch. Expected %d, Reported %d\n",
      |   ^~~~~~
/home/bharathwaj/Research/fpgaStuff/xilinx/softwareDefinedRadio/WhiteShark/zedBaremetalSoftware/app/noos/include/no_os_print_log.h:90:9: warning: format '%d' expects argument of type 'int', but argument 6 has type 'uint32_t' {aka 'long unsigned int'} [-Wformat=]
   90 |  printf("ERR: %s:%d:%s(): " fmt, __FILE__, __LINE__, __func__, ##args); \
      |         ^~~~~~~~~~~~~~~~~~~
../noos/drivers/axi_core/axi_sysid/axi_sysid.c:185:3: note: in expansion of macro 'pr_err'
  185 |   pr_err("system ID header version mismatch. Expected %d, Reported %d\n",
      |   ^~~~~~
Finished building: ../noos/drivers/axi_core/axi_sysid/axi_sysid.c
 
Building file: ../noos/drivers/axi_core/axi_dmac/axi_dmac.c
Invoking: ARM v7 gcc compiler
arm-none-eabi-gcc -DDISABLE_SECURE_SOCKET -DNO_OS_PROJECT=ad9361 -DNO_OS_VERSION=tags/last_commit-7eda53e3d -DXILINX_PLATFORM -Wall -O0 -g3 -I/home/bharathwaj/Research/fpgaStuff/xilinx/softwareDefinedRadio/WhiteShark/zedBaremetalSoftware/app/ad9361/src/ -I/home/bharathwaj/Research/fpgaStuff/xilinx/softwareDefinedRadio/WhiteShark/zedBaremetalSoftware/app/noos/drivers/axi_core/axi_adc_core/ -I/home/bharathwaj/Research/fpgaStuff/xilinx/softwareDefinedRadio/WhiteShark/zedBaremetalSoftware/app/noos/drivers/axi_core/axi_dac_core/ -I/home/bharathwaj/Research/fpgaStuff/xilinx/softwareDefinedRadio/WhiteShark/zedBaremetalSoftware/app/noos/drivers/axi_core/axi_dmac/ -I/home/bharathwaj/Research/fpgaStuff/xilinx/softwareDefinedRadio/WhiteShark/zedBaremetalSoftware/app/noos/drivers/axi_core/axi_sysid/ -I/home/bharathwaj/Research/fpgaStuff/xilinx/softwareDefinedRadio/WhiteShark/zedBaremetalSoftware/app/noos/drivers/platform/xilinx/ -I/home/bharathwaj/Research/fpgaStuff/xilinx/softwareDefinedRadio/WhiteShark/zedBaremetalSoftware/app/noos/drivers/rf-transceiver/ad9361/ -I/home/bharathwaj/Research/fpgaStuff/xilinx/softwareDefinedRadio/WhiteShark/zedBaremetalSoftware/app/noos/include -c -fmessage-length=0 -MT"noos/drivers/axi_core/axi_dmac/axi_dmac.o" -mcpu=cortex-a9 -mfpu=vfpv3 -mfloat-abi=hard -I/home/bharathwaj/Research/fpgaStuff/xilinx/softwareDefinedRadio/WhiteShark/zedBaremetalSoftware/system_top/export/system_top/sw/system_top/standalone_domain/bspinclude/include -MMD -MP -MF"noos/drivers/axi_core/axi_dmac/axi_dmac.d" -MT"noos/drivers/axi_core/axi_dmac/axi_dmac.o" -o "noos/drivers/axi_core/axi_dmac/axi_dmac.o" "../noos/drivers/axi_core/axi_dmac/axi_dmac.c"
Finished building: ../noos/drivers/axi_core/axi_dmac/axi_dmac.c
 
Building file: ../noos/drivers/axi_core/axi_dac_core/axi_dac_core.c
Invoking: ARM v7 gcc compiler
arm-none-eabi-gcc -DDISABLE_SECURE_SOCKET -DNO_OS_PROJECT=ad9361 -DNO_OS_VERSION=tags/last_commit-7eda53e3d -DXILINX_PLATFORM -Wall -O0 -g3 -I/home/bharathwaj/Research/fpgaStuff/xilinx/softwareDefinedRadio/WhiteShark/zedBaremetalSoftware/app/ad9361/src/ -I/home/bharathwaj/Research/fpgaStuff/xilinx/softwareDefinedRadio/WhiteShark/zedBaremetalSoftware/app/noos/drivers/axi_core/axi_adc_core/ -I/home/bharathwaj/Research/fpgaStuff/xilinx/softwareDefinedRadio/WhiteShark/zedBaremetalSoftware/app/noos/drivers/axi_core/axi_dac_core/ -I/home/bharathwaj/Research/fpgaStuff/xilinx/softwareDefinedRadio/WhiteShark/zedBaremetalSoftware/app/noos/drivers/axi_core/axi_dmac/ -I/home/bharathwaj/Research/fpgaStuff/xilinx/softwareDefinedRadio/WhiteShark/zedBaremetalSoftware/app/noos/drivers/axi_core/axi_sysid/ -I/home/bharathwaj/Research/fpgaStuff/xilinx/softwareDefinedRadio/WhiteShark/zedBaremetalSoftware/app/noos/drivers/platform/xilinx/ -I/home/bharathwaj/Research/fpgaStuff/xilinx/softwareDefinedRadio/WhiteShark/zedBaremetalSoftware/app/noos/drivers/rf-transceiver/ad9361/ -I/home/bharathwaj/Research/fpgaStuff/xilinx/softwareDefinedRadio/WhiteShark/zedBaremetalSoftware/app/noos/include -c -fmessage-length=0 -MT"noos/drivers/axi_core/axi_dac_core/axi_dac_core.o" -mcpu=cortex-a9 -mfpu=vfpv3 -mfloat-abi=hard -I/home/bharathwaj/Research/fpgaStuff/xilinx/softwareDefinedRadio/WhiteShark/zedBaremetalSoftware/system_top/export/system_top/sw/system_top/standalone_domain/bspinclude/include -MMD -MP -MF"noos/drivers/axi_core/axi_dac_core/axi_dac_core.d" -MT"noos/drivers/axi_core/axi_dac_core/axi_dac_core.o" -o "noos/drivers/axi_core/axi_dac_core/axi_dac_core.o" "../noos/drivers/axi_core/axi_dac_core/axi_dac_core.c"
Finished building: ../noos/drivers/axi_core/axi_dac_core/axi_dac_core.c
 
Building file: ../noos/drivers/axi_core/axi_adc_core/axi_adc_core.c
Invoking: ARM v7 gcc compiler
arm-none-eabi-gcc -DDISABLE_SECURE_SOCKET -DNO_OS_PROJECT=ad9361 -DNO_OS_VERSION=tags/last_commit-7eda53e3d -DXILINX_PLATFORM -Wall -O0 -g3 -I/home/bharathwaj/Research/fpgaStuff/xilinx/softwareDefinedRadio/WhiteShark/zedBaremetalSoftware/app/ad9361/src/ -I/home/bharathwaj/Research/fpgaStuff/xilinx/softwareDefinedRadio/WhiteShark/zedBaremetalSoftware/app/noos/drivers/axi_core/axi_adc_core/ -I/home/bharathwaj/Research/fpgaStuff/xilinx/softwareDefinedRadio/WhiteShark/zedBaremetalSoftware/app/noos/drivers/axi_core/axi_dac_core/ -I/home/bharathwaj/Research/fpgaStuff/xilinx/softwareDefinedRadio/WhiteShark/zedBaremetalSoftware/app/noos/drivers/axi_core/axi_dmac/ -I/home/bharathwaj/Research/fpgaStuff/xilinx/softwareDefinedRadio/WhiteShark/zedBaremetalSoftware/app/noos/drivers/axi_core/axi_sysid/ -I/home/bharathwaj/Research/fpgaStuff/xilinx/softwareDefinedRadio/WhiteShark/zedBaremetalSoftware/app/noos/drivers/platform/xilinx/ -I/home/bharathwaj/Research/fpgaStuff/xilinx/softwareDefinedRadio/WhiteShark/zedBaremetalSoftware/app/noos/drivers/rf-transceiver/ad9361/ -I/home/bharathwaj/Research/fpgaStuff/xilinx/softwareDefinedRadio/WhiteShark/zedBaremetalSoftware/app/noos/include -c -fmessage-length=0 -MT"noos/drivers/axi_core/axi_adc_core/axi_adc_core.o" -mcpu=cortex-a9 -mfpu=vfpv3 -mfloat-abi=hard -I/home/bharathwaj/Research/fpgaStuff/xilinx/softwareDefinedRadio/WhiteShark/zedBaremetalSoftware/system_top/export/system_top/sw/system_top/standalone_domain/bspinclude/include -MMD -MP -MF"noos/drivers/axi_core/axi_adc_core/axi_adc_core.d" -MT"noos/drivers/axi_core/axi_adc_core/axi_adc_core.o" -o "noos/drivers/axi_core/axi_adc_core/axi_adc_core.o" "../noos/drivers/axi_core/axi_adc_core/axi_adc_core.c"
Finished building: ../noos/drivers/axi_core/axi_adc_core/axi_adc_core.c
 
Building file: ../noos/drivers/api/no_os_gpio.c
Invoking: ARM v7 gcc compiler
arm-none-eabi-gcc -DDISABLE_SECURE_SOCKET -DNO_OS_PROJECT=ad9361 -DNO_OS_VERSION=tags/last_commit-7eda53e3d -DXILINX_PLATFORM -Wall -O0 -g3 -I/home/bharathwaj/Research/fpgaStuff/xilinx/softwareDefinedRadio/WhiteShark/zedBaremetalSoftware/app/ad9361/src/ -I/home/bharathwaj/Research/fpgaStuff/xilinx/softwareDefinedRadio/WhiteShark/zedBaremetalSoftware/app/noos/drivers/axi_core/axi_adc_core/ -I/home/bharathwaj/Research/fpgaStuff/xilinx/softwareDefinedRadio/WhiteShark/zedBaremetalSoftware/app/noos/drivers/axi_core/axi_dac_core/ -I/home/bharathwaj/Research/fpgaStuff/xilinx/softwareDefinedRadio/WhiteShark/zedBaremetalSoftware/app/noos/drivers/axi_core/axi_dmac/ -I/home/bharathwaj/Research/fpgaStuff/xilinx/softwareDefinedRadio/WhiteShark/zedBaremetalSoftware/app/noos/drivers/axi_core/axi_sysid/ -I/home/bharathwaj/Research/fpgaStuff/xilinx/softwareDefinedRadio/WhiteShark/zedBaremetalSoftware/app/noos/drivers/platform/xilinx/ -I/home/bharathwaj/Research/fpgaStuff/xilinx/softwareDefinedRadio/WhiteShark/zedBaremetalSoftware/app/noos/drivers/rf-transceiver/ad9361/ -I/home/bharathwaj/Research/fpgaStuff/xilinx/softwareDefinedRadio/WhiteShark/zedBaremetalSoftware/app/noos/include -c -fmessage-length=0 -MT"noos/drivers/api/no_os_gpio.o" -mcpu=cortex-a9 -mfpu=vfpv3 -mfloat-abi=hard -I/home/bharathwaj/Research/fpgaStuff/xilinx/softwareDefinedRadio/WhiteShark/zedBaremetalSoftware/system_top/export/system_top/sw/system_top/standalone_domain/bspinclude/include -MMD -MP -MF"noos/drivers/api/no_os_gpio.d" -MT"noos/drivers/api/no_os_gpio.o" -o "noos/drivers/api/no_os_gpio.o" "../noos/drivers/api/no_os_gpio.c"
Finished building: ../noos/drivers/api/no_os_gpio.c
 
Building file: ../noos/drivers/api/no_os_irq.c
Invoking: ARM v7 gcc compiler
arm-none-eabi-gcc -DDISABLE_SECURE_SOCKET -DNO_OS_PROJECT=ad9361 -DNO_OS_VERSION=tags/last_commit-7eda53e3d -DXILINX_PLATFORM -Wall -O0 -g3 -I/home/bharathwaj/Research/fpgaStuff/xilinx/softwareDefinedRadio/WhiteShark/zedBaremetalSoftware/app/ad9361/src/ -I/home/bharathwaj/Research/fpgaStuff/xilinx/softwareDefinedRadio/WhiteShark/zedBaremetalSoftware/app/noos/drivers/axi_core/axi_adc_core/ -I/home/bharathwaj/Research/fpgaStuff/xilinx/softwareDefinedRadio/WhiteShark/zedBaremetalSoftware/app/noos/drivers/axi_core/axi_dac_core/ -I/home/bharathwaj/Research/fpgaStuff/xilinx/softwareDefinedRadio/WhiteShark/zedBaremetalSoftware/app/noos/drivers/axi_core/axi_dmac/ -I/home/bharathwaj/Research/fpgaStuff/xilinx/softwareDefinedRadio/WhiteShark/zedBaremetalSoftware/app/noos/drivers/axi_core/axi_sysid/ -I/home/bharathwaj/Research/fpgaStuff/xilinx/softwareDefinedRadio/WhiteShark/zedBaremetalSoftware/app/noos/drivers/platform/xilinx/ -I/home/bharathwaj/Research/fpgaStuff/xilinx/softwareDefinedRadio/WhiteShark/zedBaremetalSoftware/app/noos/drivers/rf-transceiver/ad9361/ -I/home/bharathwaj/Research/fpgaStuff/xilinx/softwareDefinedRadio/WhiteShark/zedBaremetalSoftware/app/noos/include -c -fmessage-length=0 -MT"noos/drivers/api/no_os_irq.o" -mcpu=cortex-a9 -mfpu=vfpv3 -mfloat-abi=hard -I/home/bharathwaj/Research/fpgaStuff/xilinx/softwareDefinedRadio/WhiteShark/zedBaremetalSoftware/system_top/export/system_top/sw/system_top/standalone_domain/bspinclude/include -MMD -MP -MF"noos/drivers/api/no_os_irq.d" -MT"noos/drivers/api/no_os_irq.o" -o "noos/drivers/api/no_os_irq.o" "../noos/drivers/api/no_os_irq.c"
Finished building: ../noos/drivers/api/no_os_irq.c
 
Building file: ../noos/drivers/api/no_os_spi.c
Invoking: ARM v7 gcc compiler
arm-none-eabi-gcc -DDISABLE_SECURE_SOCKET -DNO_OS_PROJECT=ad9361 -DNO_OS_VERSION=tags/last_commit-7eda53e3d -DXILINX_PLATFORM -Wall -O0 -g3 -I/home/bharathwaj/Research/fpgaStuff/xilinx/softwareDefinedRadio/WhiteShark/zedBaremetalSoftware/app/ad9361/src/ -I/home/bharathwaj/Research/fpgaStuff/xilinx/softwareDefinedRadio/WhiteShark/zedBaremetalSoftware/app/noos/drivers/axi_core/axi_adc_core/ -I/home/bharathwaj/Research/fpgaStuff/xilinx/softwareDefinedRadio/WhiteShark/zedBaremetalSoftware/app/noos/drivers/axi_core/axi_dac_core/ -I/home/bharathwaj/Research/fpgaStuff/xilinx/softwareDefinedRadio/WhiteShark/zedBaremetalSoftware/app/noos/drivers/axi_core/axi_dmac/ -I/home/bharathwaj/Research/fpgaStuff/xilinx/softwareDefinedRadio/WhiteShark/zedBaremetalSoftware/app/noos/drivers/axi_core/axi_sysid/ -I/home/bharathwaj/Research/fpgaStuff/xilinx/softwareDefinedRadio/WhiteShark/zedBaremetalSoftware/app/noos/drivers/platform/xilinx/ -I/home/bharathwaj/Research/fpgaStuff/xilinx/softwareDefinedRadio/WhiteShark/zedBaremetalSoftware/app/noos/drivers/rf-transceiver/ad9361/ -I/home/bharathwaj/Research/fpgaStuff/xilinx/softwareDefinedRadio/WhiteShark/zedBaremetalSoftware/app/noos/include -c -fmessage-length=0 -MT"noos/drivers/api/no_os_spi.o" -mcpu=cortex-a9 -mfpu=vfpv3 -mfloat-abi=hard -I/home/bharathwaj/Research/fpgaStuff/xilinx/softwareDefinedRadio/WhiteShark/zedBaremetalSoftware/system_top/export/system_top/sw/system_top/standalone_domain/bspinclude/include -MMD -MP -MF"noos/drivers/api/no_os_spi.d" -MT"noos/drivers/api/no_os_spi.o" -o "noos/drivers/api/no_os_spi.o" "../noos/drivers/api/no_os_spi.c"
Finished building: ../noos/drivers/api/no_os_spi.c
 
Building file: ../ad9361/src/main.c
Invoking: ARM v7 gcc compiler
arm-none-eabi-gcc -DDISABLE_SECURE_SOCKET -DNO_OS_PROJECT=ad9361 -DNO_OS_VERSION=tags/last_commit-7eda53e3d -DXILINX_PLATFORM -Wall -O0 -g3 -I/home/bharathwaj/Research/fpgaStuff/xilinx/softwareDefinedRadio/WhiteShark/zedBaremetalSoftware/app/ad9361/src/ -I/home/bharathwaj/Research/fpgaStuff/xilinx/softwareDefinedRadio/WhiteShark/zedBaremetalSoftware/app/noos/drivers/axi_core/axi_adc_core/ -I/home/bharathwaj/Research/fpgaStuff/xilinx/softwareDefinedRadio/WhiteShark/zedBaremetalSoftware/app/noos/drivers/axi_core/axi_dac_core/ -I/home/bharathwaj/Research/fpgaStuff/xilinx/softwareDefinedRadio/WhiteShark/zedBaremetalSoftware/app/noos/drivers/axi_core/axi_dmac/ -I/home/bharathwaj/Research/fpgaStuff/xilinx/softwareDefinedRadio/WhiteShark/zedBaremetalSoftware/app/noos/drivers/axi_core/axi_sysid/ -I/home/bharathwaj/Research/fpgaStuff/xilinx/softwareDefinedRadio/WhiteShark/zedBaremetalSoftware/app/noos/drivers/platform/xilinx/ -I/home/bharathwaj/Research/fpgaStuff/xilinx/softwareDefinedRadio/WhiteShark/zedBaremetalSoftware/app/noos/drivers/rf-transceiver/ad9361/ -I/home/bharathwaj/Research/fpgaStuff/xilinx/softwareDefinedRadio/WhiteShark/zedBaremetalSoftware/app/noos/include -c -fmessage-length=0 -MT"ad9361/src/main.o" -mcpu=cortex-a9 -mfpu=vfpv3 -mfloat-abi=hard -I/home/bharathwaj/Research/fpgaStuff/xilinx/softwareDefinedRadio/WhiteShark/zedBaremetalSoftware/system_top/export/system_top/sw/system_top/standalone_domain/bspinclude/include -MMD -MP -MF"ad9361/src/main.d" -MT"ad9361/src/main.o" -o "ad9361/src/main.o" "../ad9361/src/main.c"
../ad9361/src/main.c: In function 'main':
../ad9361/src/main.c:812:34: warning: format '%lx' expects argument of type 'long unsigned int', but argument 2 has type 'unsigned int' [-Wformat=]
  812 |  printf("DMA_EXAMPLE: address=%#lx samples=%lu channels=%u bits=%lu\n",
      |                               ~~~^
      |                                  |
      |                                  long unsigned int
      |                               %#x
  813 |         (uintptr_t)adc_buffer, NO_OS_ARRAY_SIZE(adc_buffer), rx_adc_init.num_channels,
      |         ~~~~~~~~~~~~~~~~~~~~~     
      |         |
      |         unsigned int
../ad9361/src/main.c:812:46: warning: format '%lu' expects argument of type 'long unsigned int', but argument 3 has type 'unsigned int' [-Wformat=]
  812 |  printf("DMA_EXAMPLE: address=%#lx samples=%lu channels=%u bits=%lu\n",
      |                                            ~~^
      |                                              |
      |                                              long unsigned int
      |                                            %u
../ad9361/src/main.c:812:67: warning: format '%lu' expects argument of type 'long unsigned int', but argument 5 has type 'unsigned int' [-Wformat=]
  812 |  printf("DMA_EXAMPLE: address=%#lx samples=%lu channels=%u bits=%lu\n",
      |                                                                 ~~^
      |                                                                   |
      |                                                                   long unsigned int
      |                                                                 %u
  813 |         (uintptr_t)adc_buffer, NO_OS_ARRAY_SIZE(adc_buffer), rx_adc_init.num_channels,
  814 |         8 * sizeof(adc_buffer[0]));
      |         ~~~~~~~~~~~~~~~~~~~~~~~~~                                  
      |         |
      |         unsigned int
../ad9361/src/main.c:661:11: warning: unused variable 'samples' [-Wunused-variable]
  661 |  uint32_t samples = 16384;
      |           ^~~~~~~
Finished building: ../ad9361/src/main.c
 
Building target: app.elf
Invoking: ARM v7 gcc linker
arm-none-eabi-gcc -mcpu=cortex-a9 -mfpu=vfpv3 -mfloat-abi=hard -Wl,-build-id=none -specs=Xilinx.spec -Wl,-T -Wl,../src/lscript.ld -L/home/bharathwaj/Research/fpgaStuff/xilinx/softwareDefinedRadio/WhiteShark/zedBaremetalSoftware/system_top/export/system_top/sw/system_top/standalone_domain/bsplib/lib -o "app.elf" ./noos/util/no_os_alloc.o ./noos/util/no_os_mutex.o ./noos/util/no_os_util.o  ./noos/drivers/rf-transceiver/ad9361/ad9361.o ./noos/drivers/rf-transceiver/ad9361/ad9361_api.o ./noos/drivers/rf-transceiver/ad9361/ad9361_conv.o ./noos/drivers/rf-transceiver/ad9361/ad9361_util.o  ./noos/drivers/platform/xilinx/xilinx_axi_io.o ./noos/drivers/platform/xilinx/xilinx_delay.o ./noos/drivers/platform/xilinx/xilinx_gpio.o ./noos/drivers/platform/xilinx/xilinx_irq.o ./noos/drivers/platform/xilinx/xilinx_spi.o  ./noos/drivers/axi_core/axi_sysid/axi_sysid.o  ./noos/drivers/axi_core/axi_dmac/axi_dmac.o  ./noos/drivers/axi_core/axi_dac_core/axi_dac_core.o  ./noos/drivers/axi_core/axi_adc_core/axi_adc_core.o  ./noos/drivers/api/no_os_gpio.o ./noos/drivers/api/no_os_irq.o ./noos/drivers/api/no_os_spi.o  ./ad9361/src/main.o   -Wl,--start-group,-lxil,-lgcc,-lc,--end-group
Finished building target: app.elf
 
Invoking: ARM v7 Print Size
arm-none-eabi-size app.elf  |tee "app.elf.size"
   text	   data	    bss	    dec	    hex	filename
 246002	   4966	1195120	1446088	 1610c8	app.elf
Finished building: app.elf.size
 

07:26:39 Build Finished (took 3s.746ms)

