07:26:17 **** Build of project system_top ****
buildplatform.sh 36695 system_top  
XSDB Server Channel: tcfchan#1
Reading the platform  : "system_top"
Building the zynq_fsbl application.
make: Entering directory '/home/bharathwaj/Research/fpgaStuff/xilinx/softwareDefinedRadio/WhiteShark/zedBaremetalSoftware/syste
m_top/zynq_fsbl/zynq_fsbl_bsp'

make --no-print-directory seq_libs

Running Make include in ps7_cortexa9_0/libsrc/coresightps_dcc_v1_8/src

make -C ps7_cortexa9_0/libsrc/coresightps_dcc_v1_8/src -s include  "SHELL=/bin/sh" "COMPILER=arm-none-eabi-gcc" "ASSEMBLER=arm-
none-eabi-as" "ARCHIVER=arm-none-eabi-ar" "COMPILER_FLAGS=  -O2 -c" "EXTRA_COMPILER_FLAGS=-mcpu=cortex-a9 -mfpu=vfpv3 -mfloat-a
bi=hard -nostartfiles -g -Wall -Wextra -fno-tree-loop-distribute-patterns"

Running Make include in ps7_cortexa9_0/libsrc/cpu_cortexa9_v2_11/src

make -C ps7_cortexa9_0/libsrc/cpu_cortexa9_v2_11/src -s include  "SHELL=/bin/sh" "COMPILER=arm-none-eabi-gcc" "ASSEMBLER=arm-no
ne-eabi-as" "ARCHIVER=arm-none-eabi-ar" "COMPILER_FLAGS=  -O2 -c" "EXTRA_COMPILER_FLAGS=-mcpu=cortex-a9 -mfpu=vfpv3 -mfloat-abi
=hard -nostartfiles -g -Wall -Wextra -fno-tree-loop-distribute-patterns"

Running Make include in ps7_cortexa9_0/libsrc/ddrps_v1_2/src

make -C ps7_cortexa9_0/libsrc/ddrps_v1_2/src -s include  "SHELL=/bin/sh" "COMPILER=arm-none-eabi-gcc" "ASSEMBLER=arm-none-eabi-
as" "ARCHIVER=arm-none-eabi-ar" "COMPILER_FLAGS=  -O2 -c" "EXTRA_COMPILER_FLAGS=-mcpu=cortex-a9 -mfpu=vfpv3 -mfloat-abi=hard -n
ostartfiles -g -Wall -Wextra -fno-tree-loop-distribute-patterns"

Running Make include in ps7_cortexa9_0/libsrc/devcfg_v3_7/src

make -C ps7_cortexa9_0/libsrc/devcfg_v3_7/src -s include  "SHELL=/bin/sh" "COMPILER=arm-none-eabi-gcc" "ASSEMBLER=arm-none-eabi
-as" "ARCHIVER=arm-none-eabi-ar" "COMPILER_FLAGS=  -O2 -c" "EXTRA_COMPILER_FLAGS=-mcpu=cortex-a9 -mfpu=vfpv3 -mfloat-abi=hard -
nostartfiles -g -Wall -Wextra -fno-tree-loop-distribute-patterns"

Running Make include in ps7_cortexa9_0/libsrc/dmaps_v2_8/src

make -C ps7_cortexa9_0/libsrc/dmaps_v2_8/src -s include  "SHELL=/bin/sh" "COMPILER=arm-none-eabi-gcc" "ASSEMBLER=arm-none-eabi-
as" "ARCHIVER=arm-none-eabi-ar" "COMPILER_FLAGS=  -O2 -c" "EXTRA_COMPILER_FLAGS=-mcpu=cortex-a9 -mfpu=vfpv3 -mfloat-abi=hard -n
ostartfiles -g -Wall -Wextra -fno-tree-loop-distribute-patterns"

Running Make include in ps7_cortexa9_0/libsrc/emacps_v3_14/src

make -C ps7_cortexa9_0/libsrc/emacps_v3_14/src -s include  "SHELL=/bin/sh" "COMPILER=arm-none-eabi-gcc" "ASSEMBLER=arm-none-eab
i-as" "ARCHIVER=arm-none-eabi-ar" "COMPILER_FLAGS=  -O2 -c" "EXTRA_COMPILER_FLAGS=-mcpu=cortex-a9 -mfpu=vfpv3 -mfloat-abi=hard 
-nostartfiles -g -Wall -Wextra -fno-tree-loop-distribute-patterns"

Running Make include in ps7_cortexa9_0/libsrc/gpiops_v3_9/src

make -C ps7_cortexa9_0/libsrc/gpiops_v3_9/src -s include  "SHELL=/bin/sh" "COMPILER=arm-none-eabi-gcc" "ASSEMBLER=arm-none-eabi
-as" "ARCHIVER=arm-none-eabi-ar" "COMPILER_FLAGS=  -O2 -c" "EXTRA_COMPILER_FLAGS=-mcpu=cortex-a9 -mfpu=vfpv3 -mfloat-abi=hard -
nostartfiles -g -Wall -Wextra -fno-tree-loop-distribute-patterns"

Running Make include in ps7_cortexa9_0/libsrc/iic_v3_8/src

make -C ps7_cortexa9_0/libsrc/iic_v3_8/src -s include  "SHELL=/bin/sh" "COMPILER=arm-none-eabi-gcc" "ASSEMBLER=arm-none-eabi-as
" "ARCHIVER=arm-none-eabi-ar" "COMPILER_FLAGS=  -O2 -c" "EXTRA_COMPILER_FLAGS=-mcpu=cortex-a9 -mfpu=vfpv3 -mfloat-abi=hard -nos
tartfiles -g -Wall -Wextra -fno-tree-loop-distribute-patterns"

Running Make include in ps7_cortexa9_0/libsrc/qspips_v3_9/src

make -C ps7_cortexa9_0/libsrc/qspips_v3_9/src -s include  "SHELL=/bin/sh" "COMPILER=arm-none-eabi-gcc" "ASSEMBLER=arm-none-eabi
-as" "ARCHIVER=arm-none-eabi-ar" "COMPILER_FLAGS=  -O2 -c" "EXTRA_COMPILER_FLAGS=-mcpu=cortex-a9 -mfpu=vfpv3 -mfloat-abi=hard -
nostartfiles -g -Wall -Wextra -fno-tree-loop-distribute-patterns"

Running Make include in ps7_cortexa9_0/libsrc/scugic_v4_5/src

make -C ps7_cortexa9_0/libsrc/scugic_v4_5/src -s include  "SHELL=/bin/sh" "COMPILER=arm-none-eabi-gcc" "ASSEMBLER=arm-none-eabi
-as" "ARCHIVER=arm-none-eabi-ar" "COMPILER_FLAGS=  -O2 -c" "EXTRA_COMPILER_FLAGS=-mcpu=cortex-a9 -mfpu=vfpv3 -mfloat-abi=hard -
nostartfiles -g -Wall -Wextra -fno-tree-loop-distribute-patterns"

Running Make include in ps7_cortexa9_0/libsrc/scutimer_v2_3/src

make -C ps7_cortexa9_0/libsrc/scutimer_v2_3/src -s include  "SHELL=/bin/sh" "COMPILER=arm-none-eabi-gcc" "ASSEMBLER=arm-none-ea
bi-as" "ARCHIVER=arm-none-eabi-ar" "COMPILER_FLAGS=  -O2 -c" "EXTRA_COMPILER_FLAGS=-mcpu=cortex-a9 -mfpu=vfpv3 -mfloat-abi=hard
 -nostartfiles -g -Wall -Wextra -fno-tree-loop-distribute-patterns"

Running Make include in ps7_cortexa9_0/libsrc/scuwdt_v2_4/src

make -C ps7_cortexa9_0/libsrc/scuwdt_v2_4/src -s include  "SHELL=/bin/sh" "COMPILER=arm-none-eabi-gcc" "ASSEMBLER=arm-none-eabi
-as" "ARCHIVER=arm-none-eabi-ar" "COMPILER_FLAGS=  -O2 -c" "EXTRA_COMPILER_FLAGS=-mcpu=cortex-a9 -mfpu=vfpv3 -mfloat-abi=hard -
nostartfiles -g -Wall -Wextra -fno-tree-loop-distribute-patterns"

Running Make include in ps7_cortexa9_0/libsrc/sdps_v3_12/src

make -C ps7_cortexa9_0/libsrc/sdps_v3_12/src -s include  "SHELL=/bin/sh" "COMPILER=arm-none-eabi-gcc" "ASSEMBLER=arm-none-eabi-
as" "ARCHIVER=arm-none-eabi-ar" "COMPILER_FLAGS=  -O2 -c" "EXTRA_COMPILER_FLAGS=-mcpu=cortex-a9 -mfpu=vfpv3 -mfloat-abi=hard -n
ostartfiles -g -Wall -Wextra -fno-tree-loop-distribute-patterns"

Running Make include in ps7_cortexa9_0/libsrc/spips_v3_6/src

make -C ps7_cortexa9_0/libsrc/spips_v3_6/src -s include  "SHELL=/bin/sh" "COMPILER=arm-none-eabi-gcc" "ASSEMBLER=arm-none-eabi-
as" "ARCHIVER=arm-none-eabi-ar" "COMPILER_FLAGS=  -O2 -c" "EXTRA_COMPILER_FLAGS=-mcpu=cortex-a9 -mfpu=vfpv3 -mfloat-abi=hard -n
ostartfiles -g -Wall -Wextra -fno-tree-loop-distribute-patterns"

Running Make include in ps7_cortexa9_0/libsrc/standalone_v7_5/src

make -C ps7_cortexa9_0/libsrc/standalone_v7_5/src -s include  "SHELL=/bin/sh" "COMPILER=arm-none-eabi-gcc" "ASSEMBLER=arm-none-
eabi-as" "ARCHIVER=arm-none-eabi-ar" "COMPILER_FLAGS=  -O2 -c" "EXTRA_COMPILER_FLAGS=-mcpu=cortex-a9 -mfpu=vfpv3 -mfloat-abi=ha
rd -nostartfiles -g -Wall -Wextra -fno-tree-loop-distribute-patterns"

Running Make include in ps7_cortexa9_0/libsrc/uartps_v3_11/src

make -C ps7_cortexa9_0/libsrc/uartps_v3_11/src -s include  "SHELL=/bin/sh" "COMPILER=arm-none-eabi-gcc" "ASSEMBLER=arm-none-eab
i-as" "ARCHIVER=arm-none-eabi-ar" "COMPILER_FLAGS=  -O2 -c" "EXTRA_COMPILER_FLAGS=-mcpu=cortex-a9 -mfpu=vfpv3 -mfloat-abi=hard 
-nostartfiles -g -Wall -Wextra -fno-tree-loop-distribute-patterns"

Running Make include in ps7_cortexa9_0/libsrc/usbps_v2_7/src

make -C ps7_cortexa9_0/libsrc/usbps_v2_7/src -s include  "SHELL=/bin/sh" "COMPILER=arm-none-eabi-gcc" "ASSEMBLER=arm-none-eabi-
as" "ARCHIVER=arm-none-eabi-ar" "COMPILER_FLAGS=  -O2 -c" "EXTRA_COMPILER_FLAGS=-mcpu=cortex-a9 -mfpu=vfpv3 -mfloat-abi=hard -n
ostartfiles -g -Wall -Wextra -fno-tree-loop-distribute-patterns"

Running Make include in ps7_cortexa9_0/libsrc/xadcps_v2_6/src

make -C ps7_cortexa9_0/libsrc/xadcps_v2_6/src -s include  "SHELL=/bin/sh" "COMPILER=arm-none-eabi-gcc" "ASSEMBLER=arm-none-eabi
-as" "ARCHIVER=arm-none-eabi-ar" "COMPILER_FLAGS=  -O2 -c" "EXTRA_COMPILER_FLAGS=-mcpu=cortex-a9 -mfpu=vfpv3 -mfloat-abi=hard -
nostartfiles -g -Wall -Wextra -fno-tree-loop-distribute-patterns"

Running Make include in ps7_cortexa9_0/libsrc/xilffs_v4_5/src

make -C ps7_cortexa9_0/libsrc/xilffs_v4_5/src -s include  "SHELL=/bin/sh" "COMPILER=arm-none-eabi-gcc" "ASSEMBLER=arm-none-eabi
-as" "ARCHIVER=arm-none-eabi-ar" "COMPILER_FLAGS=  -O2 -c" "EXTRA_COMPILER_FLAGS=-mcpu=cortex-a9 -mfpu=vfpv3 -mfloat-abi=hard -
nostartfiles -g -Wall -Wextra -fno-tree-loop-distribute-patterns"

Running Make include in ps7_cortexa9_0/libsrc/xilrsa_v1_6/src

make -C ps7_cortexa9_0/libsrc/xilrsa_v1_6/src -s include  "SHELL=/bin/sh" "COMPILER=arm-none-eabi-gcc" "ASSEMBLER=arm-none-eabi
-as" "ARCHIVER=arm-none-eabi-ar" "COMPILER_FLAGS=  -O2 -c" "EXTRA_COMPILER_FLAGS=-mcpu=cortex-a9 -mfpu=vfpv3 -mfloat-abi=hard -
nostartfiles -g -Wall -Wextra -fno-tree-loop-distribute-patterns"

Running Make libs in ps7_cortexa9_0/libsrc/xilrsa_v1_6/src

make -C ps7_cortexa9_0/libsrc/xilrsa_v1_6/src -s libs  "SHELL=/bin/sh" "COMPILER=arm-none-eabi-gcc" "ASSEMBLER=arm-none-eabi-as
" "ARCHIVER=arm-none-eabi-ar" "COMPILER_FLAGS=  -O2 -c" "EXTRA_COMPILER_FLAGS=-mcpu=cortex-a9 -mfpu=vfpv3 -mfloat-abi=hard -nos
tartfiles -g -Wall -Wextra -fno-tree-loop-distribute-patterns"

Finished building libraries sequentially.

make -j 6 --no-print-directory par_libs

Running Make include in ps7_cortexa9_0/libsrc/coresightps_dcc_v1_8/src

make -C ps7_cortexa9_0/libsrc/coresightps_dcc_v1_8/src -s include  "SHELL=/bin/sh" "COMPILER=arm-none-eabi-gcc" "ASSEMBLER=arm-
none-eabi-as" "ARCHIVER=arm-none-eabi-ar" "COMPILER_FLAGS=  -O2 -c" "EXTRA_COMPILER_FLAGS=-mcpu=cortex-a9 -mfpu=vfpv3 -mfloat-a
bi=hard -nostartfiles -g -Wall -Wextra -fno-tree-loop-distribute-patterns"

Running Make include in ps7_cortexa9_0/libsrc/cpu_cortexa9_v2_11/src

Running Make include in ps7_cortexa9_0/libsrc/ddrps_v1_2/src

Running Make include in ps7_cortexa9_0/libsrc/devcfg_v3_7/src

make -C ps7_cortexa9_0/libsrc/cpu_cortexa9_v2_11/src -s include  "SHELL=/bin/sh" "COMPILER=arm-none-eabi-gcc" "ASSEMBLER=arm-no
ne-eabi-as" "ARCHIVER=arm-none-eabi-ar" "COMPILER_FLAGS=  -O2 -c" "EXTRA_COMPILER_FLAGS=-mcpu=cortex-a9 -mfpu=vfpv3 -mfloat-abi
=hard -nostartfiles -g -Wall -Wextra -fno-tree-loop-distribute-patterns"

make -C ps7_cortexa9_0/libsrc/ddrps_v1_2/src -s include  "SHELL=/bin/sh" "COMPILER=arm-none-eabi-gcc" "ASSEMBLER=arm-none-eabi-
as" "ARCHIVER=arm-none-eabi-ar" "COMPILER_FLAGS=  -O2 -c" "EXTRA_COMPILER_FLAGS=-mcpu=cortex-a9 -mfpu=vfpv3 -mfloat-abi=hard -n
ostartfiles -g -Wall -Wextra -fno-tree-loop-distribute-patterns"

make -C ps7_cortexa9_0/libsrc/devcfg_v3_7/src -s include  "SHELL=/bin/sh" "COMPILER=arm-none-eabi-gcc" "ASSEMBLER=arm-none-eabi
-as" "ARCHIVER=arm-none-eabi-ar" "COMPILER_FLAGS=  -O2 -c" "EXTRA_COMPILER_FLAGS=-mcpu=cortex-a9 -mfpu=vfpv3 -mfloat-abi=hard -
nostartfiles -g -Wall -Wextra -fno-tree-loop-distribute-patterns"

Running Make include in ps7_cortexa9_0/libsrc/dmaps_v2_8/src

Running Make include in ps7_cortexa9_0/libsrc/emacps_v3_14/src

Running Make include in ps7_cortexa9_0/libsrc/gpiops_v3_9/src

make -C ps7_cortexa9_0/libsrc/dmaps_v2_8/src -s include  "SHELL=/bin/sh" "COMPILER=arm-none-eabi-gcc" "ASSEMBLER=arm-none-eabi-
as" "ARCHIVER=arm-none-eabi-ar" "COMPILER_FLAGS=  -O2 -c" "EXTRA_COMPILER_FLAGS=-mcpu=cortex-a9 -mfpu=vfpv3 -mfloat-abi=hard -n
ostartfiles -g -Wall -Wextra -fno-tree-loop-distribute-patterns"

make -C ps7_cortexa9_0/libsrc/emacps_v3_14/src -s include  "SHELL=/bin/sh" "COMPILER=arm-none-eabi-gcc" "ASSEMBLER=arm-none-eab
i-as" "ARCHIVER=arm-none-eabi-ar" "COMPILER_FLAGS=  -O2 -c" "EXTRA_COMPILER_FLAGS=-mcpu=cortex-a9 -mfpu=vfpv3 -mfloat-abi=hard 
-nostartfiles -g -Wall -Wextra -fno-tree-loop-distribute-patterns"

make -C ps7_cortexa9_0/libsrc/gpiops_v3_9/src -s include  "SHELL=/bin/sh" "COMPILER=arm-none-eabi-gcc" "ASSEMBLER=arm-none-eabi
-as" "ARCHIVER=arm-none-eabi-ar" "COMPILER_FLAGS=  -O2 -c" "EXTRA_COMPILER_FLAGS=-mcpu=cortex-a9 -mfpu=vfpv3 -mfloat-abi=hard -
nostartfiles -g -Wall -Wextra -fno-tree-loop-distribute-patterns"

Running Make include in ps7_cortexa9_0/libsrc/iic_v3_8/src

make -C ps7_cortexa9_0/libsrc/iic_v3_8/src -s include  "SHELL=/bin/sh" "COMPILER=arm-none-eabi-gcc" "ASSEMBLER=arm-none-eabi-as
" "ARCHIVER=arm-none-eabi-ar" "COMPILER_FLAGS=  -O2 -c" "EXTRA_COMPILER_FLAGS=-mcpu=cortex-a9 -mfpu=vfpv3 -mfloat-abi=hard -nos
tartfiles -g -Wall -Wextra -fno-tree-loop-distribute-patterns"

Running Make include in ps7_cortexa9_0/libsrc/qspips_v3_9/src

make -C ps7_cortexa9_0/libsrc/qspips_v3_9/src -s include  "SHELL=/bin/sh" "COMPILER=arm-none-eabi-gcc" "ASSEMBLER=arm-none-eabi
-as" "ARCHIVER=arm-none-eabi-ar" "COMPILER_FLAGS=  -O2 -c" "EXTRA_COMPILER_FLAGS=-mcpu=cortex-a9 -mfpu=vfpv3 -mfloat-abi=hard -
nostartfiles -g -Wall -Wextra -fno-tree-loop-distribute-patterns"

Running Make include in ps7_cortexa9_0/libsrc/scugic_v4_5/src

make -C ps7_cortexa9_0/libsrc/scugic_v4_5/src -s include  "SHELL=/bin/sh" "COMPILER=arm-none-eabi-gcc" "ASSEMBLER=arm-none-eabi
-as" "ARCHIVER=arm-none-eabi-ar" "COMPILER_FLAGS=  -O2 -c" "EXTRA_COMPILER_FLAGS=-mcpu=cortex-a9 -mfpu=vfpv3 -mfloat-abi=hard -
nostartfiles -g -Wall -Wextra -fno-tree-loop-distribute-patterns"

Running Make include in ps7_cortexa9_0/libsrc/scutimer_v2_3/src

make -C ps7_cortexa9_0/libsrc/scutimer_v2_3/src -s include  "SHELL=/bin/sh" "COMPILER=arm-none-eabi-gcc" "ASSEMBLER=arm-none-ea
bi-as" "ARCHIVER=arm-none-eabi-ar" "COMPILER_FLAGS=  -O2 -c" "EXTRA_COMPILER_FLAGS=-mcpu=cortex-a9 -mfpu=vfpv3 -mfloat-abi=hard
 -nostartfiles -g -Wall -Wextra -fno-tree-loop-distribute-patterns"

Running Make include in ps7_cortexa9_0/libsrc/scuwdt_v2_4/src

make -C ps7_cortexa9_0/libsrc/scuwdt_v2_4/src -s include  "SHELL=/bin/sh" "COMPILER=arm-none-eabi-gcc" "ASSEMBLER=arm-none-eabi
-as" "ARCHIVER=arm-none-eabi-ar" "COMPILER_FLAGS=  -O2 -c" "EXTRA_COMPILER_FLAGS=-mcpu=cortex-a9 -mfpu=vfpv3 -mfloat-abi=hard -
nostartfiles -g -Wall -Wextra -fno-tree-loop-distribute-patterns"

Running Make include in ps7_cortexa9_0/libsrc/sdps_v3_12/src

make -C ps7_cortexa9_0/libsrc/sdps_v3_12/src -s include  "SHELL=/bin/sh" "COMPILER=arm-none-eabi-gcc" "ASSEMBLER=arm-none-eabi-
as" "ARCHIVER=arm-none-eabi-ar" "COMPILER_FLAGS=  -O2 -c" "EXTRA_COMPILER_FLAGS=-mcpu=cortex-a9 -mfpu=vfpv3 -mfloat-abi=hard -n
ostartfiles -g -Wall -Wextra -fno-tree-loop-distribute-patterns"

Running Make include in ps7_cortexa9_0/libsrc/spips_v3_6/src

make -C ps7_cortexa9_0/libsrc/spips_v3_6/src -s include  "SHELL=/bin/sh" "COMPILER=arm-none-eabi-gcc" "ASSEMBLER=arm-none-eabi-
as" "ARCHIVER=arm-none-eabi-ar" "COMPILER_FLAGS=  -O2 -c" "EXTRA_COMPILER_FLAGS=-mcpu=cortex-a9 -mfpu=vfpv3 -mfloat-abi=hard -n
ostartfiles -g -Wall -Wextra -fno-tree-loop-distribute-patterns"

Running Make include in ps7_cortexa9_0/libsrc/standalone_v7_5/src

make -C ps7_cortexa9_0/libsrc/standalone_v7_5/src -s include  "SHELL=/bin/sh" "COMPILER=arm-none-eabi-gcc" "ASSEMBLER=arm-none-
eabi-as" "ARCHIVER=arm-none-eabi-ar" "COMPILER_FLAGS=  -O2 -c" "EXTRA_COMPILER_FLAGS=-mcpu=cortex-a9 -mfpu=vfpv3 -mfloat-abi=ha
rd -nostartfiles -g -Wall -Wextra -fno-tree-loop-distribute-patterns"

Running Make include in ps7_cortexa9_0/libsrc/uartps_v3_11/src

make -C ps7_cortexa9_0/libsrc/uartps_v3_11/src -s include  "SHELL=/bin/sh" "COMPILER=arm-none-eabi-gcc" "ASSEMBLER=arm-none-eab
i-as" "ARCHIVER=arm-none-eabi-ar" "COMPILER_FLAGS=  -O2 -c" "EXTRA_COMPILER_FLAGS=-mcpu=cortex-a9 -mfpu=vfpv3 -mfloat-abi=hard 
-nostartfiles -g -Wall -Wextra -fno-tree-loop-distribute-patterns"

Running Make include in ps7_cortexa9_0/libsrc/usbps_v2_7/src

make -C ps7_cortexa9_0/libsrc/usbps_v2_7/src -s include  "SHELL=/bin/sh" "COMPILER=arm-none-eabi-gcc" "ASSEMBLER=arm-none-eabi-
as" "ARCHIVER=arm-none-eabi-ar" "COMPILER_FLAGS=  -O2 -c" "EXTRA_COMPILER_FLAGS=-mcpu=cortex-a9 -mfpu=vfpv3 -mfloat-abi=hard -n
ostartfiles -g -Wall -Wextra -fno-tree-loop-distribute-patterns"

Running Make include in ps7_cortexa9_0/libsrc/xadcps_v2_6/src

make -C ps7_cortexa9_0/libsrc/xadcps_v2_6/src -s include  "SHELL=/bin/sh" "COMPILER=arm-none-eabi-gcc" "ASSEMBLER=arm-none-eabi
-as" "ARCHIVER=arm-none-eabi-ar" "COMPILER_FLAGS=  -O2 -c" "EXTRA_COMPILER_FLAGS=-mcpu=cortex-a9 -mfpu=vfpv3 -mfloat-abi=hard -
nostartfiles -g -Wall -Wextra -fno-tree-loop-distribute-patterns"

Running Make include in ps7_cortexa9_0/libsrc/xilffs_v4_5/src

make -C ps7_cortexa9_0/libsrc/xilffs_v4_5/src -s include  "SHELL=/bin/sh" "COMPILER=arm-none-eabi-gcc" "ASSEMBLER=arm-none-eabi
-as" "ARCHIVER=arm-none-eabi-ar" "COMPILER_FLAGS=  -O2 -c" "EXTRA_COMPILER_FLAGS=-mcpu=cortex-a9 -mfpu=vfpv3 -mfloat-abi=hard -
nostartfiles -g -Wall -Wextra -fno-tree-loop-distribute-patterns"

Running Make include in ps7_cortexa9_0/libsrc/xilrsa_v1_6/src

make -C ps7_cortexa9_0/libsrc/xilrsa_v1_6/src -s include  "SHELL=/bin/sh" "COMPILER=arm-none-eabi-gcc" "ASSEMBLER=arm-none-eabi
-as" "ARCHIVER=arm-none-eabi-ar" "COMPILER_FLAGS=  -O2 -c" "EXTRA_COMPILER_FLAGS=-mcpu=cortex-a9 -mfpu=vfpv3 -mfloat-abi=hard -
nostartfiles -g -Wall -Wextra -fno-tree-loop-distribute-patterns"

Running Make libs in ps7_cortexa9_0/libsrc/coresightps_dcc_v1_8/src

Running Make libs in ps7_cortexa9_0/libsrc/cpu_cortexa9_v2_11/src

make -C ps7_cortexa9_0/libsrc/coresightps_dcc_v1_8/src -s libs  "SHELL=/bin/sh" "COMPILER=arm-none-eabi-gcc" "ASSEMBLER=arm-non
e-eabi-as" "ARCHIVER=arm-none-eabi-ar" "COMPILER_FLAGS=  -O2 -c" "EXTRA_COMPILER_FLAGS=-mcpu=cortex-a9 -mfpu=vfpv3 -mfloat-abi=
hard -nostartfiles -g -Wall -Wextra -fno-tree-loop-distribute-patterns"

make -C ps7_cortexa9_0/libsrc/cpu_cortexa9_v2_11/src -s libs  "SHELL=/bin/sh" "COMPILER=arm-none-eabi-gcc" "ASSEMBLER=arm-none-
eabi-as" "ARCHIVER=arm-none-eabi-ar" "COMPILER_FLAGS=  -O2 -c" "EXTRA_COMPILER_FLAGS=-mcpu=cortex-a9 -mfpu=vfpv3 -mfloat-abi=ha
rd -nostartfiles -g -Wall -Wextra -fno-tree-loop-distribute-patterns"

Running Make libs in ps7_cortexa9_0/libsrc/ddrps_v1_2/src

Running Make libs in ps7_cortexa9_0/libsrc/devcfg_v3_7/src

make -C ps7_cortexa9_0/libsrc/ddrps_v1_2/src -s libs  "SHELL=/bin/sh" "COMPILER=arm-none-eabi-gcc" "ASSEMBLER=arm-none-eabi-as"
 "ARCHIVER=arm-none-eabi-ar" "COMPILER_FLAGS=  -O2 -c" "EXTRA_COMPILER_FLAGS=-mcpu=cortex-a9 -mfpu=vfpv3 -mfloat-abi=hard -nost
artfiles -g -Wall -Wextra -fno-tree-loop-distribute-patterns"

make -C ps7_cortexa9_0/libsrc/devcfg_v3_7/src -s libs  "SHELL=/bin/sh" "COMPILER=arm-none-eabi-gcc" "ASSEMBLER=arm-none-eabi-as
" "ARCHIVER=arm-none-eabi-ar" "COMPILER_FLAGS=  -O2 -c" "EXTRA_COMPILER_FLAGS=-mcpu=cortex-a9 -mfpu=vfpv3 -mfloat-abi=hard -nos
tartfiles -g -Wall -Wextra -fno-tree-loop-distribute-patterns"

Running Make libs in ps7_cortexa9_0/libsrc/dmaps_v2_8/src

make -C ps7_cortexa9_0/libsrc/dmaps_v2_8/src -s libs  "SHELL=/bin/sh" "COMPILER=arm-none-eabi-gcc" "ASSEMBLER=arm-none-eabi-as"
 "ARCHIVER=arm-none-eabi-ar" "COMPILER_FLAGS=  -O2 -c" "EXTRA_COMPILER_FLAGS=-mcpu=cortex-a9 -mfpu=vfpv3 -mfloat-abi=hard -nost
artfiles -g -Wall -Wextra -fno-tree-loop-distribute-patterns"

Running Make libs in ps7_cortexa9_0/libsrc/emacps_v3_14/src

Running Make libs in ps7_cortexa9_0/libsrc/gpiops_v3_9/src

make -C ps7_cortexa9_0/libsrc/emacps_v3_14/src -s libs  "SHELL=/bin/sh" "COMPILER=arm-none-eabi-gcc" "ASSEMBLER=arm-none-eabi-a
s" "ARCHIVER=arm-none-eabi-ar" "COMPILER_FLAGS=  -O2 -c" "EXTRA_COMPILER_FLAGS=-mcpu=cortex-a9 -mfpu=vfpv3 -mfloat-abi=hard -no
startfiles -g -Wall -Wextra -fno-tree-loop-distribute-patterns"

make -C ps7_cortexa9_0/libsrc/gpiops_v3_9/src -s libs  "SHELL=/bin/sh" "COMPILER=arm-none-eabi-gcc" "ASSEMBLER=arm-none-eabi-as
" "ARCHIVER=arm-none-eabi-ar" "COMPILER_FLAGS=  -O2 -c" "EXTRA_COMPILER_FLAGS=-mcpu=cortex-a9 -mfpu=vfpv3 -mfloat-abi=hard -nos
tartfiles -g -Wall -Wextra -fno-tree-loop-distribute-patterns"

Running Make libs in ps7_cortexa9_0/libsrc/iic_v3_8/src

make -C ps7_cortexa9_0/libsrc/iic_v3_8/src -s libs  "SHELL=/bin/sh" "COMPILER=arm-none-eabi-gcc" "ASSEMBLER=arm-none-eabi-as" "
ARCHIVER=arm-none-eabi-ar" "COMPILER_FLAGS=  -O2 -c" "EXTRA_COMPILER_FLAGS=-mcpu=cortex-a9 -mfpu=vfpv3 -mfloat-abi=hard -nostar
tfiles -g -Wall -Wextra -fno-tree-loop-distribute-patterns"

Running Make libs in ps7_cortexa9_0/libsrc/qspips_v3_9/src

make -C ps7_cortexa9_0/libsrc/qspips_v3_9/src -s libs  "SHELL=/bin/sh" "COMPILER=arm-none-eabi-gcc" "ASSEMBLER=arm-none-eabi-as
" "ARCHIVER=arm-none-eabi-ar" "COMPILER_FLAGS=  -O2 -c" "EXTRA_COMPILER_FLAGS=-mcpu=cortex-a9 -mfpu=vfpv3 -mfloat-abi=hard -nos
tartfiles -g -Wall -Wextra -fno-tree-loop-distribute-patterns"

Running Make libs in ps7_cortexa9_0/libsrc/scugic_v4_5/src

make -C ps7_cortexa9_0/libsrc/scugic_v4_5/src -s libs  "SHELL=/bin/sh" "COMPILER=arm-none-eabi-gcc" "ASSEMBLER=arm-none-eabi-as
" "ARCHIVER=arm-none-eabi-ar" "COMPILER_FLAGS=  -O2 -c" "EXTRA_COMPILER_FLAGS=-mcpu=cortex-a9 -mfpu=vfpv3 -mfloat-abi=hard -nos
tartfiles -g -Wall -Wextra -fno-tree-loop-distribute-patterns"

Running Make libs in ps7_cortexa9_0/libsrc/scutimer_v2_3/src

make -C ps7_cortexa9_0/libsrc/scutimer_v2_3/src -s libs  "SHELL=/bin/sh" "COMPILER=arm-none-eabi-gcc" "ASSEMBLER=arm-none-eabi-
as" "ARCHIVER=arm-none-eabi-ar" "COMPILER_FLAGS=  -O2 -c" "EXTRA_COMPILER_FLAGS=-mcpu=cortex-a9 -mfpu=vfpv3 -mfloat-abi=hard -n
ostartfiles -g -Wall -Wextra -fno-tree-loop-distribute-patterns"

Running Make libs in ps7_cortexa9_0/libsrc/scuwdt_v2_4/src

make -C ps7_cortexa9_0/libsrc/scuwdt_v2_4/src -s libs  "SHELL=/bin/sh" "COMPILER=arm-none-eabi-gcc" "ASSEMBLER=arm-none-eabi-as
" "ARCHIVER=arm-none-eabi-ar" "COMPILER_FLAGS=  -O2 -c" "EXTRA_COMPILER_FLAGS=-mcpu=cortex-a9 -mfpu=vfpv3 -mfloat-abi=hard -nos
tartfiles -g -Wall -Wextra -fno-tree-loop-distribute-patterns"

Running Make libs in ps7_cortexa9_0/libsrc/sdps_v3_12/src

make -C ps7_cortexa9_0/libsrc/sdps_v3_12/src -s libs  "SHELL=/bin/sh" "COMPILER=arm-none-eabi-gcc" "ASSEMBLER=arm-none-eabi-as"
 "ARCHIVER=arm-none-eabi-ar" "COMPILER_FLAGS=  -O2 -c" "EXTRA_COMPILER_FLAGS=-mcpu=cortex-a9 -mfpu=vfpv3 -mfloat-abi=hard -nost
artfiles -g -Wall -Wextra -fno-tree-loop-distribute-patterns"

Running Make libs in ps7_cortexa9_0/libsrc/spips_v3_6/src

make -C ps7_cortexa9_0/libsrc/spips_v3_6/src -s libs  "SHELL=/bin/sh" "COMPILER=arm-none-eabi-gcc" "ASSEMBLER=arm-none-eabi-as"
 "ARCHIVER=arm-none-eabi-ar" "COMPILER_FLAGS=  -O2 -c" "EXTRA_COMPILER_FLAGS=-mcpu=cortex-a9 -mfpu=vfpv3 -mfloat-abi=hard -nost
artfiles -g -Wall -Wextra -fno-tree-loop-distribute-patterns"

Running Make libs in ps7_cortexa9_0/libsrc/standalone_v7_5/src

make -C ps7_cortexa9_0/libsrc/standalone_v7_5/src -s libs  "SHELL=/bin/sh" "COMPILER=arm-none-eabi-gcc" "ASSEMBLER=arm-none-eab
i-as" "ARCHIVER=arm-none-eabi-ar" "COMPILER_FLAGS=  -O2 -c" "EXTRA_COMPILER_FLAGS=-mcpu=cortex-a9 -mfpu=vfpv3 -mfloat-abi=hard 
-nostartfiles -g -Wall -Wextra -fno-tree-loop-distribute-patterns"

Running Make libs in ps7_cortexa9_0/libsrc/uartps_v3_11/src

make -C ps7_cortexa9_0/libsrc/uartps_v3_11/src -s libs  "SHELL=/bin/sh" "COMPILER=arm-none-eabi-gcc" "ASSEMBLER=arm-none-eabi-a
s" "ARCHIVER=arm-none-eabi-ar" "COMPILER_FLAGS=  -O2 -c" "EXTRA_COMPILER_FLAGS=-mcpu=cortex-a9 -mfpu=vfpv3 -mfloat-abi=hard -no
startfiles -g -Wall -Wextra -fno-tree-loop-distribute-patterns"

Running Make libs in ps7_cortexa9_0/libsrc/usbps_v2_7/src

make -C ps7_cortexa9_0/libsrc/usbps_v2_7/src -s libs  "SHELL=/bin/sh" "COMPILER=arm-none-eabi-gcc" "ASSEMBLER=arm-none-eabi-as"
 "ARCHIVER=arm-none-eabi-ar" "COMPILER_FLAGS=  -O2 -c" "EXTRA_COMPILER_FLAGS=-mcpu=cortex-a9 -mfpu=vfpv3 -mfloat-abi=hard -nost
artfiles -g -Wall -Wextra -fno-tree-loop-distribute-patterns"

Running Make libs in ps7_cortexa9_0/libsrc/xadcps_v2_6/src

make -C ps7_cortexa9_0/libsrc/xadcps_v2_6/src -s libs  "SHELL=/bin/sh" "COMPILER=arm-none-eabi-gcc" "ASSEMBLER=arm-none-eabi-as
" "ARCHIVER=arm-none-eabi-ar" "COMPILER_FLAGS=  -O2 -c" "EXTRA_COMPILER_FLAGS=-mcpu=cortex-a9 -mfpu=vfpv3 -mfloat-abi=hard -nos
tartfiles -g -Wall -Wextra -fno-tree-loop-distribute-patterns"

Running Make libs in ps7_cortexa9_0/libsrc/xilffs_v4_5/src

make -C ps7_cortexa9_0/libsrc/xilffs_v4_5/src -s libs  "SHELL=/bin/sh" "COMPILER=arm-none-eabi-gcc" "ASSEMBLER=arm-none-eabi-as
" "ARCHIVER=arm-none-eabi-ar" "COMPILER_FLAGS=  -O2 -c" "EXTRA_COMPILER_FLAGS=-mcpu=cortex-a9 -mfpu=vfpv3 -mfloat-abi=hard -nos
tartfiles -g -Wall -Wextra -fno-tree-loop-distribute-patterns"

xtime_l.c:45:9: note: '#pragma message: For the sleep routines, Global timer is being used'
   45 | #pragma message ("For the sleep routines, Global timer is being used")
      |         ^~~~~~~
Finished building libraries parallelly.

make --no-print-directory archive

arm-none-eabi-ar -r  ps7_cortexa9_0/lib/libxil.a ps7_cortexa9_0/lib/abort.o ps7_cortexa9_0/lib/asm_vectors.o ps7_cortexa9_0/lib
/boot.o ps7_cortexa9_0/lib/close.o ps7_cortexa9_0/lib/cpputest_time.o ps7_cortexa9_0/lib/cpu_init.o ps7_cortexa9_0/lib/errno.o 
ps7_cortexa9_0/lib/_exit.o ps7_cortexa9_0/lib/fcntl.o ps7_cortexa9_0/lib/fstat.o ps7_cortexa9_0/lib/getpid.o ps7_cortexa9_0/lib
/inbyte.o ps7_cortexa9_0/lib/isatty.o ps7_cortexa9_0/lib/kill.o ps7_cortexa9_0/lib/lseek.o ps7_cortexa9_0/lib/_open.o ps7_corte
xa9_0/lib/open.o ps7_cortexa9_0/lib/outbyte.o ps7_cortexa9_0/lib/print.o ps7_cortexa9_0/lib/putnum.o ps7_cortexa9_0/lib/read.o 
ps7_cortexa9_0/lib/_sbrk.o ps7_cortexa9_0/lib/sbrk.o ps7_cortexa9_0/lib/sleep.o ps7_cortexa9_0/lib/time.o ps7_cortexa9_0/lib/tr
anslation_table.o ps7_cortexa9_0/lib/unlink.o ps7_cortexa9_0/lib/usleep.o ps7_cortexa9_0/lib/vectors.o ps7_cortexa9_0/lib/write
.o ps7_cortexa9_0/lib/xadcps_g.o ps7_cortexa9_0/lib/xadcps_intr.o ps7_cortexa9_0/lib/xadcps.o ps7_cortexa9_0/lib/xadcps_selftes
t.o ps7_cortexa9_0/lib/xadcps_sinit.o ps7_cortexa9_0/lib/xcoresightpsdcc.o ps7_cortexa9_0/lib/xdevcfg_g.o ps7_cortexa9_0/lib/xd
evcfg_hw.o ps7_cortexa9_0/lib/xdevcfg_intr.o ps7_cortexa9_0/lib/xdevcfg.o ps7_cortexa9_0/lib/xdevcfg_selftest.o ps7_cortexa9_0/
lib/xdevcfg_sinit.o ps7_cortexa9_0/lib/xdmaps_g.o ps7_cortexa9_0/lib/xdmaps_hw.o ps7_cortexa9_0/lib/xdmaps.o ps7_cortexa9_0/lib
/xdmaps_selftest.o ps7_cortexa9_0/lib/xdmaps_sinit.o ps7_cortexa9_0/lib/xemacps_bdring.o ps7_cortexa9_0/lib/xemacps_control.o p
s7_cortexa9_0/lib/xemacps_g.o ps7_cortexa9_0/lib/xemacps_hw.o ps7_cortexa9_0/lib/xemacps_intr.o ps7_cortexa9_0/lib/xemacps.o ps
7_cortexa9_0/lib/xemacps_sinit.o ps7_cortexa9_0/lib/xgpiops_g.o ps7_cortexa9_0/lib/xgpiops_hw.o ps7_cortexa9_0/lib/xgpiops_intr
.o ps7_cortexa9_0/lib/xgpiops.o ps7_cortexa9_0/lib/xgpiops_selftest.o ps7_cortexa9_0/lib/xgpiops_sinit.o ps7_cortexa9_0/lib/xii
c_dyn_master.o ps7_cortexa9_0/lib/xiic_g.o ps7_cortexa9_0/lib/xiic_intr.o ps7_cortexa9_0/lib/xiic_l.o ps7_cortexa9_0/lib/xiic_m
aster.o ps7_cortexa9_0/lib/xiic_multi_master.o ps7_cortexa9_0/lib/xiic.o ps7_cortexa9_0/lib/xiic_options.o ps7_cortexa9_0/lib/x
iic_selftest.o ps7_cortexa9_0/lib/xiic_sinit.o ps7_cortexa9_0/lib/xiic_slave.o ps7_cortexa9_0/lib/xiic_stats.o ps7_cortexa9_0/l
ib/xil_assert.o ps7_cortexa9_0/lib/xil_cache.o ps7_cortexa9_0/lib/xil_clocking.o ps7_cortexa9_0/lib/xil-crt0.o ps7_cortexa9_0/l
ib/xil_exception.o ps7_cortexa9_0/lib/xil_mem.o ps7_cortexa9_0/lib/xil_misc_psreset_api.o ps7_cortexa9_0/lib/xil_mmu.o ps7_cort
exa9_0/lib/xil_printf.o ps7_cortexa9_0/lib/xil_sleepcommon.o ps7_cortexa9_0/lib/xil_sleeptimer.o ps7_cortexa9_0/lib/xil_spinloc
k.o ps7_cortexa9_0/lib/xil_testcache.o ps7_cortexa9_0/lib/xil_testio.o ps7_cortexa9_0/lib/xil_testmem.o ps7_cortexa9_0/lib/xil_
util.o ps7_cortexa9_0/lib/xl2cc_counter.o ps7_cortexa9_0/lib/xplatform_info.o ps7_cortexa9_0/lib/xpm_counter.o ps7_cortexa9_0/l
ib/xqspips_g.o ps7_cortexa9_0/lib/xqspips_hw.o ps7_cortexa9_0/lib/xqspips.o ps7_cortexa9_0/lib/xqspips_options.o ps7_cortexa9_0
/lib/xqspips_selftest.o ps7_cortexa9_0/lib/xqspips_sinit.o ps7_cortexa9_0/lib/xscugic_g.o ps7_cortexa9_0/lib/xscugic_hw.o ps7_c
ortexa9_0/lib/xscugic_intr.o ps7_cortexa9_0/lib/xscugic.o ps7_cortexa9_0/lib/xscugic_selftest.o ps7_cortexa9_0/lib/xscugic_sini
t.o ps7_cortexa9_0/lib/xscutimer_g.o ps7_cortexa9_0/lib/xscutimer.o ps7_cortexa9_0/lib/xscutimer_selftest.o ps7_cortexa9_0/lib/
xscutimer_sinit.o ps7_cortexa9_0/lib/xscuwdt_g.o ps7_cortexa9_0/lib/xscuwdt.o ps7_cortexa9_0/lib/xscuwdt_selftest.o ps7_cortexa
9_0/lib/xscuwdt_sinit.o ps7_cortexa9_0/lib/xsdps_card.o ps7_cortexa9_0/lib/xsdps_g.o ps7_cortexa9_0/lib/xsdps_host.o ps7_cortex
a9_0/lib/xsdps.o ps7_cortexa9_0/lib/xsdps_options.o ps7_cortexa9_0/lib/xsdps_sinit.o ps7_cortexa9_0/lib/xspips_g.o ps7_cortexa9
_0/lib/xspips_hw.o ps7_cortexa9_0/lib/xspips.o ps7_cortexa9_0/lib/xspips_options.o ps7_cortexa9_0/lib/xspips_selftest.o ps7_cor
texa9_0/lib/xspips_sinit.o ps7_cortexa9_0/lib/xtime_l.o ps7_cortexa9_0/lib/xuartps_g.o ps7_cortexa9_0/lib/xuartps_hw.o ps7_cort
exa9_0/lib/xuartps_intr.o ps7_cortexa9_0/lib/xuartps.o ps7_cortexa9_0/lib/xuartps_options.o ps7_cortexa9_0/lib/xuartps_selftest
.o ps7_cortexa9_0/lib/xuartps_sinit.o ps7_cortexa9_0/lib/xusbps_endpoint.o ps7_cortexa9_0/lib/xusbps_g.o ps7_cortexa9_0/lib/xus
bps_hw.o ps7_cortexa9_0/lib/xusbps_intr.o ps7_cortexa9_0/lib/xusbps.o ps7_cortexa9_0/lib/xusbps_sinit.o

Finished building libraries

make: Leaving directory '/home/bharathwaj/Research/fpgaStuff/xilinx/softwareDefinedRadio/WhiteShark/zedBaremetalSoftware/system
_top/zynq_fsbl/zynq_fsbl_bsp'

arm-none-eabi-gcc -MMD -MP       -mcpu=cortex-a9 -mfpu=vfpv3 -mfloat-abi=hard   -O2 -c -c fsbl_hooks.c -o fsbl_hooks.o -Izynq_f
sbl_bsp/ps7_cortexa9_0/include -I.

arm-none-eabi-gcc -MMD -MP       -mcpu=cortex-a9 -mfpu=vfpv3 -mfloat-abi=hard   -O2 -c -c image_mover.c -o image_mover.o -Izynq
_fsbl_bsp/ps7_cortexa9_0/include -I.

arm-none-eabi-gcc -MMD -MP       -mcpu=cortex-a9 -mfpu=vfpv3 -mfloat-abi=hard   -O2 -c -c main.c -o main.o -Izynq_fsbl_bsp/ps7_
cortexa9_0/include -I.

arm-none-eabi-gcc -MMD -MP       -mcpu=cortex-a9 -mfpu=vfpv3 -mfloat-abi=hard   -O2 -c -c md5.c -o md5.o -Izynq_fsbl_bsp/ps7_co
rtexa9_0/include -I.

arm-none-eabi-gcc -MMD -MP       -mcpu=cortex-a9 -mfpu=vfpv3 -mfloat-abi=hard   -O2 -c -c nand.c -o nand.o -Izynq_fsbl_bsp/ps7_
cortexa9_0/include -I.

arm-none-eabi-gcc -MMD -MP       -mcpu=cortex-a9 -mfpu=vfpv3 -mfloat-abi=hard   -O2 -c -c nor.c -o nor.o -Izynq_fsbl_bsp/ps7_co
rtexa9_0/include -I.

arm-none-eabi-gcc -MMD -MP       -mcpu=cortex-a9 -mfpu=vfpv3 -mfloat-abi=hard   -O2 -c -c pcap.c -o pcap.o -Izynq_fsbl_bsp/ps7_
cortexa9_0/include -I.

arm-none-eabi-gcc -MMD -MP       -mcpu=cortex-a9 -mfpu=vfpv3 -mfloat-abi=hard   -O2 -c -c ps7_init.c -o ps7_init.o -Izynq_fsbl_
bsp/ps7_cortexa9_0/include -I.

arm-none-eabi-gcc -MMD -MP       -mcpu=cortex-a9 -mfpu=vfpv3 -mfloat-abi=hard   -O2 -c -c qspi.c -o qspi.o -Izynq_fsbl_bsp/ps7_
cortexa9_0/include -I.

arm-none-eabi-gcc -MMD -MP       -mcpu=cortex-a9 -mfpu=vfpv3 -mfloat-abi=hard   -O2 -c -c rsa.c -o rsa.o -Izynq_fsbl_bsp/ps7_co
rtexa9_0/include -I.

arm-none-eabi-gcc -MMD -MP       -mcpu=cortex-a9 -mfpu=vfpv3 -mfloat-abi=hard   -O2 -c -c sd.c -o sd.o -Izynq_fsbl_bsp/ps7_cort
exa9_0/include -I.

arm-none-eabi-gcc -MMD -MP       -mcpu=cortex-a9 -mfpu=vfpv3 -mfloat-abi=hard   -O2 -c -c fsbl_handoff.S -o fsbl_handoff.o -Izy
nq_fsbl_bsp/ps7_cortexa9_0/include -I.

arm-none-eabi-gcc -o fsbl.elf  fsbl_hooks.o  image_mover.o  main.o  md5.o  nand.o  nor.o  pcap.o  ps7_init.o  qspi.o  rsa.o  sd
.o  fsbl_handoff.o -MMD -MP       -mcpu=cortex-a9 -mfpu=vfpv3 -mfloat-abi=hard   -mcpu=cortex-a9 -mfpu=vfpv3 -mfloat-abi=hard -
Wl,-build-id=none -specs=Xilinx.spec  -lrsa -Wl,--start-group,-lxil,-lgcc,-lc,--end-group -Wl,--start-group,-lxilffs,-lxil,-lgc
c,-lc,--end-group -Wl,--start-group,-lrsa,-lxil,-lgcc,-lc,--end-group                                                -Wl,--gc-s
ections -Lzynq_fsbl_bsp/ps7_cortexa9_0/lib -L./ -Tlscript.ld

Building the BSP Library for domain  - standalone_domain on processor ps7_cortexa9_0
make --no-print-directory seq_libs

Finished building libraries sequentially.

make -j 6 --no-print-directory par_libs

Running Make include in ps7_cortexa9_0/libsrc/coresightps_dcc_v1_8/src

make -C ps7_cortexa9_0/libsrc/coresightps_dcc_v1_8/src -s include  "SHELL=/bin/sh" "COMPILER=arm-none-eabi-gcc" "ASSEMBLER=arm-
none-eabi-as" "ARCHIVER=arm-none-eabi-ar" "COMPILER_FLAGS=  -O2 -c" "EXTRA_COMPILER_FLAGS=-mcpu=cortex-a9 -mfpu=vfpv3 -mfloat-a
bi=hard -nostartfiles -g -Wall -Wextra -fno-tree-loop-distribute-patterns"

Running Make include in ps7_cortexa9_0/libsrc/cpu_cortexa9_v2_11/src

make -C ps7_cortexa9_0/libsrc/cpu_cortexa9_v2_11/src -s include  "SHELL=/bin/sh" "COMPILER=arm-none-eabi-gcc" "ASSEMBLER=arm-no
ne-eabi-as" "ARCHIVER=arm-none-eabi-ar" "COMPILER_FLAGS=  -O2 -c" "EXTRA_COMPILER_FLAGS=-mcpu=cortex-a9 -mfpu=vfpv3 -mfloat-abi
=hard -nostartfiles -g -Wall -Wextra -fno-tree-loop-distribute-patterns"

Running Make include in ps7_cortexa9_0/libsrc/ddrps_v1_2/src

make -C ps7_cortexa9_0/libsrc/ddrps_v1_2/src -s include  "SHELL=/bin/sh" "COMPILER=arm-none-eabi-gcc" "ASSEMBLER=arm-none-eabi-
as" "ARCHIVER=arm-none-eabi-ar" "COMPILER_FLAGS=  -O2 -c" "EXTRA_COMPILER_FLAGS=-mcpu=cortex-a9 -mfpu=vfpv3 -mfloat-abi=hard -n
ostartfiles -g -Wall -Wextra -fno-tree-loop-distribute-patterns"

Running Make include in ps7_cortexa9_0/libsrc/devcfg_v3_7/src

make -C ps7_cortexa9_0/libsrc/devcfg_v3_7/src -s include  "SHELL=/bin/sh" "COMPILER=arm-none-eabi-gcc" "ASSEMBLER=arm-none-eabi
-as" "ARCHIVER=arm-none-eabi-ar" "COMPILER_FLAGS=  -O2 -c" "EXTRA_COMPILER_FLAGS=-mcpu=cortex-a9 -mfpu=vfpv3 -mfloat-abi=hard -
nostartfiles -g -Wall -Wextra -fno-tree-loop-distribute-patterns"

Running Make include in ps7_cortexa9_0/libsrc/dmaps_v2_8/src

make -C ps7_cortexa9_0/libsrc/dmaps_v2_8/src -s include  "SHELL=/bin/sh" "COMPILER=arm-none-eabi-gcc" "ASSEMBLER=arm-none-eabi-
as" "ARCHIVER=arm-none-eabi-ar" "COMPILER_FLAGS=  -O2 -c" "EXTRA_COMPILER_FLAGS=-mcpu=cortex-a9 -mfpu=vfpv3 -mfloat-abi=hard -n
ostartfiles -g -Wall -Wextra -fno-tree-loop-distribute-patterns"

Running Make include in ps7_cortexa9_0/libsrc/emacps_v3_14/src

make -C ps7_cortexa9_0/libsrc/emacps_v3_14/src -s include  "SHELL=/bin/sh" "COMPILER=arm-none-eabi-gcc" "ASSEMBLER=arm-none-eab
i-as" "ARCHIVER=arm-none-eabi-ar" "COMPILER_FLAGS=  -O2 -c" "EXTRA_COMPILER_FLAGS=-mcpu=cortex-a9 -mfpu=vfpv3 -mfloat-abi=hard 
-nostartfiles -g -Wall -Wextra -fno-tree-loop-distribute-patterns"

Running Make include in ps7_cortexa9_0/libsrc/gpiops_v3_9/src

make -C ps7_cortexa9_0/libsrc/gpiops_v3_9/src -s include  "SHELL=/bin/sh" "COMPILER=arm-none-eabi-gcc" "ASSEMBLER=arm-none-eabi
-as" "ARCHIVER=arm-none-eabi-ar" "COMPILER_FLAGS=  -O2 -c" "EXTRA_COMPILER_FLAGS=-mcpu=cortex-a9 -mfpu=vfpv3 -mfloat-abi=hard -
nostartfiles -g -Wall -Wextra -fno-tree-loop-distribute-patterns"

Running Make include in ps7_cortexa9_0/libsrc/iic_v3_8/src

Running Make include in ps7_cortexa9_0/libsrc/qspips_v3_9/src

make -C ps7_cortexa9_0/libsrc/iic_v3_8/src -s include  "SHELL=/bin/sh" "COMPILER=arm-none-eabi-gcc" "ASSEMBLER=arm-none-eabi-as
" "ARCHIVER=arm-none-eabi-ar" "COMPILER_FLAGS=  -O2 -c" "EXTRA_COMPILER_FLAGS=-mcpu=cortex-a9 -mfpu=vfpv3 -mfloat-abi=hard -nos
tartfiles -g -Wall -Wextra -fno-tree-loop-distribute-patterns"

make -C ps7_cortexa9_0/libsrc/qspips_v3_9/src -s include  "SHELL=/bin/sh" "COMPILER=arm-none-eabi-gcc" "ASSEMBLER=arm-none-eabi
-as" "ARCHIVER=arm-none-eabi-ar" "COMPILER_FLAGS=  -O2 -c" "EXTRA_COMPILER_FLAGS=-mcpu=cortex-a9 -mfpu=vfpv3 -mfloat-abi=hard -
nostartfiles -g -Wall -Wextra -fno-tree-loop-distribute-patterns"

Running Make include in ps7_cortexa9_0/libsrc/scugic_v4_5/src

make -C ps7_cortexa9_0/libsrc/scugic_v4_5/src -s include  "SHELL=/bin/sh" "COMPILER=arm-none-eabi-gcc" "ASSEMBLER=arm-none-eabi
-as" "ARCHIVER=arm-none-eabi-ar" "COMPILER_FLAGS=  -O2 -c" "EXTRA_COMPILER_FLAGS=-mcpu=cortex-a9 -mfpu=vfpv3 -mfloat-abi=hard -
nostartfiles -g -Wall -Wextra -fno-tree-loop-distribute-patterns"

Running Make include in ps7_cortexa9_0/libsrc/scutimer_v2_3/src

Running Make include in ps7_cortexa9_0/libsrc/scuwdt_v2_4/src

Running Make include in ps7_cortexa9_0/libsrc/sdps_v3_12/src

Running Make include in ps7_cortexa9_0/libsrc/spips_v3_6/src

make -C ps7_cortexa9_0/libsrc/scutimer_v2_3/src -s include  "SHELL=/bin/sh" "COMPILER=arm-none-eabi-gcc" "ASSEMBLER=arm-none-ea
bi-as" "ARCHIVER=arm-none-eabi-ar" "COMPILER_FLAGS=  -O2 -c" "EXTRA_COMPILER_FLAGS=-mcpu=cortex-a9 -mfpu=vfpv3 -mfloat-abi=hard
 -nostartfiles -g -Wall -Wextra -fno-tree-loop-distribute-patterns"

make -C ps7_cortexa9_0/libsrc/scuwdt_v2_4/src -s include  "SHELL=/bin/sh" "COMPILER=arm-none-eabi-gcc" "ASSEMBLER=arm-none-eabi
-as" "ARCHIVER=arm-none-eabi-ar" "COMPILER_FLAGS=  -O2 -c" "EXTRA_COMPILER_FLAGS=-mcpu=cortex-a9 -mfpu=vfpv3 -mfloat-abi=hard -
nostartfiles -g -Wall -Wextra -fno-tree-loop-distribute-patterns"

make -C ps7_cortexa9_0/libsrc/sdps_v3_12/src -s include  "SHELL=/bin/sh" "COMPILER=arm-none-eabi-gcc" "ASSEMBLER=arm-none-eabi-
as" "ARCHIVER=arm-none-eabi-ar" "COMPILER_FLAGS=  -O2 -c" "EXTRA_COMPILER_FLAGS=-mcpu=cortex-a9 -mfpu=vfpv3 -mfloat-abi=hard -n
ostartfiles -g -Wall -Wextra -fno-tree-loop-distribute-patterns"

make -C ps7_cortexa9_0/libsrc/spips_v3_6/src -s include  "SHELL=/bin/sh" "COMPILER=arm-none-eabi-gcc" "ASSEMBLER=arm-none-eabi-
as" "ARCHIVER=arm-none-eabi-ar" "COMPILER_FLAGS=  -O2 -c" "EXTRA_COMPILER_FLAGS=-mcpu=cortex-a9 -mfpu=vfpv3 -mfloat-abi=hard -n
ostartfiles -g -Wall -Wextra -fno-tree-loop-distribute-patterns"

Running Make include in ps7_cortexa9_0/libsrc/standalone_v7_5/src

make -C ps7_cortexa9_0/libsrc/standalone_v7_5/src -s include  "SHELL=/bin/sh" "COMPILER=arm-none-eabi-gcc" "ASSEMBLER=arm-none-
eabi-as" "ARCHIVER=arm-none-eabi-ar" "COMPILER_FLAGS=  -O2 -c" "EXTRA_COMPILER_FLAGS=-mcpu=cortex-a9 -mfpu=vfpv3 -mfloat-abi=ha
rd -nostartfiles -g -Wall -Wextra -fno-tree-loop-distribute-patterns"

Running Make include in ps7_cortexa9_0/libsrc/uartps_v3_11/src

make -C ps7_cortexa9_0/libsrc/uartps_v3_11/src -s include  "SHELL=/bin/sh" "COMPILER=arm-none-eabi-gcc" "ASSEMBLER=arm-none-eab
i-as" "ARCHIVER=arm-none-eabi-ar" "COMPILER_FLAGS=  -O2 -c" "EXTRA_COMPILER_FLAGS=-mcpu=cortex-a9 -mfpu=vfpv3 -mfloat-abi=hard 
-nostartfiles -g -Wall -Wextra -fno-tree-loop-distribute-patterns"

Running Make include in ps7_cortexa9_0/libsrc/usbps_v2_7/src

Running Make include in ps7_cortexa9_0/libsrc/xadcps_v2_6/src

make -C ps7_cortexa9_0/libsrc/usbps_v2_7/src -s include  "SHELL=/bin/sh" "COMPILER=arm-none-eabi-gcc" "ASSEMBLER=arm-none-eabi-
as" "ARCHIVER=arm-none-eabi-ar" "COMPILER_FLAGS=  -O2 -c" "EXTRA_COMPILER_FLAGS=-mcpu=cortex-a9 -mfpu=vfpv3 -mfloat-abi=hard -n
ostartfiles -g -Wall -Wextra -fno-tree-loop-distribute-patterns"

make -C ps7_cortexa9_0/libsrc/xadcps_v2_6/src -s include  "SHELL=/bin/sh" "COMPILER=arm-none-eabi-gcc" "ASSEMBLER=arm-none-eabi
-as" "ARCHIVER=arm-none-eabi-ar" "COMPILER_FLAGS=  -O2 -c" "EXTRA_COMPILER_FLAGS=-mcpu=cortex-a9 -mfpu=vfpv3 -mfloat-abi=hard -
nostartfiles -g -Wall -Wextra -fno-tree-loop-distribute-patterns"

Running Make libs in ps7_cortexa9_0/libsrc/coresightps_dcc_v1_8/src

Running Make libs in ps7_cortexa9_0/libsrc/cpu_cortexa9_v2_11/src

make -C ps7_cortexa9_0/libsrc/coresightps_dcc_v1_8/src -s libs  "SHELL=/bin/sh" "COMPILER=arm-none-eabi-gcc" "ASSEMBLER=arm-non
e-eabi-as" "ARCHIVER=arm-none-eabi-ar" "COMPILER_FLAGS=  -O2 -c" "EXTRA_COMPILER_FLAGS=-mcpu=cortex-a9 -mfpu=vfpv3 -mfloat-abi=
hard -nostartfiles -g -Wall -Wextra -fno-tree-loop-distribute-patterns"

Running Make libs in ps7_cortexa9_0/libsrc/ddrps_v1_2/src

Running Make libs in ps7_cortexa9_0/libsrc/devcfg_v3_7/src

make -C ps7_cortexa9_0/libsrc/cpu_cortexa9_v2_11/src -s libs  "SHELL=/bin/sh" "COMPILER=arm-none-eabi-gcc" "ASSEMBLER=arm-none-
eabi-as" "ARCHIVER=arm-none-eabi-ar" "COMPILER_FLAGS=  -O2 -c" "EXTRA_COMPILER_FLAGS=-mcpu=cortex-a9 -mfpu=vfpv3 -mfloat-abi=ha
rd -nostartfiles -g -Wall -Wextra -fno-tree-loop-distribute-patterns"

make -C ps7_cortexa9_0/libsrc/ddrps_v1_2/src -s libs  "SHELL=/bin/sh" "COMPILER=arm-none-eabi-gcc" "ASSEMBLER=arm-none-eabi-as"
 "ARCHIVER=arm-none-eabi-ar" "COMPILER_FLAGS=  -O2 -c" "EXTRA_COMPILER_FLAGS=-mcpu=cortex-a9 -mfpu=vfpv3 -mfloat-abi=hard -nost
artfiles -g -Wall -Wextra -fno-tree-loop-distribute-patterns"

make -C ps7_cortexa9_0/libsrc/devcfg_v3_7/src -s libs  "SHELL=/bin/sh" "COMPILER=arm-none-eabi-gcc" "ASSEMBLER=arm-none-eabi-as
" "ARCHIVER=arm-none-eabi-ar" "COMPILER_FLAGS=  -O2 -c" "EXTRA_COMPILER_FLAGS=-mcpu=cortex-a9 -mfpu=vfpv3 -mfloat-abi=hard -nos
tartfiles -g -Wall -Wextra -fno-tree-loop-distribute-patterns"

Running Make libs in ps7_cortexa9_0/libsrc/dmaps_v2_8/src

Running Make libs in ps7_cortexa9_0/libsrc/emacps_v3_14/src

make -C ps7_cortexa9_0/libsrc/dmaps_v2_8/src -s libs  "SHELL=/bin/sh" "COMPILER=arm-none-eabi-gcc" "ASSEMBLER=arm-none-eabi-as"
 "ARCHIVER=arm-none-eabi-ar" "COMPILER_FLAGS=  -O2 -c" "EXTRA_COMPILER_FLAGS=-mcpu=cortex-a9 -mfpu=vfpv3 -mfloat-abi=hard -nost
artfiles -g -Wall -Wextra -fno-tree-loop-distribute-patterns"

make -C ps7_cortexa9_0/libsrc/emacps_v3_14/src -s libs  "SHELL=/bin/sh" "COMPILER=arm-none-eabi-gcc" "ASSEMBLER=arm-none-eabi-a
s" "ARCHIVER=arm-none-eabi-ar" "COMPILER_FLAGS=  -O2 -c" "EXTRA_COMPILER_FLAGS=-mcpu=cortex-a9 -mfpu=vfpv3 -mfloat-abi=hard -no
startfiles -g -Wall -Wextra -fno-tree-loop-distribute-patterns"

Running Make libs in ps7_cortexa9_0/libsrc/gpiops_v3_9/src

make -C ps7_cortexa9_0/libsrc/gpiops_v3_9/src -s libs  "SHELL=/bin/sh" "COMPILER=arm-none-eabi-gcc" "ASSEMBLER=arm-none-eabi-as
" "ARCHIVER=arm-none-eabi-ar" "COMPILER_FLAGS=  -O2 -c" "EXTRA_COMPILER_FLAGS=-mcpu=cortex-a9 -mfpu=vfpv3 -mfloat-abi=hard -nos
tartfiles -g -Wall -Wextra -fno-tree-loop-distribute-patterns"

Running Make libs in ps7_cortexa9_0/libsrc/iic_v3_8/src

make -C ps7_cortexa9_0/libsrc/iic_v3_8/src -s libs  "SHELL=/bin/sh" "COMPILER=arm-none-eabi-gcc" "ASSEMBLER=arm-none-eabi-as" "
ARCHIVER=arm-none-eabi-ar" "COMPILER_FLAGS=  -O2 -c" "EXTRA_COMPILER_FLAGS=-mcpu=cortex-a9 -mfpu=vfpv3 -mfloat-abi=hard -nostar
tfiles -g -Wall -Wextra -fno-tree-loop-distribute-patterns"

Running Make libs in ps7_cortexa9_0/libsrc/qspips_v3_9/src

make -C ps7_cortexa9_0/libsrc/qspips_v3_9/src -s libs  "SHELL=/bin/sh" "COMPILER=arm-none-eabi-gcc" "ASSEMBLER=arm-none-eabi-as
" "ARCHIVER=arm-none-eabi-ar" "COMPILER_FLAGS=  -O2 -c" "EXTRA_COMPILER_FLAGS=-mcpu=cortex-a9 -mfpu=vfpv3 -mfloat-abi=hard -nos
tartfiles -g -Wall -Wextra -fno-tree-loop-distribute-patterns"

Running Make libs in ps7_cortexa9_0/libsrc/scugic_v4_5/src

make -C ps7_cortexa9_0/libsrc/scugic_v4_5/src -s libs  "SHELL=/bin/sh" "COMPILER=arm-none-eabi-gcc" "ASSEMBLER=arm-none-eabi-as
" "ARCHIVER=arm-none-eabi-ar" "COMPILER_FLAGS=  -O2 -c" "EXTRA_COMPILER_FLAGS=-mcpu=cortex-a9 -mfpu=vfpv3 -mfloat-abi=hard -nos
tartfiles -g -Wall -Wextra -fno-tree-loop-distribute-patterns"

Running Make libs in ps7_cortexa9_0/libsrc/scutimer_v2_3/src

make -C ps7_cortexa9_0/libsrc/scutimer_v2_3/src -s libs  "SHELL=/bin/sh" "COMPILER=arm-none-eabi-gcc" "ASSEMBLER=arm-none-eabi-
as" "ARCHIVER=arm-none-eabi-ar" "COMPILER_FLAGS=  -O2 -c" "EXTRA_COMPILER_FLAGS=-mcpu=cortex-a9 -mfpu=vfpv3 -mfloat-abi=hard -n
ostartfiles -g -Wall -Wextra -fno-tree-loop-distribute-patterns"

Running Make libs in ps7_cortexa9_0/libsrc/scuwdt_v2_4/src

make -C ps7_cortexa9_0/libsrc/scuwdt_v2_4/src -s libs  "SHELL=/bin/sh" "COMPILER=arm-none-eabi-gcc" "ASSEMBLER=arm-none-eabi-as
" "ARCHIVER=arm-none-eabi-ar" "COMPILER_FLAGS=  -O2 -c" "EXTRA_COMPILER_FLAGS=-mcpu=cortex-a9 -mfpu=vfpv3 -mfloat-abi=hard -nos
tartfiles -g -Wall -Wextra -fno-tree-loop-distribute-patterns"

Running Make libs in ps7_cortexa9_0/libsrc/sdps_v3_12/src

make -C ps7_cortexa9_0/libsrc/sdps_v3_12/src -s libs  "SHELL=/bin/sh" "COMPILER=arm-none-eabi-gcc" "ASSEMBLER=arm-none-eabi-as"
 "ARCHIVER=arm-none-eabi-ar" "COMPILER_FLAGS=  -O2 -c" "EXTRA_COMPILER_FLAGS=-mcpu=cortex-a9 -mfpu=vfpv3 -mfloat-abi=hard -nost
artfiles -g -Wall -Wextra -fno-tree-loop-distribute-patterns"

Running Make libs in ps7_cortexa9_0/libsrc/spips_v3_6/src

make -C ps7_cortexa9_0/libsrc/spips_v3_6/src -s libs  "SHELL=/bin/sh" "COMPILER=arm-none-eabi-gcc" "ASSEMBLER=arm-none-eabi-as"
 "ARCHIVER=arm-none-eabi-ar" "COMPILER_FLAGS=  -O2 -c" "EXTRA_COMPILER_FLAGS=-mcpu=cortex-a9 -mfpu=vfpv3 -mfloat-abi=hard -nost
artfiles -g -Wall -Wextra -fno-tree-loop-distribute-patterns"

Running Make libs in ps7_cortexa9_0/libsrc/standalone_v7_5/src

make -C ps7_cortexa9_0/libsrc/standalone_v7_5/src -s libs  "SHELL=/bin/sh" "COMPILER=arm-none-eabi-gcc" "ASSEMBLER=arm-none-eab
i-as" "ARCHIVER=arm-none-eabi-ar" "COMPILER_FLAGS=  -O2 -c" "EXTRA_COMPILER_FLAGS=-mcpu=cortex-a9 -mfpu=vfpv3 -mfloat-abi=hard 
-nostartfiles -g -Wall -Wextra -fno-tree-loop-distribute-patterns"

Running Make libs in ps7_cortexa9_0/libsrc/uartps_v3_11/src

make -C ps7_cortexa9_0/libsrc/uartps_v3_11/src -s libs  "SHELL=/bin/sh" "COMPILER=arm-none-eabi-gcc" "ASSEMBLER=arm-none-eabi-a
s" "ARCHIVER=arm-none-eabi-ar" "COMPILER_FLAGS=  -O2 -c" "EXTRA_COMPILER_FLAGS=-mcpu=cortex-a9 -mfpu=vfpv3 -mfloat-abi=hard -no
startfiles -g -Wall -Wextra -fno-tree-loop-distribute-patterns"

Running Make libs in ps7_cortexa9_0/libsrc/usbps_v2_7/src

make -C ps7_cortexa9_0/libsrc/usbps_v2_7/src -s libs  "SHELL=/bin/sh" "COMPILER=arm-none-eabi-gcc" "ASSEMBLER=arm-none-eabi-as"
 "ARCHIVER=arm-none-eabi-ar" "COMPILER_FLAGS=  -O2 -c" "EXTRA_COMPILER_FLAGS=-mcpu=cortex-a9 -mfpu=vfpv3 -mfloat-abi=hard -nost
artfiles -g -Wall -Wextra -fno-tree-loop-distribute-patterns"

Running Make libs in ps7_cortexa9_0/libsrc/xadcps_v2_6/src

make -C ps7_cortexa9_0/libsrc/xadcps_v2_6/src -s libs  "SHELL=/bin/sh" "COMPILER=arm-none-eabi-gcc" "ASSEMBLER=arm-none-eabi-as
" "ARCHIVER=arm-none-eabi-ar" "COMPILER_FLAGS=  -O2 -c" "EXTRA_COMPILER_FLAGS=-mcpu=cortex-a9 -mfpu=vfpv3 -mfloat-abi=hard -nos
tartfiles -g -Wall -Wextra -fno-tree-loop-distribute-patterns"

xtime_l.c:45:9: note: '#pragma message: For the sleep routines, Global timer is being used'
   45 | #pragma message ("For the sleep routines, Global timer is being used")
      |         ^~~~~~~
Finished building libraries parallelly.

make --no-print-directory archive

arm-none-eabi-ar -r  ps7_cortexa9_0/lib/libxil.a ps7_cortexa9_0/lib/abort.o ps7_cortexa9_0/lib/asm_vectors.o ps7_cortexa9_0/lib
/boot.o ps7_cortexa9_0/lib/close.o ps7_cortexa9_0/lib/cpputest_time.o ps7_cortexa9_0/lib/cpu_init.o ps7_cortexa9_0/lib/errno.o 
ps7_cortexa9_0/lib/_exit.o ps7_cortexa9_0/lib/fcntl.o ps7_cortexa9_0/lib/fstat.o ps7_cortexa9_0/lib/getpid.o ps7_cortexa9_0/lib
/inbyte.o ps7_cortexa9_0/lib/isatty.o ps7_cortexa9_0/lib/kill.o ps7_cortexa9_0/lib/lseek.o ps7_cortexa9_0/lib/_open.o ps7_corte
xa9_0/lib/open.o ps7_cortexa9_0/lib/outbyte.o ps7_cortexa9_0/lib/print.o ps7_cortexa9_0/lib/putnum.o ps7_cortexa9_0/lib/read.o 
ps7_cortexa9_0/lib/_sbrk.o ps7_cortexa9_0/lib/sbrk.o ps7_cortexa9_0/lib/sleep.o ps7_cortexa9_0/lib/time.o ps7_cortexa9_0/lib/tr
anslation_table.o ps7_cortexa9_0/lib/unlink.o ps7_cortexa9_0/lib/usleep.o ps7_cortexa9_0/lib/vectors.o ps7_cortexa9_0/lib/write
.o ps7_cortexa9_0/lib/xadcps_g.o ps7_cortexa9_0/lib/xadcps_intr.o ps7_cortexa9_0/lib/xadcps.o ps7_cortexa9_0/lib/xadcps_selftes
t.o ps7_cortexa9_0/lib/xadcps_sinit.o ps7_cortexa9_0/lib/xcoresightpsdcc.o ps7_cortexa9_0/lib/xdevcfg_g.o ps7_cortexa9_0/lib/xd
evcfg_hw.o ps7_cortexa9_0/lib/xdevcfg_intr.o ps7_cortexa9_0/lib/xdevcfg.o ps7_cortexa9_0/lib/xdevcfg_selftest.o ps7_cortexa9_0/
lib/xdevcfg_sinit.o ps7_cortexa9_0/lib/xdmaps_g.o ps7_cortexa9_0/lib/xdmaps_hw.o ps7_cortexa9_0/lib/xdmaps.o ps7_cortexa9_0/lib
/xdmaps_selftest.o ps7_cortexa9_0/lib/xdmaps_sinit.o ps7_cortexa9_0/lib/xemacps_bdring.o ps7_cortexa9_0/lib/xemacps_control.o p
s7_cortexa9_0/lib/xemacps_g.o ps7_cortexa9_0/lib/xemacps_hw.o ps7_cortexa9_0/lib/xemacps_intr.o ps7_cortexa9_0/lib/xemacps.o ps
7_cortexa9_0/lib/xemacps_sinit.o ps7_cortexa9_0/lib/xgpiops_g.o ps7_cortexa9_0/lib/xgpiops_hw.o ps7_cortexa9_0/lib/xgpiops_intr
.o ps7_cortexa9_0/lib/xgpiops.o ps7_cortexa9_0/lib/xgpiops_selftest.o ps7_cortexa9_0/lib/xgpiops_sinit.o ps7_cortexa9_0/lib/xii
c_dyn_master.o ps7_cortexa9_0/lib/xiic_g.o ps7_cortexa9_0/lib/xiic_intr.o ps7_cortexa9_0/lib/xiic_l.o ps7_cortexa9_0/lib/xiic_m
aster.o ps7_cortexa9_0/lib/xiic_multi_master.o ps7_cortexa9_0/lib/xiic.o ps7_cortexa9_0/lib/xiic_options.o ps7_cortexa9_0/lib/x
iic_selftest.o ps7_cortexa9_0/lib/xiic_sinit.o ps7_cortexa9_0/lib/xiic_slave.o ps7_cortexa9_0/lib/xiic_stats.o ps7_cortexa9_0/l
ib/xil_assert.o ps7_cortexa9_0/lib/xil_cache.o ps7_cortexa9_0/lib/xil_clocking.o ps7_cortexa9_0/lib/xil-crt0.o ps7_cortexa9_0/l
ib/xil_exception.o ps7_cortexa9_0/lib/xil_mem.o ps7_cortexa9_0/lib/xil_misc_psreset_api.o ps7_cortexa9_0/lib/xil_mmu.o ps7_cort
exa9_0/lib/xil_printf.o ps7_cortexa9_0/lib/xil_sleepcommon.o ps7_cortexa9_0/lib/xil_sleeptimer.o ps7_cortexa9_0/lib/xil_spinloc
k.o ps7_cortexa9_0/lib/xil_testcache.o ps7_cortexa9_0/lib/xil_testio.o ps7_cortexa9_0/lib/xil_testmem.o ps7_cortexa9_0/lib/xil_
util.o ps7_cortexa9_0/lib/xl2cc_counter.o ps7_cortexa9_0/lib/xplatform_info.o ps7_cortexa9_0/lib/xpm_counter.o ps7_cortexa9_0/l
ib/xqspips_g.o ps7_cortexa9_0/lib/xqspips_hw.o ps7_cortexa9_0/lib/xqspips.o ps7_cortexa9_0/lib/xqspips_options.o ps7_cortexa9_0
/lib/xqspips_selftest.o ps7_cortexa9_0/lib/xqspips_sinit.o ps7_cortexa9_0/lib/xscugic_g.o ps7_cortexa9_0/lib/xscugic_hw.o ps7_c
ortexa9_0/lib/xscugic_intr.o ps7_cortexa9_0/lib/xscugic.o ps7_cortexa9_0/lib/xscugic_selftest.o ps7_cortexa9_0/lib/xscugic_sini
t.o ps7_cortexa9_0/lib/xscutimer_g.o ps7_cortexa9_0/lib/xscutimer.o ps7_cortexa9_0/lib/xscutimer_selftest.o ps7_cortexa9_0/lib/
xscutimer_sinit.o ps7_cortexa9_0/lib/xscuwdt_g.o ps7_cortexa9_0/lib/xscuwdt.o ps7_cortexa9_0/lib/xscuwdt_selftest.o ps7_cortexa
9_0/lib/xscuwdt_sinit.o ps7_cortexa9_0/lib/xsdps_card.o ps7_cortexa9_0/lib/xsdps_g.o ps7_cortexa9_0/lib/xsdps_host.o ps7_cortex
a9_0/lib/xsdps.o ps7_cortexa9_0/lib/xsdps_options.o ps7_cortexa9_0/lib/xsdps_sinit.o ps7_cortexa9_0/lib/xspips_g.o ps7_cortexa9
_0/lib/xspips_hw.o ps7_cortexa9_0/lib/xspips.o ps7_cortexa9_0/lib/xspips_options.o ps7_cortexa9_0/lib/xspips_selftest.o ps7_cor
texa9_0/lib/xspips_sinit.o ps7_cortexa9_0/lib/xtime_l.o ps7_cortexa9_0/lib/xuartps_g.o ps7_cortexa9_0/lib/xuartps_hw.o ps7_cort
exa9_0/lib/xuartps_intr.o ps7_cortexa9_0/lib/xuartps.o ps7_cortexa9_0/lib/xuartps_options.o ps7_cortexa9_0/lib/xuartps_selftest
.o ps7_cortexa9_0/lib/xuartps_sinit.o ps7_cortexa9_0/lib/xusbps_endpoint.o ps7_cortexa9_0/lib/xusbps_g.o ps7_cortexa9_0/lib/xus
bps_hw.o ps7_cortexa9_0/lib/xusbps_intr.o ps7_cortexa9_0/lib/xusbps.o ps7_cortexa9_0/lib/xusbps_sinit.o

Finished building libraries

07:26:35 **** Build of configuration Debug for project app ****
make all 
make --no-print-directory pre-build
a9-linaro-pre-build-step
 
make --no-print-directory main-build
Building file: ../noos/util/no_os_alloc.c
Invoking: ARM v7 gcc compiler
arm-none-eabi-gcc -DDISABLE_SECURE_SOCKET -DNO_OS_PROJECT=ad9361 -DNO_OS_VERSION=tags/last_commit-7eda53e3d -DXILINX_PLATFORM -Wall -O0 -g3 -I/home/bharathwaj/Research/fpgaStuff/xilinx/softwareDefinedRadio/WhiteShark/zedBaremetalSoftware/app/ad9361/src/ -I/home/bharathwaj/Research/fpgaStuff/xilinx/softwareDefinedRadio/WhiteShark/zedBaremetalSoftware/app/noos/drivers/axi_core/axi_adc_core/ -I/home/bharathwaj/Research/fpgaStuff/xilinx/softwareDefinedRadio/WhiteShark/zedBaremetalSoftware/app/noos/drivers/axi_core/axi_dac_core/ -I/home/bharathwaj/Research/fpgaStuff/xilinx/softwareDefinedRadio/WhiteShark/zedBaremetalSoftware/app/noos/drivers/axi_core/axi_dmac/ -I/home/bharathwaj/Research/fpgaStuff/xilinx/softwareDefinedRadio/WhiteShark/zedBaremetalSoftware/app/noos/drivers/axi_core/axi_sysid/ -I/home/bharathwaj/Research/fpgaStuff/xilinx/softwareDefinedRadio/WhiteShark/zedBaremetalSoftware/app/noos/drivers/platform/xilinx/ -I/home/bharathwaj/Research/fpgaStuff/xilinx/softwareDefinedRadio/WhiteShark/zedBaremetalSoftware/app/noos/drivers/rf-transceiver/ad9361/ -I/home/bharathwaj/Research/fpgaStuff/xilinx/softwareDefinedRadio/WhiteShark/zedBaremetalSoftware/app/noos/include -c -fmessage-length=0 -MT"noos/util/no_os_alloc.o" -mcpu=cortex-a9 -mfpu=vfpv3 -mfloat-abi=hard -I/home/bharathwaj/Research/fpgaStuff/xilinx/softwareDefinedRadio/WhiteShark/zedBaremetalSoftware/system_top/export/system_top/sw/system_top/standalone_domain/bspinclude/include -MMD -MP -MF"noos/util/no_os_alloc.d" -MT"noos/util/no_os_alloc.o" -o "noos/util/no_os_alloc.o" "../noos/util/no_os_alloc.c"
Finished building: ../noos/util/no_os_alloc.c
 
Building file: ../noos/util/no_os_mutex.c
Invoking: ARM v7 gcc compiler
arm-none-eabi-gcc -DDISABLE_SECURE_SOCKET -DNO_OS_PROJECT=ad9361 -DNO_OS_VERSION=tags/last_commit-7eda53e3d -DXILINX_PLATFORM -Wall -O0 -g3 -I/home/bharathwaj/Research/fpgaStuff/xilinx/softwareDefinedRadio/WhiteShark/zedBaremetalSoftware/app/ad9361/src/ -I/home/bharathwaj/Research/fpgaStuff/xilinx/softwareDefinedRadio/WhiteShark/zedBaremetalSoftware/app/noos/drivers/axi_core/axi_adc_core/ -I/home/bharathwaj/Research/fpgaStuff/xilinx/softwareDefinedRadio/WhiteShark/zedBaremetalSoftware/app/noos/drivers/axi_core/axi_dac_core/ -I/home/bharathwaj/Research/fpgaStuff/xilinx/softwareDefinedRadio/WhiteShark/zedBaremetalSoftware/app/noos/drivers/axi_core/axi_dmac/ -I/home/bharathwaj/Research/fpgaStuff/xilinx/softwareDefinedRadio/WhiteShark/zedBaremetalSoftware/app/noos/drivers/axi_core/axi_sysid/ -I/home/bharathwaj/Research/fpgaStuff/xilinx/softwareDefinedRadio/WhiteShark/zedBaremetalSoftware/app/noos/drivers/platform/xilinx/ -I/home/bharathwaj/Research/fpgaStuff/xilinx/softwareDefinedRadio/WhiteShark/zedBaremetalSoftware/app/noos/drivers/rf-transceiver/ad9361/ -I/home/bharathwaj/Research/fpgaStuff/xilinx/softwareDefinedRadio/WhiteShark/zedBaremetalSoftware/app/noos/include -c -fmessage-length=0 -MT"noos/util/no_os_mutex.o" -mcpu=cortex-a9 -mfpu=vfpv3 -mfloat-abi=hard -I/home/bharathwaj/Research/fpgaStuff/xilinx/softwareDefinedRadio/WhiteShark/zedBaremetalSoftware/system_top/export/system_top/sw/system_top/standalone_domain/bspinclude/include -MMD -MP -MF"noos/util/no_os_mutex.d" -MT"noos/util/no_os_mutex.o" -o "noos/util/no_os_mutex.o" "../noos/util/no_os_mutex.c"
../noos/util/no_os_mutex.c:41:35: warning: inline function 'no_os_mutex_init' declared weak [-Wattributes]
   41 | __attribute__((weak)) inline void no_os_mutex_init(void **mutex) {}
      |                                   ^~~~~~~~~~~~~~~~
../noos/util/no_os_mutex.c:48:35: warning: inline function 'no_os_mutex_lock' declared weak [-Wattributes]
   48 | __attribute__((weak)) inline void no_os_mutex_lock(void *mutex) {}
      |                                   ^~~~~~~~~~~~~~~~
../noos/util/no_os_mutex.c:55:33: warning: inline function 'no_os_mutex_unlock' declared weak [-Wattributes]
   55 | __attribute((weak)) inline void no_os_mutex_unlock(void *mutex) {}
      |                                 ^~~~~~~~~~~~~~~~~~
../noos/util/no_os_mutex.c:62:35: warning: inline function 'no_os_mutex_remove' declared weak [-Wattributes]
   62 | __attribute__((weak)) inline void no_os_mutex_remove(void *mutex) {}
      |                                   ^~~~~~~~~~~~~~~~~~
Finished building: ../noos/util/no_os_mutex.c
 
Building file: ../noos/util/no_os_util.c
Invoking: ARM v7 gcc compiler
arm-none-eabi-gcc -DDISABLE_SECURE_SOCKET -DNO_OS_PROJECT=ad9361 -DNO_OS_VERSION=tags/last_commit-7eda53e3d -DXILINX_PLATFORM -Wall -O0 -g3 -I/home/bharathwaj/Research/fpgaStuff/xilinx/softwareDefinedRadio/WhiteShark/zedBaremetalSoftware/app/ad9361/src/ -I/home/bharathwaj/Research/fpgaStuff/xilinx/softwareDefinedRadio/WhiteShark/zedBaremetalSoftware/app/noos/drivers/axi_core/axi_adc_core/ -I/home/bharathwaj/Research/fpgaStuff/xilinx/softwareDefinedRadio/WhiteShark/zedBaremetalSoftware/app/noos/drivers/axi_core/axi_dac_core/ -I/home/bharathwaj/Research/fpgaStuff/xilinx/softwareDefinedRadio/WhiteShark/zedBaremetalSoftware/app/noos/drivers/axi_core/axi_dmac/ -I/home/bharathwaj/Research/fpgaStuff/xilinx/softwareDefinedRadio/WhiteShark/zedBaremetalSoftware/app/noos/drivers/axi_core/axi_sysid/ -I/home/bharathwaj/Research/fpgaStuff/xilinx/softwareDefinedRadio/WhiteShark/zedBaremetalSoftware/app/noos/drivers/platform/xilinx/ -I/home/bharathwaj/Research/fpgaStuff/xilinx/softwareDefinedRadio/WhiteShark/zedBaremetalSoftware/app/noos/drivers/rf-transceiver/ad9361/ -I/home/bharathwaj/Research/fpgaStuff/xilinx/softwareDefinedRadio/WhiteShark/zedBaremetalSoftware/app/noos/include -c -fmessage-length=0 -MT"noos/util/no_os_util.o" -mcpu=cortex-a9 -mfpu=vfpv3 -mfloat-abi=hard -I/home/bharathwaj/Research/fpgaStuff/xilinx/softwareDefinedRadio/WhiteShark/zedBaremetalSoftware/system_top/export/system_top/sw/system_top/standalone_domain/bspinclude/include -MMD -MP -MF"noos/util/no_os_util.d" -MT"noos/util/no_os_util.o" -o "noos/util/no_os_util.o" "../noos/util/no_os_util.c"
Finished building: ../noos/util/no_os_util.c
 
Building file: ../noos/drivers/rf-transceiver/ad9361/ad9361.c
Invoking: ARM v7 gcc compiler
arm-none-eabi-gcc -DDISABLE_SECURE_SOCKET -DNO_OS_PROJECT=ad9361 -DNO_OS_VERSION=tags/last_commit-7eda53e3d -DXILINX_PLATFORM -Wall -O0 -g3 -I/home/bharathwaj/Research/fpgaStuff/xilinx/softwareDefinedRadio/WhiteShark/zedBaremetalSoftware/app/ad9361/src/ -I/home/bharathwaj/Research/fpgaStuff/xilinx/softwareDefinedRadio/WhiteShark/zedBaremetalSoftware/app/noos/drivers/axi_core/axi_adc_core/ -I/home/bharathwaj/Research/fpgaStuff/xilinx/softwareDefinedRadio/WhiteShark/zedBaremetalSoftware/app/noos/drivers/axi_core/axi_dac_core/ -I/home/bharathwaj/Research/fpgaStuff/xilinx/softwareDefinedRadio/WhiteShark/zedBaremetalSoftware/app/noos/drivers/axi_core/axi_dmac/ -I/home/bharathwaj/Research/fpgaStuff/xilinx/softwareDefinedRadio/WhiteShark/zedBaremetalSoftware/app/noos/drivers/axi_core/axi_sysid/ -I/home/bharathwaj/Research/fpgaStuff/xilinx/softwareDefinedRadio/WhiteShark/zedBaremetalSoftware/app/noos/drivers/platform/xilinx/ -I/home/bharathwaj/Research/fpgaStuff/xilinx/softwareDefinedRadio/WhiteShark/zedBaremetalSoftware/app/noos/drivers/rf-transceiver/ad9361/ -I/home/bharathwaj/Research/fpgaStuff/xilinx/softwareDefinedRadio/WhiteShark/zedBaremetalSoftware/app/noos/include -c -fmessage-length=0 -MT"noos/drivers/rf-transceiver/ad9361/ad9361.o" -mcpu=cortex-a9 -mfpu=vfpv3 -mfloat-abi=hard -I/home/bharathwaj/Research/fpgaStuff/xilinx/softwareDefinedRadio/WhiteShark/zedBaremetalSoftware/system_top/export/system_top/sw/system_top/standalone_domain/bspinclude/include -MMD -MP -MF"noos/drivers/rf-transceiver/ad9361/ad9361.d" -MT"noos/drivers/rf-transceiver/ad9361/ad9361.o" -o "noos/drivers/rf-transceiver/ad9361/ad9361.o" "../noos/drivers/rf-transceiver/ad9361/ad9361.c"
Finished building: ../noos/drivers/rf-transceiver/ad9361/ad9361.c
 
Building file: ../noos/drivers/rf-transceiver/ad9361/ad9361_api.c
Invoking: ARM v7 gcc compiler
arm-none-eabi-gcc -DDISABLE_SECURE_SOCKET -DNO_OS_PROJECT=ad9361 -DNO_OS_VERSION=tags/last_commit-7eda53e3d -DXILINX_PLATFORM -Wall -O0 -g3 -I/home/bharathwaj/Research/fpgaStuff/xilinx/softwareDefinedRadio/WhiteShark/zedBaremetalSoftware/app/ad9361/src/ -I/home/bharathwaj/Research/fpgaStuff/xilinx/softwareDefinedRadio/WhiteShark/zedBaremetalSoftware/app/noos/drivers/axi_core/axi_adc_core/ -I/home/bharathwaj/Research/fpgaStuff/xilinx/softwareDefinedRadio/WhiteShark/zedBaremetalSoftware/app/noos/drivers/axi_core/axi_dac_core/ -I/home/bharathwaj/Research/fpgaStuff/xilinx/softwareDefinedRadio/WhiteShark/zedBaremetalSoftware/app/noos/drivers/axi_core/axi_dmac/ -I/home/bharathwaj/Research/fpgaStuff/xilinx/softwareDefinedRadio/WhiteShark/zedBaremetalSoftware/app/noos/drivers/axi_core/axi_sysid/ -I/home/bharathwaj/Research/fpgaStuff/xilinx/softwareDefinedRadio/WhiteShark/zedBaremetalSoftware/app/noos/drivers/platform/xilinx/ -I/home/bharathwaj/Research/fpgaStuff/xilinx/softwareDefinedRadio/WhiteShark/zedBaremetalSoftware/app/noos/drivers/rf-transceiver/ad9361/ -I/home/bharathwaj/Research/fpgaStuff/xilinx/softwareDefinedRadio/WhiteShark/zedBaremetalSoftware/app/noos/include -c -fmessage-length=0 -MT"noos/drivers/rf-transceiver/ad9361/ad9361_api.o" -mcpu=cortex-a9 -mfpu=vfpv3 -mfloat-abi=hard -I/home/bharathwaj/Research/fpgaStuff/xilinx/softwareDefinedRadio/WhiteShark/zedBaremetalSoftware/system_top/export/system_top/sw/system_top/standalone_domain/bspinclude/include -MMD -MP -MF"noos/drivers/rf-transceiver/ad9361/ad9361_api.d" -MT"noos/drivers/rf-transceiver/ad9361/ad9361_api.o" -o "noos/drivers/rf-transceiver/ad9361/ad9361_api.o" "../noos/drivers/rf-transceiver/ad9361/ad9361_api.c"
Finished building: ../noos/drivers/rf-transceiver/ad9361/ad9361_api.c
 
Building file: ../noos/drivers/rf-transceiver/ad9361/ad9361_conv.c
Invoking: ARM v7 gcc compiler
arm-none-eabi-gcc -DDISABLE_SECURE_SOCKET -DNO_OS_PROJECT=ad9361 -DNO_OS_VERSION=tags/last_commit-7eda53e3d -DXILINX_PLATFORM -Wall -O0 -g3 -I/home/bharathwaj/Research/fpgaStuff/xilinx/softwareDefinedRadio/WhiteShark/zedBaremetalSoftware/app/ad9361/src/ -I/home/bharathwaj/Research/fpgaStuff/xilinx/softwareDefinedRadio/WhiteShark/zedBaremetalSoftware/app/noos/drivers/axi_core/axi_adc_core/ -I/home/bharathwaj/Research/fpgaStuff/xilinx/softwareDefinedRadio/WhiteShark/zedBaremetalSoftware/app/noos/drivers/axi_core/axi_dac_core/ -I/home/bharathwaj/Research/fpgaStuff/xilinx/softwareDefinedRadio/WhiteShark/zedBaremetalSoftware/app/noos/drivers/axi_core/axi_dmac/ -I/home/bharathwaj/Research/fpgaStuff/xilinx/softwareDefinedRadio/WhiteShark/zedBaremetalSoftware/app/noos/drivers/axi_core/axi_sysid/ -I/home/bharathwaj/Research/fpgaStuff/xilinx/softwareDefinedRadio/WhiteShark/zedBaremetalSoftware/app/noos/drivers/platform/xilinx/ -I/home/bharathwaj/Research/fpgaStuff/xilinx/softwareDefinedRadio/WhiteShark/zedBaremetalSoftware/app/noos/drivers/rf-transceiver/ad9361/ -I/home/bharathwaj/Research/fpgaStuff/xilinx/softwareDefinedRadio/WhiteShark/zedBaremetalSoftware/app/noos/include -c -fmessage-length=0 -MT"noos/drivers/rf-transceiver/ad9361/ad9361_conv.o" -mcpu=cortex-a9 -mfpu=vfpv3 -mfloat-abi=hard -I/home/bharathwaj/Research/fpgaStuff/xilinx/softwareDefinedRadio/WhiteShark/zedBaremetalSoftware/system_top/export/system_top/sw/system_top/standalone_domain/bspinclude/include -MMD -MP -MF"noos/drivers/rf-transceiver/ad9361/ad9361_conv.d" -MT"noos/drivers/rf-transceiver/ad9361/ad9361_conv.o" -o "noos/drivers/rf-transceiver/ad9361/ad9361_conv.o" "../noos/drivers/rf-transceiver/ad9361/ad9361_conv.c"
Finished building: ../noos/drivers/rf-transceiver/ad9361/ad9361_conv.c
 
Building file: ../noos/drivers/rf-transceiver/ad9361/ad9361_util.c
Invoking: ARM v7 gcc compiler
arm-none-eabi-gcc -DDISABLE_SECURE_SOCKET -DNO_OS_PROJECT=ad9361 -DNO_OS_VERSION=tags/last_commit-7eda53e3d -DXILINX_PLATFORM -Wall -O0 -g3 -I/home/bharathwaj/Research/fpgaStuff/xilinx/softwareDefinedRadio/WhiteShark/zedBaremetalSoftware/app/ad9361/src/ -I/home/bharathwaj/Research/fpgaStuff/xilinx/softwareDefinedRadio/WhiteShark/zedBaremetalSoftware/app/noos/drivers/axi_core/axi_adc_core/ -I/home/bharathwaj/Research/fpgaStuff/xilinx/softwareDefinedRadio/WhiteShark/zedBaremetalSoftware/app/noos/drivers/axi_core/axi_dac_core/ -I/home/bharathwaj/Research/fpgaStuff/xilinx/softwareDefinedRadio/WhiteShark/zedBaremetalSoftware/app/noos/drivers/axi_core/axi_dmac/ -I/home/bharathwaj/Research/fpgaStuff/xilinx/softwareDefinedRadio/WhiteShark/zedBaremetalSoftware/app/noos/drivers/axi_core/axi_sysid/ -I/home/bharathwaj/Research/fpgaStuff/xilinx/softwareDefinedRadio/WhiteShark/zedBaremetalSoftware/app/noos/drivers/platform/xilinx/ -I/home/bharathwaj/Research/fpgaStuff/xilinx/softwareDefinedRadio/WhiteShark/zedBaremetalSoftware/app/noos/drivers/rf-transceiver/ad9361/ -I/home/bharathwaj/Research/fpgaStuff/xilinx/softwareDefinedRadio/WhiteShark/zedBaremetalSoftware/app/noos/include -c -fmessage-length=0 -MT"noos/drivers/rf-transceiver/ad9361/ad9361_util.o" -mcpu=cortex-a9 -mfpu=vfpv3 -mfloat-abi=hard -I/home/bharathwaj/Research/fpgaStuff/xilinx/softwareDefinedRadio/WhiteShark/zedBaremetalSoftware/system_top/export/system_top/sw/system_top/standalone_domain/bspinclude/include -MMD -MP -MF"noos/drivers/rf-transceiver/ad9361/ad9361_util.d" -MT"noos/drivers/rf-transceiver/ad9361/ad9361_util.o" -o "noos/drivers/rf-transceiver/ad9361/ad9361_util.o" "../noos/drivers/rf-transceiver/ad9361/ad9361_util.c"
Finished building: ../noos/drivers/rf-transceiver/ad9361/ad9361_util.c
 
Building file: ../noos/drivers/platform/xilinx/xilinx_axi_io.c
Invoking: ARM v7 gcc compiler
arm-none-eabi-gcc -DDISABLE_SECURE_SOCKET -DNO_OS_PROJECT=ad9361 -DNO_OS_VERSION=tags/last_commit-7eda53e3d -DXILINX_PLATFORM -Wall -O0 -g3 -I/home/bharathwaj/Research/fpgaStuff/xilinx/softwareDefinedRadio/WhiteShark/zedBaremetalSoftware/app/ad9361/src/ -I/home/bharathwaj/Research/fpgaStuff/xilinx/softwareDefinedRadio/WhiteShark/zedBaremetalSoftware/app/noos/drivers/axi_core/axi_adc_core/ -I/home/bharathwaj/Research/fpgaStuff/xilinx/softwareDefinedRadio/WhiteShark/zedBaremetalSoftware/app/noos/drivers/axi_core/axi_dac_core/ -I/home/bharathwaj/Research/fpgaStuff/xilinx/softwareDefinedRadio/WhiteShark/zedBaremetalSoftware/app/noos/drivers/axi_core/axi_dmac/ -I/home/bharathwaj/Research/fpgaStuff/xilinx/softwareDefinedRadio/WhiteShark/zedBaremetalSoftware/app/noos/drivers/axi_core/axi_sysid/ -I/home/bharathwaj/Research/fpgaStuff/xilinx/softwareDefinedRadio/WhiteShark/zedBaremetalSoftware/app/noos/drivers/platform/xilinx/ -I/home/bharathwaj/Research/fpgaStuff/xilinx/softwareDefinedRadio/WhiteShark/zedBaremetalSoftware/app/noos/drivers/rf-transceiver/ad9361/ -I/home/bharathwaj/Research/fpgaStuff/xilinx/softwareDefinedRadio/WhiteShark/zedBaremetalSoftware/app/noos/include -c -fmessage-length=0 -MT"noos/drivers/platform/xilinx/xilinx_axi_io.o" -mcpu=cortex-a9 -mfpu=vfpv3 -mfloat-abi=hard -I/home/bharathwaj/Research/fpgaStuff/xilinx/softwareDefinedRadio/WhiteShark/zedBaremetalSoftware/system_top/export/system_top/sw/system_top/standalone_domain/bspinclude/include -MMD -MP -MF"noos/drivers/platform/xilinx/xilinx_axi_io.d" -MT"noos/drivers/platform/xilinx/xilinx_axi_io.o" -o "noos/drivers/platform/xilinx/xilinx_axi_io.o" "../noos/drivers/platform/xilinx/xilinx_axi_io.c"
Finished building: ../noos/drivers/platform/xilinx/xilinx_axi_io.c
 
Building file: ../noos/drivers/platform/xilinx/xilinx_delay.c
Invoking: ARM v7 gcc compiler
arm-none-eabi-gcc -DDISABLE_SECURE_SOCKET -DNO_OS_PROJECT=ad9361 -DNO_OS_VERSION=tags/last_commit-7eda53e3d -DXILINX_PLATFORM -Wall -O0 -g3 -I/home/bharathwaj/Research/fpgaStuff/xilinx/softwareDefinedRadio/WhiteShark/zedBaremetalSoftware/app/ad9361/src/ -I/home/bharathwaj/Research/fpgaStuff/xilinx/softwareDefinedRadio/WhiteShark/zedBaremetalSoftware/app/noos/drivers/axi_core/axi_adc_core/ -I/home/bharathwaj/Research/fpgaStuff/xilinx/softwareDefinedRadio/WhiteShark/zedBaremetalSoftware/app/noos/drivers/axi_core/axi_dac_core/ -I/home/bharathwaj/Research/fpgaStuff/xilinx/softwareDefinedRadio/WhiteShark/zedBaremetalSoftware/app/noos/drivers/axi_core/axi_dmac/ -I/home/bharathwaj/Research/fpgaStuff/xilinx/softwareDefinedRadio/WhiteShark/zedBaremetalSoftware/app/noos/drivers/axi_core/axi_sysid/ -I/home/bharathwaj/Research/fpgaStuff/xilinx/softwareDefinedRadio/WhiteShark/zedBaremetalSoftware/app/noos/drivers/platform/xilinx/ -I/home/bharathwaj/Research/fpgaStuff/xilinx/softwareDefinedRadio/WhiteShark/zedBaremetalSoftware/app/noos/drivers/rf-transceiver/ad9361/ -I/home/bharathwaj/Research/fpgaStuff/xilinx/softwareDefinedRadio/WhiteShark/zedBaremetalSoftware/app/noos/include -c -fmessage-length=0 -MT"noos/drivers/platform/xilinx/xilinx_delay.o" -mcpu=cortex-a9 -mfpu=vfpv3 -mfloat-abi=hard -I/home/bharathwaj/Research/fpgaStuff/xilinx/softwareDefinedRadio/WhiteShark/zedBaremetalSoftware/system_top/export/system_top/sw/system_top/standalone_domain/bspinclude/include -MMD -MP -MF"noos/drivers/platform/xilinx/xilinx_delay.d" -MT"noos/drivers/platform/xilinx/xilinx_delay.o" -o "noos/drivers/platform/xilinx/xilinx_delay.o" "../noos/drivers/platform/xilinx/xilinx_delay.c"
Finished building: ../noos/drivers/platform/xilinx/xilinx_delay.c
 
Building file: ../noos/drivers/platform/xilinx/xilinx_gpio.c
Invoking: ARM v7 gcc compiler
arm-none-eabi-gcc -DDISABLE_SECURE_SOCKET -DNO_OS_PROJECT=ad9361 -DNO_OS_VERSION=tags/last_commit-7eda53e3d -DXILINX_PLATFORM -Wall -O0 -g3 -I/home/bharathwaj/Research/fpgaStuff/xilinx/softwareDefinedRadio/WhiteShark/zedBaremetalSoftware/app/ad9361/src/ -I/home/bharathwaj/Research/fpgaStuff/xilinx/softwareDefinedRadio/WhiteShark/zedBaremetalSoftware/app/noos/drivers/axi_core/axi_adc_core/ -I/home/bharathwaj/Research/fpgaStuff/xilinx/softwareDefinedRadio/WhiteShark/zedBaremetalSoftware/app/noos/drivers/axi_core/axi_dac_core/ -I/home/bharathwaj/Research/fpgaStuff/xilinx/softwareDefinedRadio/WhiteShark/zedBaremetalSoftware/app/noos/drivers/axi_core/axi_dmac/ -I/home/bharathwaj/Research/fpgaStuff/xilinx/softwareDefinedRadio/WhiteShark/zedBaremetalSoftware/app/noos/drivers/axi_core/axi_sysid/ -I/home/bharathwaj/Research/fpgaStuff/xilinx/softwareDefinedRadio/WhiteShark/zedBaremetalSoftware/app/noos/drivers/platform/xilinx/ -I/home/bharathwaj/Research/fpgaStuff/xilinx/softwareDefinedRadio/WhiteShark/zedBaremetalSoftware/app/noos/drivers/rf-transceiver/ad9361/ -I/home/bharathwaj/Research/fpgaStuff/xilinx/softwareDefinedRadio/WhiteShark/zedBaremetalSoftware/app/noos/include -c -fmessage-length=0 -MT"noos/drivers/platform/xilinx/xilinx_gpio.o" -mcpu=cortex-a9 -mfpu=vfpv3 -mfloat-abi=hard -I/home/bharathwaj/Research/fpgaStuff/xilinx/softwareDefinedRadio/WhiteShark/zedBaremetalSoftware/system_top/export/system_top/sw/system_top/standalone_domain/bspinclude/include -MMD -MP -MF"noos/drivers/platform/xilinx/xilinx_gpio.d" -MT"noos/drivers/platform/xilinx/xilinx_gpio.o" -o "noos/drivers/platform/xilinx/xilinx_gpio.o" "../noos/drivers/platform/xilinx/xilinx_gpio.c"
Finished building: ../noos/drivers/platform/xilinx/xilinx_gpio.c
 
Building file: ../noos/drivers/platform/xilinx/xilinx_irq.c
Invoking: ARM v7 gcc compiler
arm-none-eabi-gcc -DDISABLE_SECURE_SOCKET -DNO_OS_PROJECT=ad9361 -DNO_OS_VERSION=tags/last_commit-7eda53e3d -DXILINX_PLATFORM -Wall -O0 -g3 -I/home/bharathwaj/Research/fpgaStuff/xilinx/softwareDefinedRadio/WhiteShark/zedBaremetalSoftware/app/ad9361/src/ -I/home/bharathwaj/Research/fpgaStuff/xilinx/softwareDefinedRadio/WhiteShark/zedBaremetalSoftware/app/noos/drivers/axi_core/axi_adc_core/ -I/home/bharathwaj/Research/fpgaStuff/xilinx/softwareDefinedRadio/WhiteShark/zedBaremetalSoftware/app/noos/drivers/axi_core/axi_dac_core/ -I/home/bharathwaj/Research/fpgaStuff/xilinx/softwareDefinedRadio/WhiteShark/zedBaremetalSoftware/app/noos/drivers/axi_core/axi_dmac/ -I/home/bharathwaj/Research/fpgaStuff/xilinx/softwareDefinedRadio/WhiteShark/zedBaremetalSoftware/app/noos/drivers/axi_core/axi_sysid/ -I/home/bharathwaj/Research/fpgaStuff/xilinx/softwareDefinedRadio/WhiteShark/zedBaremetalSoftware/app/noos/drivers/platform/xilinx/ -I/home/bharathwaj/Research/fpgaStuff/xilinx/softwareDefinedRadio/WhiteShark/zedBaremetalSoftware/app/noos/drivers/rf-transceiver/ad9361/ -I/home/bharathwaj/Research/fpgaStuff/xilinx/softwareDefinedRadio/WhiteShark/zedBaremetalSoftware/app/noos/include -c -fmessage-length=0 -MT"noos/drivers/platform/xilinx/xilinx_irq.o" -mcpu=cortex-a9 -mfpu=vfpv3 -mfloat-abi=hard -I/home/bharathwaj/Research/fpgaStuff/xilinx/softwareDefinedRadio/WhiteShark/zedBaremetalSoftware/system_top/export/system_top/sw/system_top/standalone_domain/bspinclude/include -MMD -MP -MF"noos/drivers/platform/xilinx/xilinx_irq.d" -MT"noos/drivers/platform/xilinx/xilinx_irq.o" -o "noos/drivers/platform/xilinx/xilinx_irq.o" "../noos/drivers/platform/xilinx/xilinx_irq.c"
Finished building: ../noos/drivers/platform/xilinx/xilinx_irq.c
 
Building file: ../noos/drivers/platform/xilinx/xilinx_spi.c
Invoking: ARM v7 gcc compiler
arm-none-eabi-gcc -DDISABLE_SECURE_SOCKET -DNO_OS_PROJECT=ad9361 -DNO_OS_VERSION=tags/last_commit-7eda53e3d -DXILINX_PLATFORM -Wall -O0 -g3 -I/home/bharathwaj/Research/fpgaStuff/xilinx/softwareDefinedRadio/WhiteShark/zedBaremetalSoftware/app/ad9361/src/ -I/home/bharathwaj/Research/fpgaStuff/xilinx/softwareDefinedRadio/WhiteShark/zedBaremetalSoftware/app/noos/drivers/axi_core/axi_adc_core/ -I/home/bharathwaj/Research/fpgaStuff/xilinx/softwareDefinedRadio/WhiteShark/zedBaremetalSoftware/app/noos/drivers/axi_core/axi_dac_core/ -I/home/bharathwaj/Research/fpgaStuff/xilinx/softwareDefinedRadio/WhiteShark/zedBaremetalSoftware/app/noos/drivers/axi_core/axi_dmac/ -I/home/bharathwaj/Research/fpgaStuff/xilinx/softwareDefinedRadio/WhiteShark/zedBaremetalSoftware/app/noos/drivers/axi_core/axi_sysid/ -I/home/bharathwaj/Research/fpgaStuff/xilinx/softwareDefinedRadio/WhiteShark/zedBaremetalSoftware/app/noos/drivers/platform/xilinx/ -I/home/bharathwaj/Research/fpgaStuff/xilinx/softwareDefinedRadio/WhiteShark/zedBaremetalSoftware/app/noos/drivers/rf-transceiver/ad9361/ -I/home/bharathwaj/Research/fpgaStuff/xilinx/softwareDefinedRadio/WhiteShark/zedBaremetalSoftware/app/noos/include -c -fmessage-length=0 -MT"noos/drivers/platform/xilinx/xilinx_spi.o" -mcpu=cortex-a9 -mfpu=vfpv3 -mfloat-abi=hard -I/home/bharathwaj/Research/fpgaStuff/xilinx/softwareDefinedRadio/WhiteShark/zedBaremetalSoftware/system_top/export/system_top/sw/system_top/standalone_domain/bspinclude/include -MMD -MP -MF"noos/drivers/platform/xilinx/xilinx_spi.d" -MT"noos/drivers/platform/xilinx/xilinx_spi.o" -o "noos/drivers/platform/xilinx/xilinx_spi.o" "../noos/drivers/platform/xilinx/xilinx_spi.c"
../noos/drivers/platform/xilinx/xilinx_spi.c:63:2: warning: #warning SPI delays are not supported on the xilinx platform [-Wcpp]
   63 | #warning SPI delays are not supported on the xilinx platform
      |  ^~~~~~~
Finished building: ../noos/drivers/platform/xilinx/xilinx_spi.c
 
Building file: ../noos/drivers/axi_core/axi_sysid/axi_sysid.c
Invoking: ARM v7 gcc compiler
arm-none-eabi-gcc -DDISABLE_SECURE_SOCKET -DNO_OS_PROJECT=ad9361 -DNO_OS_VERSION=tags/last_commit-7eda53e3d -DXILINX_PLATFORM -Wall -O0 -g3 -I/home/bharathwaj/Research/fpgaStuff/xilinx/softwareDefinedRadio/WhiteShark/zedBaremetalSoftware/app/ad9361/src/ -I/home/bharathwaj/Research/fpgaStuff/xilinx/softwareDefinedRadio/WhiteShark/zedBaremetalSoftware/app/noos/drivers/axi_core/axi_adc_core/ -I/home/bharathwaj/Research/fpgaStuff/xilinx/softwareDefinedRadio/WhiteShark/zedBaremetalSoftware/app/noos/drivers/axi_core/axi_dac_core/ -I/home/bharathwaj/Research/fpgaStuff/xilinx/softwareDefinedRadio/WhiteShark/zedBaremetalSoftware/app/noos/drivers/axi_core/axi_dmac/ -I/home/bharathwaj/Research/fpgaStuff/xilinx/softwareDefinedRadio/WhiteShark/zedBaremetalSoftware/app/noos/drivers/axi_core/axi_sysid/ -I/home/bharathwaj/Research/fpgaStuff/xilinx/softwareDefinedRadio/WhiteShark/zedBaremetalSoftware/app/noos/drivers/platform/xilinx/ -I/home/bharathwaj/Research/fpgaStuff/xilinx/softwareDefinedRadio/WhiteShark/zedBaremetalSoftware/app/noos/drivers/rf-transceiver/ad9361/ -I/home/bharathwaj/Research/fpgaStuff/xilinx/softwareDefinedRadio/WhiteShark/zedBaremetalSoftware/app/noos/include -c -fmessage-length=0 -MT"noos/drivers/axi_core/axi_sysid/axi_sysid.o" -mcpu=cortex-a9 -mfpu=vfpv3 -mfloat-abi=hard -I/home/bharathwaj/Research/fpgaStuff/xilinx/softwareDefinedRadio/WhiteShark/zedBaremetalSoftware/system_top/export/system_top/sw/system_top/standalone_domain/bspinclude/include -MMD -MP -MF"noos/drivers/axi_core/axi_sysid/axi_sysid.d" -MT"noos/drivers/axi_core/axi_sysid/axi_sysid.o" -o "noos/drivers/axi_core/axi_sysid/axi_sysid.o" "../noos/drivers/axi_core/axi_sysid/axi_sysid.c"
In file included from ../noos/drivers/axi_core/axi_sysid/axi_sysid.c:41:
../noos/drivers/axi_core/axi_sysid/axi_sysid.c: In function 'axi_sysid_validate':
/home/bharathwaj/Research/fpgaStuff/xilinx/softwareDefinedRadio/WhiteShark/zedBaremetalSoftware/app/noos/include/no_os_print_log.h:90:9: warning: format '%d' expects argument of type 'int', but argument 5 has type 'uint32_t' {aka 'long unsigned int'} [-Wformat=]
   90 |  printf("ERR: %s:%d:%s(): " fmt, __FILE__, __LINE__, __func__, ##args); \
      |         ^~~~~~~~~~~~~~~~~~~
../noos/drivers/axi_core/axi_sysid/axi_sysid.c:185:3: note: in expansion of macro 'pr_err'
  185 |   pr_err("system ID header version mismatch. Expected %d, Reported %d\n",
      |   ^~~~~~
/home/bharathwaj/Research/fpgaStuff/xilinx/softwareDefinedRadio/WhiteShark/zedBaremetalSoftware/app/noos/include/no_os_print_log.h:90:9: warning: format '%d' expects argument of type 'int', but argument 6 has type 'uint32_t' {aka 'long unsigned int'} [-Wformat=]
   90 |  printf("ERR: %s:%d:%s(): " fmt, __FILE__, __LINE__, __func__, ##args); \
      |         ^~~~~~~~~~~~~~~~~~~
../noos/drivers/axi_core/axi_sysid/axi_sysid.c:185:3: note: in expansion of macro 'pr_err'
  185 |   pr_err("system ID header version mismatch. Expected %d, Reported %d\n",
      |   ^~~~~~
Finished building: ../noos/drivers/axi_core/axi_sysid/axi_sysid.c
 
Building file: ../noos/drivers/axi_core/axi_dmac/axi_dmac.c
Invoking: ARM v7 gcc compiler
arm-none-eabi-gcc -DDISABLE_SECURE_SOCKET -DNO_OS_PROJECT=ad9361 -DNO_OS_VERSION=tags/last_commit-7eda53e3d -DXILINX_PLATFORM -Wall -O0 -g3 -I/home/bharathwaj/Research/fpgaStuff/xilinx/softwareDefinedRadio/WhiteShark/zedBaremetalSoftware/app/ad9361/src/ -I/home/bharathwaj/Research/fpgaStuff/xilinx/softwareDefinedRadio/WhiteShark/zedBaremetalSoftware/app/noos/drivers/axi_core/axi_adc_core/ -I/home/bharathwaj/Research/fpgaStuff/xilinx/softwareDefinedRadio/WhiteShark/zedBaremetalSoftware/app/noos/drivers/axi_core/axi_dac_core/ -I/home/bharathwaj/Research/fpgaStuff/xilinx/softwareDefinedRadio/WhiteShark/zedBaremetalSoftware/app/noos/drivers/axi_core/axi_dmac/ -I/home/bharathwaj/Research/fpgaStuff/xilinx/softwareDefinedRadio/WhiteShark/zedBaremetalSoftware/app/noos/drivers/axi_core/axi_sysid/ -I/home/bharathwaj/Research/fpgaStuff/xilinx/softwareDefinedRadio/WhiteShark/zedBaremetalSoftware/app/noos/drivers/platform/xilinx/ -I/home/bharathwaj/Research/fpgaStuff/xilinx/softwareDefinedRadio/WhiteShark/zedBaremetalSoftware/app/noos/drivers/rf-transceiver/ad9361/ -I/home/bharathwaj/Research/fpgaStuff/xilinx/softwareDefinedRadio/WhiteShark/zedBaremetalSoftware/app/noos/include -c -fmessage-length=0 -MT"noos/drivers/axi_core/axi_dmac/axi_dmac.o" -mcpu=cortex-a9 -mfpu=vfpv3 -mfloat-abi=hard -I/home/bharathwaj/Research/fpgaStuff/xilinx/softwareDefinedRadio/WhiteShark/zedBaremetalSoftware/system_top/export/system_top/sw/system_top/standalone_domain/bspinclude/include -MMD -MP -MF"noos/drivers/axi_core/axi_dmac/axi_dmac.d" -MT"noos/drivers/axi_core/axi_dmac/axi_dmac.o" -o "noos/drivers/axi_core/axi_dmac/axi_dmac.o" "../noos/drivers/axi_core/axi_dmac/axi_dmac.c"
Finished building: ../noos/drivers/axi_core/axi_dmac/axi_dmac.c
 
Building file: ../noos/drivers/axi_core/axi_dac_core/axi_dac_core.c
Invoking: ARM v7 gcc compiler
arm-none-eabi-gcc -DDISABLE_SECURE_SOCKET -DNO_OS_PROJECT=ad9361 -DNO_OS_VERSION=tags/last_commit-7eda53e3d -DXILINX_PLATFORM -Wall -O0 -g3 -I/home/bharathwaj/Research/fpgaStuff/xilinx/softwareDefinedRadio/WhiteShark/zedBaremetalSoftware/app/ad9361/src/ -I/home/bharathwaj/Research/fpgaStuff/xilinx/softwareDefinedRadio/WhiteShark/zedBaremetalSoftware/app/noos/drivers/axi_core/axi_adc_core/ -I/home/bharathwaj/Research/fpgaStuff/xilinx/softwareDefinedRadio/WhiteShark/zedBaremetalSoftware/app/noos/drivers/axi_core/axi_dac_core/ -I/home/bharathwaj/Research/fpgaStuff/xilinx/softwareDefinedRadio/WhiteShark/zedBaremetalSoftware/app/noos/drivers/axi_core/axi_dmac/ -I/home/bharathwaj/Research/fpgaStuff/xilinx/softwareDefinedRadio/WhiteShark/zedBaremetalSoftware/app/noos/drivers/axi_core/axi_sysid/ -I/home/bharathwaj/Research/fpgaStuff/xilinx/softwareDefinedRadio/WhiteShark/zedBaremetalSoftware/app/noos/drivers/platform/xilinx/ -I/home/bharathwaj/Research/fpgaStuff/xilinx/softwareDefinedRadio/WhiteShark/zedBaremetalSoftware/app/noos/drivers/rf-transceiver/ad9361/ -I/home/bharathwaj/Research/fpgaStuff/xilinx/softwareDefinedRadio/WhiteShark/zedBaremetalSoftware/app/noos/include -c -fmessage-length=0 -MT"noos/drivers/axi_core/axi_dac_core/axi_dac_core.o" -mcpu=cortex-a9 -mfpu=vfpv3 -mfloat-abi=hard -I/home/bharathwaj/Research/fpgaStuff/xilinx/softwareDefinedRadio/WhiteShark/zedBaremetalSoftware/system_top/export/system_top/sw/system_top/standalone_domain/bspinclude/include -MMD -MP -MF"noos/drivers/axi_core/axi_dac_core/axi_dac_core.d" -MT"noos/drivers/axi_core/axi_dac_core/axi_dac_core.o" -o "noos/drivers/axi_core/axi_dac_core/axi_dac_core.o" "../noos/drivers/axi_core/axi_dac_core/axi_dac_core.c"
Finished building: ../noos/drivers/axi_core/axi_dac_core/axi_dac_core.c
 
Building file: ../noos/drivers/axi_core/axi_adc_core/axi_adc_core.c
Invoking: ARM v7 gcc compiler
arm-none-eabi-gcc -DDISABLE_SECURE_SOCKET -DNO_OS_PROJECT=ad9361 -DNO_OS_VERSION=tags/last_commit-7eda53e3d -DXILINX_PLATFORM -Wall -O0 -g3 -I/home/bharathwaj/Research/fpgaStuff/xilinx/softwareDefinedRadio/WhiteShark/zedBaremetalSoftware/app/ad9361/src/ -I/home/bharathwaj/Research/fpgaStuff/xilinx/softwareDefinedRadio/WhiteShark/zedBaremetalSoftware/app/noos/drivers/axi_core/axi_adc_core/ -I/home/bharathwaj/Research/fpgaStuff/xilinx/softwareDefinedRadio/WhiteShark/zedBaremetalSoftware/app/noos/drivers/axi_core/axi_dac_core/ -I/home/bharathwaj/Research/fpgaStuff/xilinx/softwareDefinedRadio/WhiteShark/zedBaremetalSoftware/app/noos/drivers/axi_core/axi_dmac/ -I/home/bharathwaj/Research/fpgaStuff/xilinx/softwareDefinedRadio/WhiteShark/zedBaremetalSoftware/app/noos/drivers/axi_core/axi_sysid/ -I/home/bharathwaj/Research/fpgaStuff/xilinx/softwareDefinedRadio/WhiteShark/zedBaremetalSoftware/app/noos/drivers/platform/xilinx/ -I/home/bharathwaj/Research/fpgaStuff/xilinx/softwareDefinedRadio/WhiteShark/zedBaremetalSoftware/app/noos/drivers/rf-transceiver/ad9361/ -I/home/bharathwaj/Research/fpgaStuff/xilinx/softwareDefinedRadio/WhiteShark/zedBaremetalSoftware/app/noos/include -c -fmessage-length=0 -MT"noos/drivers/axi_core/axi_adc_core/axi_adc_core.o" -mcpu=cortex-a9 -mfpu=vfpv3 -mfloat-abi=hard -I/home/bharathwaj/Research/fpgaStuff/xilinx/softwareDefinedRadio/WhiteShark/zedBaremetalSoftware/system_top/export/system_top/sw/system_top/standalone_domain/bspinclude/include -MMD -MP -MF"noos/drivers/axi_core/axi_adc_core/axi_adc_core.d" -MT"noos/drivers/axi_core/axi_adc_core/axi_adc_core.o" -o "noos/drivers/axi_core/axi_adc_core/axi_adc_core.o" "../noos/drivers/axi_core/axi_adc_core/axi_adc_core.c"
Finished building: ../noos/drivers/axi_core/axi_adc_core/axi_adc_core.c
 
Building file: ../noos/drivers/api/no_os_gpio.c
Invoking: ARM v7 gcc compiler
arm-none-eabi-gcc -DDISABLE_SECURE_SOCKET -DNO_OS_PROJECT=ad9361 -DNO_OS_VERSION=tags/last_commit-7eda53e3d -DXILINX_PLATFORM -Wall -O0 -g3 -I/home/bharathwaj/Research/fpgaStuff/xilinx/softwareDefinedRadio/WhiteShark/zedBaremetalSoftware/app/ad9361/src/ -I/home/bharathwaj/Research/fpgaStuff/xilinx/softwareDefinedRadio/WhiteShark/zedBaremetalSoftware/app/noos/drivers/axi_core/axi_adc_core/ -I/home/bharathwaj/Research/fpgaStuff/xilinx/softwareDefinedRadio/WhiteShark/zedBaremetalSoftware/app/noos/drivers/axi_core/axi_dac_core/ -I/home/bharathwaj/Research/fpgaStuff/xilinx/softwareDefinedRadio/WhiteShark/zedBaremetalSoftware/app/noos/drivers/axi_core/axi_dmac/ -I/home/bharathwaj/Research/fpgaStuff/xilinx/softwareDefinedRadio/WhiteShark/zedBaremetalSoftware/app/noos/drivers/axi_core/axi_sysid/ -I/home/bharathwaj/Research/fpgaStuff/xilinx/softwareDefinedRadio/WhiteShark/zedBaremetalSoftware/app/noos/drivers/platform/xilinx/ -I/home/bharathwaj/Research/fpgaStuff/xilinx/softwareDefinedRadio/WhiteShark/zedBaremetalSoftware/app/noos/drivers/rf-transceiver/ad9361/ -I/home/bharathwaj/Research/fpgaStuff/xilinx/softwareDefinedRadio/WhiteShark/zedBaremetalSoftware/app/noos/include -c -fmessage-length=0 -MT"noos/drivers/api/no_os_gpio.o" -mcpu=cortex-a9 -mfpu=vfpv3 -mfloat-abi=hard -I/home/bharathwaj/Research/fpgaStuff/xilinx/softwareDefinedRadio/WhiteShark/zedBaremetalSoftware/system_top/export/system_top/sw/system_top/standalone_domain/bspinclude/include -MMD -MP -MF"noos/drivers/api/no_os_gpio.d" -MT"noos/drivers/api/no_os_gpio.o" -o "noos/drivers/api/no_os_gpio.o" "../noos/drivers/api/no_os_gpio.c"
Finished building: ../noos/drivers/api/no_os_gpio.c
 
Building file: ../noos/drivers/api/no_os_irq.c
Invoking: ARM v7 gcc compiler
arm-none-eabi-gcc -DDISABLE_SECURE_SOCKET -DNO_OS_PROJECT=ad9361 -DNO_OS_VERSION=tags/last_commit-7eda53e3d -DXILINX_PLATFORM -Wall -O0 -g3 -I/home/bharathwaj/Research/fpgaStuff/xilinx/softwareDefinedRadio/WhiteShark/zedBaremetalSoftware/app/ad9361/src/ -I/home/bharathwaj/Research/fpgaStuff/xilinx/softwareDefinedRadio/WhiteShark/zedBaremetalSoftware/app/noos/drivers/axi_core/axi_adc_core/ -I/home/bharathwaj/Research/fpgaStuff/xilinx/softwareDefinedRadio/WhiteShark/zedBaremetalSoftware/app/noos/drivers/axi_core/axi_dac_core/ -I/home/bharathwaj/Research/fpgaStuff/xilinx/softwareDefinedRadio/WhiteShark/zedBaremetalSoftware/app/noos/drivers/axi_core/axi_dmac/ -I/home/bharathwaj/Research/fpgaStuff/xilinx/softwareDefinedRadio/WhiteShark/zedBaremetalSoftware/app/noos/drivers/axi_core/axi_sysid/ -I/home/bharathwaj/Research/fpgaStuff/xilinx/softwareDefinedRadio/WhiteShark/zedBaremetalSoftware/app/noos/drivers/platform/xilinx/ -I/home/bharathwaj/Research/fpgaStuff/xilinx/softwareDefinedRadio/WhiteShark/zedBaremetalSoftware/app/noos/drivers/rf-transceiver/ad9361/ -I/home/bharathwaj/Research/fpgaStuff/xilinx/softwareDefinedRadio/WhiteShark/zedBaremetalSoftware/app/noos/include -c -fmessage-length=0 -MT"noos/drivers/api/no_os_irq.o" -mcpu=cortex-a9 -mfpu=vfpv3 -mfloat-abi=hard -I/home/bharathwaj/Research/fpgaStuff/xilinx/softwareDefinedRadio/WhiteShark/zedBaremetalSoftware/system_top/export/system_top/sw/system_top/standalone_domain/bspinclude/include -MMD -MP -MF"noos/drivers/api/no_os_irq.d" -MT"noos/drivers/api/no_os_irq.o" -o "noos/drivers/api/no_os_irq.o" "../noos/drivers/api/no_os_irq.c"
Finished building: ../noos/drivers/api/no_os_irq.c
 
Building file: ../noos/drivers/api/no_os_spi.c
Invoking: ARM v7 gcc compiler
arm-none-eabi-gcc -DDISABLE_SECURE_SOCKET -DNO_OS_PROJECT=ad9361 -DNO_OS_VERSION=tags/last_commit-7eda53e3d -DXILINX_PLATFORM -Wall -O0 -g3 -I/home/bharathwaj/Research/fpgaStuff/xilinx/softwareDefinedRadio/WhiteShark/zedBaremetalSoftware/app/ad9361/src/ -I/home/bharathwaj/Research/fpgaStuff/xilinx/softwareDefinedRadio/WhiteShark/zedBaremetalSoftware/app/noos/drivers/axi_core/axi_adc_core/ -I/home/bharathwaj/Research/fpgaStuff/xilinx/softwareDefinedRadio/WhiteShark/zedBaremetalSoftware/app/noos/drivers/axi_core/axi_dac_core/ -I/home/bharathwaj/Research/fpgaStuff/xilinx/softwareDefinedRadio/WhiteShark/zedBaremetalSoftware/app/noos/drivers/axi_core/axi_dmac/ -I/home/bharathwaj/Research/fpgaStuff/xilinx/softwareDefinedRadio/WhiteShark/zedBaremetalSoftware/app/noos/drivers/axi_core/axi_sysid/ -I/home/bharathwaj/Research/fpgaStuff/xilinx/softwareDefinedRadio/WhiteShark/zedBaremetalSoftware/app/noos/drivers/platform/xilinx/ -I/home/bharathwaj/Research/fpgaStuff/xilinx/softwareDefinedRadio/WhiteShark/zedBaremetalSoftware/app/noos/drivers/rf-transceiver/ad9361/ -I/home/bharathwaj/Research/fpgaStuff/xilinx/softwareDefinedRadio/WhiteShark/zedBaremetalSoftware/app/noos/include -c -fmessage-length=0 -MT"noos/drivers/api/no_os_spi.o" -mcpu=cortex-a9 -mfpu=vfpv3 -mfloat-abi=hard -I/home/bharathwaj/Research/fpgaStuff/xilinx/softwareDefinedRadio/WhiteShark/zedBaremetalSoftware/system_top/export/system_top/sw/system_top/standalone_domain/bspinclude/include -MMD -MP -MF"noos/drivers/api/no_os_spi.d" -MT"noos/drivers/api/no_os_spi.o" -o "noos/drivers/api/no_os_spi.o" "../noos/drivers/api/no_os_spi.c"
Finished building: ../noos/drivers/api/no_os_spi.c
 
Building file: ../ad9361/src/main.c
Invoking: ARM v7 gcc compiler
arm-none-eabi-gcc -DDISABLE_SECURE_SOCKET -DNO_OS_PROJECT=ad9361 -DNO_OS_VERSION=tags/last_commit-7eda53e3d -DXILINX_PLATFORM -Wall -O0 -g3 -I/home/bharathwaj/Research/fpgaStuff/xilinx/softwareDefinedRadio/WhiteShark/zedBaremetalSoftware/app/ad9361/src/ -I/home/bharathwaj/Research/fpgaStuff/xilinx/softwareDefinedRadio/WhiteShark/zedBaremetalSoftware/app/noos/drivers/axi_core/axi_adc_core/ -I/home/bharathwaj/Research/fpgaStuff/xilinx/softwareDefinedRadio/WhiteShark/zedBaremetalSoftware/app/noos/drivers/axi_core/axi_dac_core/ -I/home/bharathwaj/Research/fpgaStuff/xilinx/softwareDefinedRadio/WhiteShark/zedBaremetalSoftware/app/noos/drivers/axi_core/axi_dmac/ -I/home/bharathwaj/Research/fpgaStuff/xilinx/softwareDefinedRadio/WhiteShark/zedBaremetalSoftware/app/noos/drivers/axi_core/axi_sysid/ -I/home/bharathwaj/Research/fpgaStuff/xilinx/softwareDefinedRadio/WhiteShark/zedBaremetalSoftware/app/noos/drivers/platform/xilinx/ -I/home/bharathwaj/Research/fpgaStuff/xilinx/softwareDefinedRadio/WhiteShark/zedBaremetalSoftware/app/noos/drivers/rf-transceiver/ad9361/ -I/home/bharathwaj/Research/fpgaStuff/xilinx/softwareDefinedRadio/WhiteShark/zedBaremetalSoftware/app/noos/include -c -fmessage-length=0 -MT"ad9361/src/main.o" -mcpu=cortex-a9 -mfpu=vfpv3 -mfloat-abi=hard -I/home/bharathwaj/Research/fpgaStuff/xilinx/softwareDefinedRadio/WhiteShark/zedBaremetalSoftware/system_top/export/system_top/sw/system_top/standalone_domain/bspinclude/include -MMD -MP -MF"ad9361/src/main.d" -MT"ad9361/src/main.o" -o "ad9361/src/main.o" "../ad9361/src/main.c"
../ad9361/src/main.c: In function 'main':
../ad9361/src/main.c:812:34: warning: format '%lx' expects argument of type 'long unsigned int', but argument 2 has type 'unsigned int' [-Wformat=]
  812 |  printf("DMA_EXAMPLE: address=%#lx samples=%lu channels=%u bits=%lu\n",
      |                               ~~~^
      |                                  |
      |                                  long unsigned int
      |                               %#x
  813 |         (uintptr_t)adc_buffer, NO_OS_ARRAY_SIZE(adc_buffer), rx_adc_init.num_channels,
      |         ~~~~~~~~~~~~~~~~~~~~~     
      |         |
      |         unsigned int
../ad9361/src/main.c:812:46: warning: format '%lu' expects argument of type 'long unsigned int', but argument 3 has type 'unsigned int' [-Wformat=]
  812 |  printf("DMA_EXAMPLE: address=%#lx samples=%lu channels=%u bits=%lu\n",
      |                                            ~~^
      |                                              |
      |                                              long unsigned int
      |                                            %u
../ad9361/src/main.c:812:67: warning: format '%lu' expects argument of type 'long unsigned int', but argument 5 has type 'unsigned int' [-Wformat=]
  812 |  printf("DMA_EXAMPLE: address=%#lx samples=%lu channels=%u bits=%lu\n",
      |                                                                 ~~^
      |                                                                   |
      |                                                                   long unsigned int
      |                                                                 %u
  813 |         (uintptr_t)adc_buffer, NO_OS_ARRAY_SIZE(adc_buffer), rx_adc_init.num_channels,
  814 |         8 * sizeof(adc_buffer[0]));
      |         ~~~~~~~~~~~~~~~~~~~~~~~~~                                  
      |         |
      |         unsigned int
../ad9361/src/main.c:661:11: warning: unused variable 'samples' [-Wunused-variable]
  661 |  uint32_t samples = 16384;
      |           ^~~~~~~
Finished building: ../ad9361/src/main.c
 
Building target: app.elf
Invoking: ARM v7 gcc linker
arm-none-eabi-gcc -mcpu=cortex-a9 -mfpu=vfpv3 -mfloat-abi=hard -Wl,-build-id=none -specs=Xilinx.spec -Wl,-T -Wl,../src/lscript.ld -L/home/bharathwaj/Research/fpgaStuff/xilinx/softwareDefinedRadio/WhiteShark/zedBaremetalSoftware/system_top/export/system_top/sw/system_top/standalone_domain/bsplib/lib -o "app.elf" ./noos/util/no_os_alloc.o ./noos/util/no_os_mutex.o ./noos/util/no_os_util.o  ./noos/drivers/rf-transceiver/ad9361/ad9361.o ./noos/drivers/rf-transceiver/ad9361/ad9361_api.o ./noos/drivers/rf-transceiver/ad9361/ad9361_conv.o ./noos/drivers/rf-transceiver/ad9361/ad9361_util.o  ./noos/drivers/platform/xilinx/xilinx_axi_io.o ./noos/drivers/platform/xilinx/xilinx_delay.o ./noos/drivers/platform/xilinx/xilinx_gpio.o ./noos/drivers/platform/xilinx/xilinx_irq.o ./noos/drivers/platform/xilinx/xilinx_spi.o  ./noos/drivers/axi_core/axi_sysid/axi_sysid.o  ./noos/drivers/axi_core/axi_dmac/axi_dmac.o  ./noos/drivers/axi_core/axi_dac_core/axi_dac_core.o  ./noos/drivers/axi_core/axi_adc_core/axi_adc_core.o  ./noos/drivers/api/no_os_gpio.o ./noos/drivers/api/no_os_irq.o ./noos/drivers/api/no_os_spi.o  ./ad9361/src/main.o   -Wl,--start-group,-lxil,-lgcc,-lc,--end-group
Finished building target: app.elf
 
Invoking: ARM v7 Print Size
arm-none-eabi-size app.elf  |tee "app.elf.size"
   text	   data	    bss	    dec	    hex	filename
 246002	   4966	1195120	1446088	 1610c8	app.elf
Finished building: app.elf.size
 
