#-----------------------------------------------------------
# Webtalk v2021.1 (64-bit)
# SW Build 3247384 on Thu Jun 10 19:36:07 MDT 2021
# IP Build 3246043 on Fri Jun 11 00:30:35 MDT 2021
# Start of session at: Sun Nov 17 10:04:02 2024
# Process ID: 106495
# Current directory: /home/bharathwaj/Research/fpgaStuff/xilinx/softwareDefinedRadio/WhiteShark/hdl/WaveformGenerators/triangle/syn/triangleZed/triangleZed.sim/sim_1/behav/xsim
# Command line: wbtcv -mode batch -source /home/bharathwaj/Research/fpgaStuff/xilinx/softwareDefinedRadio/WhiteShark/hdl/WaveformGenerators/triangle/syn/triangleZed/triangleZed.sim/sim_1/behav/xsim/xsim.dir/triangleZed_tb_behav/webtalk/xsim_webtalk.tcl -notrace
# Log file: /home/bharathwaj/Research/fpgaStuff/xilinx/softwareDefinedRadio/WhiteShark/hdl/WaveformGenerators/triangle/syn/triangleZed/triangleZed.sim/sim_1/behav/xsim/webtalk.log
# Journal file: /home/bharathwaj/Research/fpgaStuff/xilinx/softwareDefinedRadio/WhiteShark/hdl/WaveformGenerators/triangle/syn/triangleZed/triangleZed.sim/sim_1/behav/xsim/webtalk.jou
#-----------------------------------------------------------
source /home/bharathwaj/Research/fpgaStuff/xilinx/softwareDefinedRadio/WhiteShark/hdl/WaveformGenerators/triangle/syn/triangleZed/triangleZed.sim/sim_1/behav/xsim/xsim.dir/triangleZed_tb_behav/webtalk/xsim_webtalk.tcl -notrace
