#-----------------------------------------------------------
# Vivado v2021.1 (64-bit)
# SW Build 3247384 on Thu Jun 10 19:36:07 MDT 2021
# IP Build 3246043 on Fri Jun 11 00:30:35 MDT 2021
# Start of session at: Fri Nov 15 19:45:23 2024
# Process ID: 1485799
# Current directory: /home/bharathwaj/Research/fpgaStuff/xilinx/openWifiPacketFilter/WhiteShark/openwifi-hw/adi-hdl/projects/fmcomms2/zed
# Command line: vivado
# Log file: /home/bharathwaj/Research/fpgaStuff/xilinx/openWifiPacketFilter/WhiteShark/openwifi-hw/adi-hdl/projects/fmcomms2/zed/vivado.log
# Journal file: /home/bharathwaj/Research/fpgaStuff/xilinx/openWifiPacketFilter/WhiteShark/openwifi-hw/adi-hdl/projects/fmcomms2/zed/vivado.jou
#-----------------------------------------------------------
start_gui
open_project /home/bharathwaj/Research/fpgaStuff/xilinx/openWifiPacketFilter/WhiteShark/openwifi-hw/adi-hdl/projects/fmcomms2/zed/fmcomms2_zed.xpr
update_compile_order -fileset sources_1
open_bd_design {/home/bharathwaj/Research/fpgaStuff/xilinx/openWifiPacketFilter/WhiteShark/openwifi-hw/adi-hdl/projects/fmcomms2/zed/fmcomms2_zed.srcs/sources_1/bd/system/system.bd}
reset_run synth_1
reset_run system_axi_sysid_0_0_synth_1
reset_run system_rom_sys_0_0_synth_1
reset_run system_xbar_0_synth_1
reset_run system_axi_hp0_interconnect_0_synth_1
reset_run system_axi_ad9361_0_synth_1
reset_run system_util_ad9361_tdd_sync_0_synth_1
reset_run system_util_ad9361_divclk_sel_0_synth_1
reset_run system_util_ad9361_divclk_0_synth_1
reset_run system_util_ad9361_divclk_reset_0_synth_1
reset_run system_util_ad9361_adc_fifo_0_synth_1
reset_run system_util_ad9361_adc_pack_0_synth_1
reset_run system_axi_ad9361_adc_dma_0_synth_1
reset_run system_axi_ad9361_dac_fifo_0_synth_1
reset_run system_util_ad9361_dac_upack_0_synth_1
reset_run system_axi_ad9361_dac_dma_0_synth_1
reset_run system_axi_hp1_interconnect_0_synth_1
reset_run system_axi_hp2_interconnect_0_synth_1
reset_run system_auto_pc_0_synth_1
reset_run system_axi_hdmi_dma_0_synth_1
reset_run system_axi_spdif_tx_core_0_synth_1
reset_run system_axi_i2s_adi_0_synth_1
reset_run system_axi_iic_fmc_0_synth_1
