#-----------------------------------------------------------
# Vivado v2021.1 (64-bit)
# SW Build 3247384 on Thu Jun 10 19:36:07 MDT 2021
# IP Build 3246043 on Fri Jun 11 00:30:35 MDT 2021
# Start of session at: Wed Nov 13 19:53:04 2024
# Process ID: 1283248
# Current directory: /home/bharathwaj/Research/fpgaStuff/xilinx/openWifiPacketFilter/WhiteShark/fpga-drive-aximm-pcie/Vivado/pz_7z030_pcie/pz_7z030_pcie.runs/pz_7z030_pcie_rst_ps7_0_100M_0_synth_1
# Command line: vivado -log pz_7z030_pcie_rst_ps7_0_100M_0.vds -product Vivado -mode batch -messageDb vivado.pb -notrace -source pz_7z030_pcie_rst_ps7_0_100M_0.tcl
# Log file: /home/bharathwaj/Research/fpgaStuff/xilinx/openWifiPacketFilter/WhiteShark/fpga-drive-aximm-pcie/Vivado/pz_7z030_pcie/pz_7z030_pcie.runs/pz_7z030_pcie_rst_ps7_0_100M_0_synth_1/pz_7z030_pcie_rst_ps7_0_100M_0.vds
# Journal file: /home/bharathwaj/Research/fpgaStuff/xilinx/openWifiPacketFilter/WhiteShark/fpga-drive-aximm-pcie/Vivado/pz_7z030_pcie/pz_7z030_pcie.runs/pz_7z030_pcie_rst_ps7_0_100M_0_synth_1/vivado.jou
#-----------------------------------------------------------
source pz_7z030_pcie_rst_ps7_0_100M_0.tcl -notrace
