#-----------------------------------------------------------
# Vivado v2021.1 (64-bit)
# SW Build 3247384 on Thu Jun 10 19:36:07 MDT 2021
# IP Build 3246043 on Fri Jun 11 00:30:35 MDT 2021
# Start of session at: Sat Nov 16 07:54:15 2024
# Process ID: 1682100
# Current directory: /home/bharathwaj/Research/fpgaStuff/xilinx/softwareDefinedRadio/WhiteShark/adi_hdl/projects/fmcomms2/zed/fmcomms2_zed.runs/system_axi_sysid_0_0_synth_1
# Command line: vivado -log system_axi_sysid_0_0.vds -product Vivado -mode batch -messageDb vivado.pb -notrace -source system_axi_sysid_0_0.tcl
# Log file: /home/bharathwaj/Research/fpgaStuff/xilinx/softwareDefinedRadio/WhiteShark/adi_hdl/projects/fmcomms2/zed/fmcomms2_zed.runs/system_axi_sysid_0_0_synth_1/system_axi_sysid_0_0.vds
# Journal file: /home/bharathwaj/Research/fpgaStuff/xilinx/softwareDefinedRadio/WhiteShark/adi_hdl/projects/fmcomms2/zed/fmcomms2_zed.runs/system_axi_sysid_0_0_synth_1/vivado.jou
#-----------------------------------------------------------
source system_axi_sysid_0_0.tcl -notrace
